Archive member included to satisfy reference by file (symbol)

/Applications/ArmGNUToolchain/13.2.Rel1/arm-none-eabi/bin/../lib/gcc/arm-none-eabi/13.2.1/thumb/v7e-m/nofp/libgcc.a(_arm_muldf3.o)
                              CMakeFiles/motorcontrol.elf.dir/Core/Src/foc.c.obj (__aeabi_dmul)
/Applications/ArmGNUToolchain/13.2.Rel1/arm-none-eabi/bin/../lib/gcc/arm-none-eabi/13.2.1/thumb/v7e-m/nofp/libgcc.a(_arm_mulsf3.o)
                              CMakeFiles/motorcontrol.elf.dir/Core/Src/calibration.c.obj (__aeabi_fmul)
/Applications/ArmGNUToolchain/13.2.Rel1/arm-none-eabi/bin/../lib/gcc/arm-none-eabi/13.2.1/thumb/v7e-m/nofp/libgcc.a(_arm_addsubdf3.o)
                              CMakeFiles/motorcontrol.elf.dir/Core/Src/foc.c.obj (__aeabi_dadd)
/Applications/ArmGNUToolchain/13.2.Rel1/arm-none-eabi/bin/../lib/gcc/arm-none-eabi/13.2.1/thumb/v7e-m/nofp/libgcc.a(_arm_fixunsdfsi.o)
                              CMakeFiles/motorcontrol.elf.dir/Core/Src/calibration.c.obj (__aeabi_d2uiz)
/Applications/ArmGNUToolchain/13.2.Rel1/arm-none-eabi/bin/../lib/gcc/arm-none-eabi/13.2.1/thumb/v7e-m/nofp/libgcc.a(_arm_truncdfsf2.o)
                              CMakeFiles/motorcontrol.elf.dir/Core/Src/foc.c.obj (__aeabi_d2f)
/Applications/ArmGNUToolchain/13.2.Rel1/arm-none-eabi/bin/../lib/gcc/arm-none-eabi/13.2.1/thumb/v7e-m/nofp/libgcc.a(_arm_addsubsf3.o)
                              CMakeFiles/motorcontrol.elf.dir/Core/Src/calibration.c.obj (__aeabi_fsub)
/Applications/ArmGNUToolchain/13.2.Rel1/arm-none-eabi/bin/../lib/gcc/arm-none-eabi/13.2.1/thumb/v7e-m/nofp/libgcc.a(_arm_muldivsf3.o)
                              CMakeFiles/motorcontrol.elf.dir/Core/Src/calibration.c.obj (__aeabi_fdiv)
/Applications/ArmGNUToolchain/13.2.Rel1/arm-none-eabi/bin/../lib/gcc/arm-none-eabi/13.2.1/thumb/v7e-m/nofp/libgcc.a(_arm_cmpsf2.o)
                              CMakeFiles/motorcontrol.elf.dir/Core/Src/calibration.c.obj (__aeabi_fcmpeq)
/Applications/ArmGNUToolchain/13.2.Rel1/arm-none-eabi/bin/../lib/gcc/arm-none-eabi/13.2.1/thumb/v7e-m/nofp/libgcc.a(_arm_unordsf2.o)
                              CMakeFiles/motorcontrol.elf.dir/Core/Src/main.c.obj (__aeabi_fcmpun)
/Applications/ArmGNUToolchain/13.2.Rel1/arm-none-eabi/bin/../lib/gcc/arm-none-eabi/13.2.1/thumb/v7e-m/nofp/libgcc.a(_arm_fixsfsi.o)
                              CMakeFiles/motorcontrol.elf.dir/Core/Src/calibration.c.obj (__aeabi_f2iz)
/Applications/ArmGNUToolchain/13.2.Rel1/arm-none-eabi/bin/../lib/gcc/arm-none-eabi/13.2.1/thumb/v7e-m/nofp/libgcc.a(_arm_fixunssfsi.o)
                              CMakeFiles/motorcontrol.elf.dir/Core/Src/foc.c.obj (__aeabi_f2uiz)
/Applications/ArmGNUToolchain/13.2.Rel1/arm-none-eabi/bin/../lib/gcc/arm-none-eabi/13.2.1/thumb/v7e-m/nofp/libgcc.a(_aeabi_uldivmod.o)
                              CMakeFiles/motorcontrol.elf.dir/Drivers/STM32F4xx_HAL_Driver/Src/stm32f4xx_hal_rcc.c.obj (__aeabi_uldivmod)
/Applications/ArmGNUToolchain/13.2.Rel1/arm-none-eabi/bin/../lib/gcc/arm-none-eabi/13.2.1/thumb/v7e-m/nofp/libgcc.a(_udivmoddi4.o)
                              /Applications/ArmGNUToolchain/13.2.Rel1/arm-none-eabi/bin/../lib/gcc/arm-none-eabi/13.2.1/thumb/v7e-m/nofp/libgcc.a(_aeabi_uldivmod.o) (__udivmoddi4)
/Applications/ArmGNUToolchain/13.2.Rel1/arm-none-eabi/bin/../lib/gcc/arm-none-eabi/13.2.1/thumb/v7e-m/nofp/libgcc.a(_dvmd_tls.o)
                              /Applications/ArmGNUToolchain/13.2.Rel1/arm-none-eabi/bin/../lib/gcc/arm-none-eabi/13.2.1/thumb/v7e-m/nofp/libgcc.a(_aeabi_uldivmod.o) (__aeabi_ldiv0)
/Applications/ArmGNUToolchain/13.2.Rel1/arm-none-eabi/bin/../lib/gcc/arm-none-eabi/13.2.1/../../../../arm-none-eabi/lib/thumb/v7e-m/nofp/libc.a(libc_a-atof.o)
                              CMakeFiles/motorcontrol.elf.dir/Core/Src/fsm.c.obj (atof)
/Applications/ArmGNUToolchain/13.2.Rel1/arm-none-eabi/bin/../lib/gcc/arm-none-eabi/13.2.1/../../../../arm-none-eabi/lib/thumb/v7e-m/nofp/libc.a(libc_a-atoi.o)
                              CMakeFiles/motorcontrol.elf.dir/Core/Src/fsm.c.obj (atoi)
/Applications/ArmGNUToolchain/13.2.Rel1/arm-none-eabi/bin/../lib/gcc/arm-none-eabi/13.2.1/../../../../arm-none-eabi/lib/thumb/v7e-m/nofp/libc.a(libc_a-exit.o)
                              /Applications/ArmGNUToolchain/13.2.Rel1/arm-none-eabi/bin/../lib/gcc/arm-none-eabi/13.2.1/../../../../arm-none-eabi/lib/thumb/v7e-m/nofp/crt0.o (exit)
/Applications/ArmGNUToolchain/13.2.Rel1/arm-none-eabi/bin/../lib/gcc/arm-none-eabi/13.2.1/../../../../arm-none-eabi/lib/thumb/v7e-m/nofp/libc.a(libc_a-printf.o)
                              CMakeFiles/motorcontrol.elf.dir/Core/Src/calibration.c.obj (printf)
/Applications/ArmGNUToolchain/13.2.Rel1/arm-none-eabi/bin/../lib/gcc/arm-none-eabi/13.2.1/../../../../arm-none-eabi/lib/thumb/v7e-m/nofp/libc.a(libc_a-vfprintf.o)
                              /Applications/ArmGNUToolchain/13.2.Rel1/arm-none-eabi/bin/../lib/gcc/arm-none-eabi/13.2.1/../../../../arm-none-eabi/lib/thumb/v7e-m/nofp/libc.a(libc_a-printf.o) (_vfprintf_r)
[...]
Memory Configuration

Name             Origin             Length             Attributes
RAM              0x20000000         0x00020000         xrw
FLASH            0x08000000         0x00080000         xr
*default*        0x00000000         0xffffffff

Linker script and memory map

LOAD /Applications/ArmGNUToolchain/13.2.Rel1/arm-none-eabi/bin/../lib/gcc/arm-none-eabi/13.2.1/thumb/v7e-m/nofp/crti.o
LOAD /Applications/ArmGNUToolchain/13.2.Rel1/arm-none-eabi/bin/../lib/gcc/arm-none-eabi/13.2.1/thumb/v7e-m/nofp/crtbegin.o
LOAD /Applications/ArmGNUToolchain/13.2.Rel1/arm-none-eabi/bin/../lib/gcc/arm-none-eabi/13.2.1/../../../../arm-none-eabi/lib/thumb/v7e-m/nofp/crt0.o
LOAD CMakeFiles/motorcontrol.elf.dir/Core/Src/adc.c.obj
LOAD CMakeFiles/motorcontrol.elf.dir/Core/Src/calibration.c.obj
LOAD CMakeFiles/motorcontrol.elf.dir/Core/Src/can.c.obj
LOAD CMakeFiles/motorcontrol.elf.dir/Core/Src/drv8323.c.obj
LOAD CMakeFiles/motorcontrol.elf.dir/Core/Src/flash_writer.c.obj
LOAD CMakeFiles/motorcontrol.elf.dir/Core/Src/foc.c.obj
LOAD CMakeFiles/motorcontrol.elf.dir/Core/Src/fsm.c.obj
LOAD CMakeFiles/motorcontrol.elf.dir/Core/Src/gpio.c.obj
LOAD CMakeFiles/motorcontrol.elf.dir/Core/Src/main.c.obj
LOAD CMakeFiles/motorcontrol.elf.dir/Core/Src/math_ops.c.obj
LOAD CMakeFiles/motorcontrol.elf.dir/Core/Src/position_sensor.c.obj
LOAD CMakeFiles/motorcontrol.elf.dir/Core/Src/preference_writer.c.obj
LOAD CMakeFiles/motorcontrol.elf.dir/Core/Src/spi.c.obj
LOAD CMakeFiles/motorcontrol.elf.dir/Core/Src/stm32f4xx_flash.c.obj
LOAD CMakeFiles/motorcontrol.elf.dir/Core/Src/stm32f4xx_hal_msp.c.obj
LOAD CMakeFiles/motorcontrol.elf.dir/Core/Src/stm32f4xx_it.c.obj
LOAD CMakeFiles/motorcontrol.elf.dir/Core/Src/syscalls.c.obj
LOAD CMakeFiles/motorcontrol.elf.dir/Core/Src/sysmem.c.obj
LOAD CMakeFiles/motorcontrol.elf.dir/Core/Src/system_stm32f4xx.c.obj
LOAD CMakeFiles/motorcontrol.elf.dir/Core/Src/tim.c.obj
LOAD CMakeFiles/motorcontrol.elf.dir/Core/Src/usart.c.obj
LOAD CMakeFiles/motorcontrol.elf.dir/Core/Startup/startup_stm32f446retx.s.obj
LOAD CMakeFiles/motorcontrol.elf.dir/Drivers/STM32F4xx_HAL_Driver/Src/stm32f4xx_hal.c.obj
LOAD CMakeFiles/motorcontrol.elf.dir/Drivers/STM32F4xx_HAL_Driver/Src/stm32f4xx_hal_adc.c.obj
LOAD CMakeFiles/motorcontrol.elf.dir/Drivers/STM32F4xx_HAL_Driver/Src/stm32f4xx_hal_adc_ex.c.obj
LOAD CMakeFiles/motorcontrol.elf.dir/Drivers/STM32F4xx_HAL_Driver/Src/stm32f4xx_hal_can.c.obj
LOAD CMakeFiles/motorcontrol.elf.dir/Drivers/STM32F4xx_HAL_Driver/Src/stm32f4xx_hal_cortex.c.obj
LOAD CMakeFiles/motorcontrol.elf.dir/Drivers/STM32F4xx_HAL_Driver/Src/stm32f4xx_hal_dma.c.obj
LOAD CMakeFiles/motorcontrol.elf.dir/Drivers/STM32F4xx_HAL_Driver/Src/stm32f4xx_hal_dma_ex.c.obj
LOAD CMakeFiles/motorcontrol.elf.dir/Drivers/STM32F4xx_HAL_Driver/Src/stm32f4xx_hal_exti.c.obj
LOAD CMakeFiles/motorcontrol.elf.dir/Drivers/STM32F4xx_HAL_Driver/Src/stm32f4xx_hal_flash.c.obj
LOAD CMakeFiles/motorcontrol.elf.dir/Drivers/STM32F4xx_HAL_Driver/Src/stm32f4xx_hal_flash_ex.c.obj
LOAD CMakeFiles/motorcontrol.elf.dir/Drivers/STM32F4xx_HAL_Driver/Src/stm32f4xx_hal_flash_ramfunc.c.obj
LOAD CMakeFiles/motorcontrol.elf.dir/Drivers/STM32F4xx_HAL_Driver/Src/stm32f4xx_hal_gpio.c.obj
LOAD CMakeFiles/motorcontrol.elf.dir/Drivers/STM32F4xx_HAL_Driver/Src/stm32f4xx_hal_pwr.c.obj
LOAD CMakeFiles/motorcontrol.elf.dir/Drivers/STM32F4xx_HAL_Driver/Src/stm32f4xx_hal_pwr_ex.c.obj
LOAD CMakeFiles/motorcontrol.elf.dir/Drivers/STM32F4xx_HAL_Driver/Src/stm32f4xx_hal_rcc.c.obj
LOAD CMakeFiles/motorcontrol.elf.dir/Drivers/STM32F4xx_HAL_Driver/Src/stm32f4xx_hal_rcc_ex.c.obj
LOAD CMakeFiles/motorcontrol.elf.dir/Drivers/STM32F4xx_HAL_Driver/Src/stm32f4xx_hal_spi.c.obj
LOAD CMakeFiles/motorcontrol.elf.dir/Drivers/STM32F4xx_HAL_Driver/Src/stm32f4xx_hal_tim.c.obj
LOAD CMakeFiles/motorcontrol.elf.dir/Drivers/STM32F4xx_HAL_Driver/Src/stm32f4xx_hal_tim_ex.c.obj
LOAD CMakeFiles/motorcontrol.elf.dir/Drivers/STM32F4xx_HAL_Driver/Src/stm32f4xx_hal_uart.c.obj
LOAD CMakeFiles/motorcontrol.elf.dir/Drivers/STM32F4xx_HAL_Driver/Src/stm32f4xx_ll_adc.c.obj
START GROUP
LOAD /Applications/ArmGNUToolchain/13.2.Rel1/arm-none-eabi/bin/../lib/gcc/arm-none-eabi/13.2.1/thumb/v7e-m/nofp/libgcc.a
LOAD /Applications/ArmGNUToolchain/13.2.Rel1/arm-none-eabi/bin/../lib/gcc/arm-none-eabi/13.2.1/../../../../arm-none-eabi/lib/thumb/v7e-m/nofp/libc.a
END GROUP
LOAD /Applications/ArmGNUToolchain/13.2.Rel1/arm-none-eabi/bin/../lib/gcc/arm-none-eabi/13.2.1/thumb/v7e-m/nofp/crtend.o
LOAD /Applications/ArmGNUToolchain/13.2.Rel1/arm-none-eabi/bin/../lib/gcc/arm-none-eabi/13.2.1/thumb/v7e-m/nofp/crtn.o
                0x20020000                        _estack = (ORIGIN (RAM) + LENGTH (RAM))
                0x00000200                        _Min_Heap_Size = 0x200
                0x00000400                        _Min_Stack_Size = 0x400

.isr_vector     0x08000000      0x1c4
                0x08000000                        . = ALIGN (0x4)
 *(.isr_vector)
 .isr_vector    0x08000000      0x1c4 CMakeFiles/motorcontrol.elf.dir/Core/Startup/startup_stm32f446retx.s.obj
                0x08000000                g_pfnVectors
                0x080001c4                        . = ALIGN (0x4)

.text           0x08000200    0x10600
                0x08000200                        . = ALIGN (0x4)
 *(.text)
 .text          0x08000200      0x378 /Applications/ArmGNUToolchain/13.2.Rel1/arm-none-eabi/bin/../lib/gcc/arm-none-eabi/13.2.1/thumb/v7e-m/nofp/libgcc.a(_arm_addsubdf3.o)
                0x08000200                __aeabi_drsub
                0x08000208                __subdf3
                0x08000208                __aeabi_dsub
                0x0800020c                __aeabi_dadd
                0x0800020c                __adddf3
                0x08000484                __aeabi_ui2d
                0x08000484                __floatunsidf
                0x080004a4                __floatsidf
                0x080004a4                __aeabi_i2d
                0x080004c8                __extendsfdf2
                0x080004c8                __aeabi_f2d
                0x0800050c                __aeabi_ul2d
                0x0800050c                __floatundidf
                0x0800051c                __aeabi_l2d
                0x0800051c                __floatdidf
 .text          0x08000578       0x40 /Applications/ArmGNUToolchain/13.2.Rel1/arm-none-eabi/bin/../lib/gcc/arm-none-eabi/13.2.1/thumb/v7e-m/nofp/libgcc.a(_arm_fixunsdfsi.o)
                0x08000578                __fixunsdfsi
                0x08000578                __aeabi_d2uiz
 .text          0x080005b8       0xa0 /Applications/ArmGNUToolchain/13.2.Rel1/arm-none-eabi/bin/../lib/gcc/arm-none-eabi/13.2.1/thumb/v7e-m/nofp/libgcc.a(_arm_truncdfsf2.o)
                0x080005b8                __aeabi_d2f
                0x080005b8                __truncdfsf2
 .text          0x08000658      0x21c /Applications/ArmGNUToolchain/13.2.Rel1/arm-none-eabi/bin/../lib/gcc/arm-none-eabi/13.2.1/thumb/v7e-m/nofp/libgcc.a(_arm_addsubsf3.o)
                0x08000658                __aeabi_frsub
                0x08000660                __aeabi_fsub
                0x08000660                __subsf3
                0x08000664                __aeabi_fadd
                0x08000664                __addsf3
                0x080007c4                __aeabi_ui2f
                0x080007c4                __floatunsisf
                0x080007cc                __floatsisf
                0x080007cc                __aeabi_i2f
                0x080007e8                __aeabi_ul2f
                0x080007e8                __floatundisf
                0x080007f8                __aeabi_l2f
                0x080007f8                __floatdisf
 .text          0x08000874      0x2a0 /Applications/ArmGNUToolchain/13.2.Rel1/arm-none-eabi/bin/../lib/gcc/arm-none-eabi/13.2.1/thumb/v7e-m/nofp/libgcc.a(_arm_muldivsf3.o)
                0x08000874                __mulsf3
                0x08000874                __aeabi_fmul
                0x080009dc                __divsf3
                0x080009dc                __aeabi_fdiv
 .text          0x08000b14       0xec /Applications/ArmGNUToolchain/13.2.Rel1/arm-none-eabi/bin/../lib/gcc/arm-none-eabi/13.2.1/thumb/v7e-m/nofp/libgcc.a(_arm_cmpsf2.o)
                0x08000b14                __gesf2
                0x08000b14                __gtsf2
                0x08000b1c                __ltsf2
                0x08000b1c                __lesf2
                0x08000b24                __nesf2
                0x08000b24                __eqsf2
                0x08000b24                __cmpsf2
                0x08000b84                __aeabi_cfrcmple
                0x08000b8c                __aeabi_cfcmpeq
                0x08000b8c                __aeabi_cfcmple
                0x08000b9c                __aeabi_fcmpeq
                0x08000bb0                __aeabi_fcmplt
                0x08000bc4                __aeabi_fcmple
                0x08000bd8                __aeabi_fcmpge
                0x08000bec                __aeabi_fcmpgt
 .text          0x08000c00       0x2c /Applications/ArmGNUToolchain/13.2.Rel1/arm-none-eabi/bin/../lib/gcc/arm-none-eabi/13.2.1/thumb/v7e-m/nofp/libgcc.a(_arm_unordsf2.o)
                0x08000c00                __aeabi_fcmpun
                0x08000c00                __unordsf2
 .text          0x08000c2c       0x4c /Applications/ArmGNUToolchain/13.2.Rel1/arm-none-eabi/bin/../lib/gcc/arm-none-eabi/13.2.1/thumb/v7e-m/nofp/libgcc.a(_arm_fixsfsi.o)
                0x08000c2c                __fixsfsi
                0x08000c2c                __aeabi_f2iz
 .text          0x08000c78       0x40 /Applications/ArmGNUToolchain/13.2.Rel1/arm-none-eabi/bin/../lib/gcc/arm-none-eabi/13.2.1/thumb/v7e-m/nofp/libgcc.a(_arm_fixunssfsi.o)
                0x08000c78                __aeabi_f2uiz
                0x08000c78                __fixunssfsi
 .text          0x08000cb8       0x30 /Applications/ArmGNUToolchain/13.2.Rel1/arm-none-eabi/bin/../lib/gcc/arm-none-eabi/13.2.1/thumb/v7e-m/nofp/libgcc.a(_aeabi_uldivmod.o)
                0x08000cb8                __aeabi_uldivmod
 .text          0x08000ce8        0x4 /Applications/ArmGNUToolchain/13.2.Rel1/arm-none-eabi/bin/../lib/gcc/arm-none-eabi/13.2.1/thumb/v7e-m/nofp/libgcc.a(_dvmd_tls.o)
                0x08000ce8                __aeabi_ldiv0
                0x08000ce8                __aeabi_idiv0
 *fill*         0x08000cec        0x4 
 .text          0x08000cf0       0xa0 /Applications/ArmGNUToolchain/13.2.Rel1/arm-none-eabi/bin/../lib/gcc/arm-none-eabi/13.2.1/../../../../arm-none-eabi/lib/thumb/v7e-m/nofp/libc.a(libc_a-memchr.o)
                0x08000cf0                memchr
 .text          0x08000d90      0x134 /Applications/ArmGNUToolchain/13.2.Rel1/arm-none-eabi/bin/../lib/gcc/arm-none-eabi/13.2.1/../../../../arm-none-eabi/lib/thumb/v7e-m/nofp/libc.a(libc_a-memcpy.o)
                0x08000d90                memcpy
 *fill*         0x08000ec4       0x3c 
 .text          0x08000f00       0xd8 /Applications/ArmGNUToolchain/13.2.Rel1/arm-none-eabi/bin/../lib/gcc/arm-none-eabi/13.2.1/../../../../arm-none-eabi/lib/thumb/v7e-m/nofp/libc.a(libc_a-strlen.o)
                0x08000f00                strlen
 .text          0x08000fd8      0x424 /Applications/ArmGNUToolchain/13.2.Rel1/arm-none-eabi/bin/../lib/gcc/arm-none-eabi/13.2.1/thumb/v7e-m/nofp/libgcc.a(_arm_muldivdf3.o)
                0x08000fd8                __aeabi_dmul
                0x08000fd8                __muldf3
                0x0800122c                __aeabi_ddiv
                0x0800122c                __divdf3
 .text          0x080013fc      0x110 /Applications/ArmGNUToolchain/13.2.Rel1/arm-none-eabi/bin/../lib/gcc/arm-none-eabi/13.2.1/thumb/v7e-m/nofp/libgcc.a(_arm_cmpdf2.o)
                0x080013fc                __gedf2
                0x080013fc                __gtdf2
                0x08001404                __ledf2
                0x08001404                __ltdf2
                0x0800140c                __cmpdf2
                0x0800140c                __eqdf2
                0x0800140c                __nedf2
                0x08001488                __aeabi_cdrcmple
                0x08001498                __aeabi_cdcmple
                0x08001498                __aeabi_cdcmpeq
                0x080014a8                __aeabi_dcmpeq
                0x080014bc                __aeabi_dcmplt
                0x080014d0                __aeabi_dcmple
                0x080014e4                __aeabi_dcmpge
                0x080014f8                __aeabi_dcmpgt
 .text          0x0800150c       0x2c /Applications/ArmGNUToolchain/13.2.Rel1/arm-none-eabi/bin/../lib/gcc/arm-none-eabi/13.2.1/thumb/v7e-m/nofp/libgcc.a(_arm_unorddf2.o)
                0x0800150c                __aeabi_dcmpun
                0x0800150c                __unorddf2
 .text          0x08001538       0x50 /Applications/ArmGNUToolchain/13.2.Rel1/arm-none-eabi/bin/../lib/gcc/arm-none-eabi/13.2.1/thumb/v7e-m/nofp/libgcc.a(_arm_fixdfsi.o)
                0x08001538                __fixdfsi
                0x08001538                __aeabi_d2iz
 *(.text*)
 .text.deregister_tm_clones
                0x08001588       0x1c /Applications/ArmGNUToolchain/13.2.Rel1/arm-none-eabi/bin/../lib/gcc/arm-none-eabi/13.2.1/thumb/v7e-m/nofp/crtbegin.o
 .text.register_tm_clones
                0x080015a4       0x24 /Applications/ArmGNUToolchain/13.2.Rel1/arm-none-eabi/bin/../lib/gcc/arm-none-eabi/13.2.1/thumb/v7e-m/nofp/crtbegin.o
 .text.__do_global_dtors_aux
                0x080015c8       0x28 /Applications/ArmGNUToolchain/13.2.Rel1/arm-none-eabi/bin/../lib/gcc/arm-none-eabi/13.2.1/thumb/v7e-m/nofp/crtbegin.o
 .text.frame_dummy
                0x080015f0       0x24 /Applications/ArmGNUToolchain/13.2.Rel1/arm-none-eabi/bin/../lib/gcc/arm-none-eabi/13.2.1/thumb/v7e-m/nofp/crtbegin.o
 .text.MX_ADC1_Init
                0x08001614       0x90 CMakeFiles/motorcontrol.elf.dir/Core/Src/adc.c.obj
                0x08001614                MX_ADC1_Init
 .text.MX_ADC2_Init
                0x080016a4       0x68 CMakeFiles/motorcontrol.elf.dir/Core/Src/adc.c.obj
                0x080016a4                MX_ADC2_Init
 .text.MX_ADC3_Init
                0x0800170c       0x64 CMakeFiles/motorcontrol.elf.dir/Core/Src/adc.c.obj
                0x0800170c                MX_ADC3_Init
 .text.HAL_ADC_MspInit
                0x08001770       0xfc CMakeFiles/motorcontrol.elf.dir/Core/Src/adc.c.obj
                0x08001770                HAL_ADC_MspInit
 .text.order_phases
                0x0800186c      0x168 CMakeFiles/motorcontrol.elf.dir/Core/Src/calibration.c.obj
                0x0800186c                order_phases
 .text.calibrate_encoder
                0x080019d4      0x3b8 CMakeFiles/motorcontrol.elf.dir/Core/Src/calibration.c.obj
                0x080019d4                calibrate_encoder
 .text.MX_CAN1_Init
                0x08001d8c       0x40 CMakeFiles/motorcontrol.elf.dir/Core/Src/can.c.obj
                0x08001d8c                MX_CAN1_Init
 .text.HAL_CAN_MspInit
                0x08001dcc       0x80 CMakeFiles/motorcontrol.elf.dir/Core/Src/can.c.obj
                0x08001dcc                HAL_CAN_MspInit
 .text.can_rx_init
                0x08001e4c       0x34 CMakeFiles/motorcontrol.elf.dir/Core/Src/can.c.obj
                0x08001e4c                can_rx_init
 .text.can_tx_init
                0x08001e80       0x18 CMakeFiles/motorcontrol.elf.dir/Core/Src/can.c.obj
                0x08001e80                can_tx_init
 .text.pack_reply
                0x08001e98       0x84 CMakeFiles/motorcontrol.elf.dir/Core/Src/can.c.obj
                0x08001e98                pack_reply
 .text.unpack_cmd
                0x08001f1c       0xbc CMakeFiles/motorcontrol.elf.dir/Core/Src/can.c.obj
                0x08001f1c                unpack_cmd
 .text.drv_spi_write
                0x08001fd8       0x4c CMakeFiles/motorcontrol.elf.dir/Core/Src/drv8323.c.obj
                0x08001fd8                drv_spi_write
 .text.drv_read_FSR1
                0x08002024       0x1a CMakeFiles/motorcontrol.elf.dir/Core/Src/drv8323.c.obj
                0x08002024                drv_read_FSR1
 .text.drv_read_FSR2
                0x0800203e       0x1a CMakeFiles/motorcontrol.elf.dir/Core/Src/drv8323.c.obj
                0x0800203e                drv_read_FSR2
 .text.drv_read_register
                0x08002058       0x20 CMakeFiles/motorcontrol.elf.dir/Core/Src/drv8323.c.obj
                0x08002058                drv_read_register
 .text.drv_write_register
                0x08002078       0x1c CMakeFiles/motorcontrol.elf.dir/Core/Src/drv8323.c.obj
                0x08002078                drv_write_register
 .text.drv_write_DCR
                0x08002094       0x5a CMakeFiles/motorcontrol.elf.dir/Core/Src/drv8323.c.obj
                0x08002094                drv_write_DCR
 .text.drv_write_OCPCR
                0x080020ee       0x3a CMakeFiles/motorcontrol.elf.dir/Core/Src/drv8323.c.obj
                0x080020ee                drv_write_OCPCR
 .text.drv_write_CSACR
                0x08002128       0x5a CMakeFiles/motorcontrol.elf.dir/Core/Src/drv8323.c.obj
                0x08002128                drv_write_CSACR
 .text.drv_enable_gd
                0x08002182       0x28 CMakeFiles/motorcontrol.elf.dir/Core/Src/drv8323.c.obj
                0x08002182                drv_enable_gd
 .text.drv_disable_gd
                0x080021aa       0x28 CMakeFiles/motorcontrol.elf.dir/Core/Src/drv8323.c.obj
                0x080021aa                drv_disable_gd
 *fill*         0x080021d2        0x2 
 .text.drv_print_faults
                0x080021d4      0x1b0 CMakeFiles/motorcontrol.elf.dir/Core/Src/drv8323.c.obj
                0x080021d4                drv_print_faults
 .text.flash_writer_init
                0x08002384       0x1c CMakeFiles/motorcontrol.elf.dir/Core/Src/flash_writer.c.obj
                0x08002384                flash_writer_init
 .text.flash_writer_open
                0x080023a0       0x28 CMakeFiles/motorcontrol.elf.dir/Core/Src/flash_writer.c.obj
                0x080023a0                flash_writer_open
 .text.flash_writer_write_int
                0x080023c8       0x1e CMakeFiles/motorcontrol.elf.dir/Core/Src/flash_writer.c.obj
                0x080023c8                flash_writer_write_int
 .text.flash_writer_write_float
                0x080023e6       0x1e CMakeFiles/motorcontrol.elf.dir/Core/Src/flash_writer.c.obj
                0x080023e6                flash_writer_write_float
 .text.flash_writer_close
                0x08002404        0xe CMakeFiles/motorcontrol.elf.dir/Core/Src/flash_writer.c.obj
                0x08002404                flash_writer_close
 *fill*         0x08002412        0x2 
 .text.flash_read_int
                0x08002414       0x20 CMakeFiles/motorcontrol.elf.dir/Core/Src/flash_writer.c.obj
                0x08002414                flash_read_int
 .text.flash_read_float
                0x08002434       0x20 CMakeFiles/motorcontrol.elf.dir/Core/Src/flash_writer.c.obj
                0x08002434                flash_read_float
 .text.set_dtc  0x08002454       0xb0 CMakeFiles/motorcontrol.elf.dir/Core/Src/foc.c.obj
                0x08002454                set_dtc
 .text.analog_sample
                0x08002504       0xa8 CMakeFiles/motorcontrol.elf.dir/Core/Src/foc.c.obj
                0x08002504                analog_sample
 .text.abc      0x080025ac       0xc8 CMakeFiles/motorcontrol.elf.dir/Core/Src/foc.c.obj
                0x080025ac                abc
 .text.dq0      0x08002674       0xe0 CMakeFiles/motorcontrol.elf.dir/Core/Src/foc.c.obj
                0x08002674                dq0
 .text.svm      0x08002754       0xcc CMakeFiles/motorcontrol.elf.dir/Core/Src/foc.c.obj
                0x08002754                svm
 .text.zero_current
                0x08002820       0x54 CMakeFiles/motorcontrol.elf.dir/Core/Src/foc.c.obj
                0x08002820                zero_current
 .text.init_controller_params
                0x08002874      0x104 CMakeFiles/motorcontrol.elf.dir/Core/Src/foc.c.obj
                0x08002874                init_controller_params
 .text.reset_foc
                0x08002978       0x70 CMakeFiles/motorcontrol.elf.dir/Core/Src/foc.c.obj
                0x08002978                reset_foc
 .text.field_weaken
                0x080029e8       0xdc CMakeFiles/motorcontrol.elf.dir/Core/Src/foc.c.obj
                0x080029e8                field_weaken
 .text.commutate
                0x08002ac4      0x260 CMakeFiles/motorcontrol.elf.dir/Core/Src/foc.c.obj
                0x08002ac4                commutate
 .text.torque_control
                0x08002d24       0xbc CMakeFiles/motorcontrol.elf.dir/Core/Src/foc.c.obj
                0x08002d24                torque_control
 .text.zero_commands
                0x08002de0       0x1c CMakeFiles/motorcontrol.elf.dir/Core/Src/foc.c.obj
                0x08002de0                zero_commands
 .text.fsm_exit_state
                0x08002dfc       0x6c CMakeFiles/motorcontrol.elf.dir/Core/Src/fsm.c.obj
                0x08002dfc                fsm_exit_state
 .text.enter_menu_state
                0x08002e68       0x54 CMakeFiles/motorcontrol.elf.dir/Core/Src/fsm.c.obj
                0x08002e68                enter_menu_state
 .text.enter_setup_state
                0x08002ebc      0x290 CMakeFiles/motorcontrol.elf.dir/Core/Src/fsm.c.obj
                0x08002ebc                enter_setup_state
 .text.fsm_enter_state
                0x0800314c       0x78 CMakeFiles/motorcontrol.elf.dir/Core/Src/fsm.c.obj
                0x0800314c                fsm_enter_state
 .text.process_user_input
                0x080031c4      0x320 CMakeFiles/motorcontrol.elf.dir/Core/Src/fsm.c.obj
                0x080031c4                process_user_input
 .text.update_fsm
                0x080034e4      0x134 CMakeFiles/motorcontrol.elf.dir/Core/Src/fsm.c.obj
                0x080034e4                update_fsm
 .text.run_fsm  0x08003618      0x170 CMakeFiles/motorcontrol.elf.dir/Core/Src/fsm.c.obj
                0x08003618                run_fsm
 .text.MX_GPIO_Init
                0x08003788       0xd4 CMakeFiles/motorcontrol.elf.dir/Core/Src/gpio.c.obj
                0x08003788                MX_GPIO_Init
 .text.SystemClock_Config
                0x0800385c       0x9c CMakeFiles/motorcontrol.elf.dir/Core/Src/main.c.obj
                0x0800385c                SystemClock_Config
 .text.main     0x080038f8      0x51c CMakeFiles/motorcontrol.elf.dir/Core/Src/main.c.obj
                0x080038f8                main
 .text.Error_Handler
                0x08003e14        0x2 CMakeFiles/motorcontrol.elf.dir/Core/Src/main.c.obj
                0x08003e14                Error_Handler
 .text.fast_fmaxf
                0x08003e16       0x12 CMakeFiles/motorcontrol.elf.dir/Core/Src/math_ops.c.obj
                0x08003e16                fast_fmaxf
 .text.fast_fminf
                0x08003e28       0x12 CMakeFiles/motorcontrol.elf.dir/Core/Src/math_ops.c.obj
                0x08003e28                fast_fminf
 .text.fmaxf3   0x08003e3a       0x2e CMakeFiles/motorcontrol.elf.dir/Core/Src/math_ops.c.obj
                0x08003e3a                fmaxf3
 .text.fminf3   0x08003e68       0x2e CMakeFiles/motorcontrol.elf.dir/Core/Src/math_ops.c.obj
                0x08003e68                fminf3
 .text.limit_norm
                0x08003e96       0x5a CMakeFiles/motorcontrol.elf.dir/Core/Src/math_ops.c.obj
                0x08003e96                limit_norm
 .text.float_to_uint
                0x08003ef0       0x38 CMakeFiles/motorcontrol.elf.dir/Core/Src/math_ops.c.obj
                0x08003ef0                float_to_uint
 .text.uint_to_float
                0x08003f28       0x38 CMakeFiles/motorcontrol.elf.dir/Core/Src/math_ops.c.obj
                0x08003f28                uint_to_float
 .text.sin_lut  0x08003f60       0x40 CMakeFiles/motorcontrol.elf.dir/Core/Src/math_ops.c.obj
                0x08003f60                sin_lut
 .text.cos_lut  0x08003fa0       0x14 CMakeFiles/motorcontrol.elf.dir/Core/Src/math_ops.c.obj
                0x08003fa0                cos_lut
 .text.ps_warmup
                0x08003fb4       0x58 CMakeFiles/motorcontrol.elf.dir/Core/Src/position_sensor.c.obj
                0x08003fb4                ps_warmup
 .text.ps_sample
                0x0800400c      0x208 CMakeFiles/motorcontrol.elf.dir/Core/Src/position_sensor.c.obj
                0x0800400c                ps_sample
 .text.ps_print
                0x08004214       0x68 CMakeFiles/motorcontrol.elf.dir/Core/Src/position_sensor.c.obj
                0x08004214                ps_print
 .text.preference_writer_init
                0x0800427c        0xe CMakeFiles/motorcontrol.elf.dir/Core/Src/preference_writer.c.obj
                0x0800427c                preference_writer_init
 .text.preference_writer_open
                0x0800428a        0xe CMakeFiles/motorcontrol.elf.dir/Core/Src/preference_writer.c.obj
                0x0800428a                preference_writer_open
 .text.preference_writer_ready
                0x08004298        0xe CMakeFiles/motorcontrol.elf.dir/Core/Src/preference_writer.c.obj
                0x08004298                preference_writer_ready
 *fill*         0x080042a6        0x2 
 .text.preference_writer_flush
                0x080042a8       0x54 CMakeFiles/motorcontrol.elf.dir/Core/Src/preference_writer.c.obj
                0x080042a8                preference_writer_flush
 .text.preference_writer_load
                0x080042fc       0x54 CMakeFiles/motorcontrol.elf.dir/Core/Src/preference_writer.c.obj
                0x080042fc                preference_writer_load
 .text.preference_writer_close
                0x08004350        0xc CMakeFiles/motorcontrol.elf.dir/Core/Src/preference_writer.c.obj
                0x08004350                preference_writer_close
 .text.MX_SPI1_Init
                0x0800435c       0x48 CMakeFiles/motorcontrol.elf.dir/Core/Src/spi.c.obj
                0x0800435c                MX_SPI1_Init
 .text.MX_SPI3_Init
                0x080043a4       0x44 CMakeFiles/motorcontrol.elf.dir/Core/Src/spi.c.obj
                0x080043a4                MX_SPI3_Init
 .text.HAL_SPI_MspInit
                0x080043e8       0xc8 CMakeFiles/motorcontrol.elf.dir/Core/Src/spi.c.obj
                0x080043e8                HAL_SPI_MspInit
 .text.FLASH_Unlock
                0x080044b0       0x20 CMakeFiles/motorcontrol.elf.dir/Core/Src/stm32f4xx_flash.c.obj
                0x080044b0                FLASH_Unlock
 .text.FLASH_Lock
                0x080044d0       0x10 CMakeFiles/motorcontrol.elf.dir/Core/Src/stm32f4xx_flash.c.obj
                0x080044d0                FLASH_Lock
 .text.FLASH_ClearFlag
                0x080044e0        0xc CMakeFiles/motorcontrol.elf.dir/Core/Src/stm32f4xx_flash.c.obj
                0x080044e0                FLASH_ClearFlag
 .text.FLASH_GetStatus
                0x080044ec       0x50 CMakeFiles/motorcontrol.elf.dir/Core/Src/stm32f4xx_flash.c.obj
                0x080044ec                FLASH_GetStatus
 .text.FLASH_WaitForLastOperation2
                0x0800453c       0x30 CMakeFiles/motorcontrol.elf.dir/Core/Src/stm32f4xx_flash.c.obj
                0x0800453c                FLASH_WaitForLastOperation2
 .text.FLASH_EraseSector
                0x0800456c       0x70 CMakeFiles/motorcontrol.elf.dir/Core/Src/stm32f4xx_flash.c.obj
                0x0800456c                FLASH_EraseSector
 .text.FLASH_ProgramWord
                0x080045dc       0x40 CMakeFiles/motorcontrol.elf.dir/Core/Src/stm32f4xx_flash.c.obj
                0x080045dc                FLASH_ProgramWord
 .text.HAL_MspInit
                0x0800461c       0x40 CMakeFiles/motorcontrol.elf.dir/Core/Src/stm32f4xx_hal_msp.c.obj
                0x0800461c                HAL_MspInit
 .text.NMI_Handler
                0x0800465c        0x2 CMakeFiles/motorcontrol.elf.dir/Core/Src/stm32f4xx_it.c.obj
                0x0800465c                NMI_Handler
 .text.HardFault_Handler
                0x0800465e        0x2 CMakeFiles/motorcontrol.elf.dir/Core/Src/stm32f4xx_it.c.obj
                0x0800465e                HardFault_Handler
 .text.MemManage_Handler
                0x08004660        0x2 CMakeFiles/motorcontrol.elf.dir/Core/Src/stm32f4xx_it.c.obj
                0x08004660                MemManage_Handler
 .text.BusFault_Handler
                0x08004662        0x2 CMakeFiles/motorcontrol.elf.dir/Core/Src/stm32f4xx_it.c.obj
                0x08004662                BusFault_Handler
 .text.UsageFault_Handler
                0x08004664        0x2 CMakeFiles/motorcontrol.elf.dir/Core/Src/stm32f4xx_it.c.obj
                0x08004664                UsageFault_Handler
 .text.SVC_Handler
                0x08004666        0x2 CMakeFiles/motorcontrol.elf.dir/Core/Src/stm32f4xx_it.c.obj
                0x08004666                SVC_Handler
 .text.DebugMon_Handler
                0x08004668        0x2 CMakeFiles/motorcontrol.elf.dir/Core/Src/stm32f4xx_it.c.obj
                0x08004668                DebugMon_Handler
 .text.PendSV_Handler
                0x0800466a        0x2 CMakeFiles/motorcontrol.elf.dir/Core/Src/stm32f4xx_it.c.obj
                0x0800466a                PendSV_Handler
 .text.SysTick_Handler
                0x0800466c        0x8 CMakeFiles/motorcontrol.elf.dir/Core/Src/stm32f4xx_it.c.obj
                0x0800466c                SysTick_Handler
 .text.CAN1_RX0_IRQHandler
                0x08004674      0x14c CMakeFiles/motorcontrol.elf.dir/Core/Src/stm32f4xx_it.c.obj
                0x08004674                CAN1_RX0_IRQHandler
 .text.USART2_IRQHandler
                0x080047c0       0x28 CMakeFiles/motorcontrol.elf.dir/Core/Src/stm32f4xx_it.c.obj
                0x080047c0                USART2_IRQHandler
 .text.can_tx_rx
                0x080047e8      0x170 CMakeFiles/motorcontrol.elf.dir/Core/Src/stm32f4xx_it.c.obj
                0x080047e8                can_tx_rx
 .text.TIM1_UP_TIM10_IRQHandler
                0x08004958       0x44 CMakeFiles/motorcontrol.elf.dir/Core/Src/stm32f4xx_it.c.obj
                0x08004958                TIM1_UP_TIM10_IRQHandler
 .text._getpid  0x0800499c        0x4 CMakeFiles/motorcontrol.elf.dir/Core/Src/syscalls.c.obj
                0x0800499c                _getpid
 .text._kill    0x080049a0       0x10 CMakeFiles/motorcontrol.elf.dir/Core/Src/syscalls.c.obj
                0x080049a0                _kill
 .text._exit    0x080049b0        0xc CMakeFiles/motorcontrol.elf.dir/Core/Src/syscalls.c.obj
                0x080049b0                _exit
 .text._read    0x080049bc       0x20 CMakeFiles/motorcontrol.elf.dir/Core/Src/syscalls.c.obj
                0x080049bc                _read
 .text._write   0x080049dc       0x1c CMakeFiles/motorcontrol.elf.dir/Core/Src/syscalls.c.obj
                0x080049dc                _write
 .text._close   0x080049f8        0x6 CMakeFiles/motorcontrol.elf.dir/Core/Src/syscalls.c.obj
                0x080049f8                _close
 .text._fstat   0x080049fe        0xa CMakeFiles/motorcontrol.elf.dir/Core/Src/syscalls.c.obj
                0x080049fe                _fstat
 .text._isatty  0x08004a08        0x4 CMakeFiles/motorcontrol.elf.dir/Core/Src/syscalls.c.obj
                0x08004a08                _isatty
 .text._lseek   0x08004a0c        0x4 CMakeFiles/motorcontrol.elf.dir/Core/Src/syscalls.c.obj
                0x08004a0c                _lseek
 .text._sbrk    0x08004a10       0x3c CMakeFiles/motorcontrol.elf.dir/Core/Src/sysmem.c.obj
                0x08004a10                _sbrk
 .text.SystemInit
                0x08004a4c       0x10 CMakeFiles/motorcontrol.elf.dir/Core/Src/system_stm32f4xx.c.obj
                0x08004a4c                SystemInit
 .text.HAL_TIM_Base_MspInit
                0x08004a5c       0x40 CMakeFiles/motorcontrol.elf.dir/Core/Src/tim.c.obj
                0x08004a5c                HAL_TIM_Base_MspInit
 .text.HAL_TIM_MspPostInit
                0x08004a9c       0x60 CMakeFiles/motorcontrol.elf.dir/Core/Src/tim.c.obj
                0x08004a9c                HAL_TIM_MspPostInit
 .text.MX_TIM1_Init
                0x08004afc      0x114 CMakeFiles/motorcontrol.elf.dir/Core/Src/tim.c.obj
                0x08004afc                MX_TIM1_Init
 .text.MX_USART2_UART_Init
                0x08004c10       0x34 CMakeFiles/motorcontrol.elf.dir/Core/Src/usart.c.obj
                0x08004c10                MX_USART2_UART_Init
 .text.HAL_UART_MspInit
                0x08004c44       0x7c CMakeFiles/motorcontrol.elf.dir/Core/Src/usart.c.obj
                0x08004c44                HAL_UART_MspInit
 .text.__io_putchar
                0x08004cc0       0x20 CMakeFiles/motorcontrol.elf.dir/Core/Src/usart.c.obj
                0x08004cc0                __io_putchar
 .text.HAL_UART_RxCpltCallback
                0x08004ce0       0x18 CMakeFiles/motorcontrol.elf.dir/Core/Src/usart.c.obj
                0x08004ce0                HAL_UART_RxCpltCallback
 .text.Reset_Handler
                0x08004cf8       0x50 CMakeFiles/motorcontrol.elf.dir/Core/Startup/startup_stm32f446retx.s.obj
                0x08004cf8                Reset_Handler
 .text.Default_Handler
                0x08004d48        0x2 CMakeFiles/motorcontrol.elf.dir/Core/Startup/startup_stm32f446retx.s.obj
                0x08004d48                DMA1_Stream3_IRQHandler
                0x08004d48                EXTI2_IRQHandler
                0x08004d48                TIM8_CC_IRQHandler
                0x08004d48                FMPI2C1_EV_IRQHandler
                0x08004d48                SPI4_IRQHandler
                0x08004d48                TIM1_CC_IRQHandler
                0x08004d48                DMA2_Stream5_IRQHandler
                0x08004d48                DMA1_Stream5_IRQHandler
                0x08004d48                PVD_IRQHandler
                0x08004d48                SDIO_IRQHandler
                0x08004d48                TAMP_STAMP_IRQHandler
                0x08004d48                CAN2_RX1_IRQHandler
                0x08004d48                EXTI3_IRQHandler
                0x08004d48                TIM8_TRG_COM_TIM14_IRQHandler
                0x08004d48                TIM8_UP_TIM13_IRQHandler
                0x08004d48                I2C3_ER_IRQHandler
                0x08004d48                EXTI0_IRQHandler
                0x08004d48                I2C2_EV_IRQHandler
                0x08004d48                DMA1_Stream2_IRQHandler
                0x08004d48                FPU_IRQHandler
                0x08004d48                OTG_HS_WKUP_IRQHandler
                0x08004d48                CAN2_SCE_IRQHandler
                0x08004d48                DMA2_Stream2_IRQHandler
                0x08004d48                SPI1_IRQHandler
                0x08004d48                TIM6_DAC_IRQHandler
                0x08004d48                TIM1_BRK_TIM9_IRQHandler
                0x08004d48                DCMI_IRQHandler
                0x08004d48                CAN2_RX0_IRQHandler
                0x08004d48                DMA2_Stream3_IRQHandler
                0x08004d48                SAI2_IRQHandler
                0x08004d48                USART6_IRQHandler
                0x08004d48                USART3_IRQHandler
                0x08004d48                CAN1_RX1_IRQHandler
                0x08004d48                UART5_IRQHandler
                0x08004d48                DMA2_Stream0_IRQHandler
                0x08004d48                TIM4_IRQHandler
                0x08004d48                QUADSPI_IRQHandler
                0x08004d48                I2C1_EV_IRQHandler
                0x08004d48                DMA1_Stream6_IRQHandler
                0x08004d48                DMA1_Stream1_IRQHandler
                0x08004d48                UART4_IRQHandler
                0x08004d48                TIM3_IRQHandler
                0x08004d48                RCC_IRQHandler
                0x08004d48                TIM8_BRK_TIM12_IRQHandler
                0x08004d48                Default_Handler
                0x08004d48                CEC_IRQHandler
                0x08004d48                EXTI15_10_IRQHandler
                0x08004d48                ADC_IRQHandler
                0x08004d48                DMA1_Stream7_IRQHandler
                0x08004d48                TIM7_IRQHandler
                0x08004d48                CAN2_TX_IRQHandler
                0x08004d48                TIM5_IRQHandler
                0x08004d48                DMA2_Stream7_IRQHandler
                0x08004d48                I2C3_EV_IRQHandler
                0x08004d48                EXTI9_5_IRQHandler
                0x08004d48                RTC_WKUP_IRQHandler
                0x08004d48                SPDIF_RX_IRQHandler
                0x08004d48                SPI2_IRQHandler
                0x08004d48                OTG_HS_EP1_IN_IRQHandler
                0x08004d48                DMA1_Stream0_IRQHandler
                0x08004d48                CAN1_TX_IRQHandler
                0x08004d48                FMPI2C1_ER_IRQHandler
                0x08004d48                EXTI4_IRQHandler
                0x08004d48                OTG_HS_EP1_OUT_IRQHandler
                0x08004d48                WWDG_IRQHandler
                0x08004d48                TIM2_IRQHandler
                0x08004d48                OTG_FS_WKUP_IRQHandler
                0x08004d48                TIM1_TRG_COM_TIM11_IRQHandler
                0x08004d48                OTG_HS_IRQHandler
                0x08004d48                EXTI1_IRQHandler
                0x08004d48                I2C2_ER_IRQHandler
                0x08004d48                DMA2_Stream1_IRQHandler
                0x08004d48                CAN1_SCE_IRQHandler
                0x08004d48                FLASH_IRQHandler
                0x08004d48                DMA2_Stream4_IRQHandler
                0x08004d48                USART1_IRQHandler
                0x08004d48                OTG_FS_IRQHandler
                0x08004d48                SPI3_IRQHandler
                0x08004d48                DMA1_Stream4_IRQHandler
                0x08004d48                I2C1_ER_IRQHandler
                0x08004d48                FMC_IRQHandler
                0x08004d48                DMA2_Stream6_IRQHandler
                0x08004d48                SAI1_IRQHandler
                0x08004d48                RTC_Alarm_IRQHandler
 *fill*         0x08004d4a        0x2 
 .text.HAL_InitTick
                0x08004d4c       0x4c CMakeFiles/motorcontrol.elf.dir/Drivers/STM32F4xx_HAL_Driver/Src/stm32f4xx_hal.c.obj
                0x08004d4c                HAL_InitTick
 .text.HAL_Init
                0x08004d98       0x34 CMakeFiles/motorcontrol.elf.dir/Drivers/STM32F4xx_HAL_Driver/Src/stm32f4xx_hal.c.obj
                0x08004d98                HAL_Init
 .text.HAL_IncTick
                0x08004dcc       0x18 CMakeFiles/motorcontrol.elf.dir/Drivers/STM32F4xx_HAL_Driver/Src/stm32f4xx_hal.c.obj
                0x08004dcc                HAL_IncTick
 .text.HAL_GetTick
                0x08004de4        0xc CMakeFiles/motorcontrol.elf.dir/Drivers/STM32F4xx_HAL_Driver/Src/stm32f4xx_hal.c.obj
                0x08004de4                HAL_GetTick
 .text.HAL_Delay
                0x08004df0       0x28 CMakeFiles/motorcontrol.elf.dir/Drivers/STM32F4xx_HAL_Driver/Src/stm32f4xx_hal.c.obj
                0x08004df0                HAL_Delay
 .text.ADC_Init
                0x08004e18      0x134 CMakeFiles/motorcontrol.elf.dir/Drivers/STM32F4xx_HAL_Driver/Src/stm32f4xx_hal_adc.c.obj
 .text.HAL_ADC_Init
                0x08004f4c       0x56 CMakeFiles/motorcontrol.elf.dir/Drivers/STM32F4xx_HAL_Driver/Src/stm32f4xx_hal_adc.c.obj
                0x08004f4c                HAL_ADC_Init
 *fill*         0x08004fa2        0x2 
 .text.HAL_ADC_Start
                0x08004fa4      0x144 CMakeFiles/motorcontrol.elf.dir/Drivers/STM32F4xx_HAL_Driver/Src/stm32f4xx_hal_adc.c.obj
                0x08004fa4                HAL_ADC_Start
 .text.HAL_ADC_PollForConversion
                0x080050e8       0xb8 CMakeFiles/motorcontrol.elf.dir/Drivers/STM32F4xx_HAL_Driver/Src/stm32f4xx_hal_adc.c.obj
                0x080050e8                HAL_ADC_PollForConversion
 .text.HAL_ADC_GetValue
                0x080051a0        0x6 CMakeFiles/motorcontrol.elf.dir/Drivers/STM32F4xx_HAL_Driver/Src/stm32f4xx_hal_adc.c.obj
                0x080051a0                HAL_ADC_GetValue
 *fill*         0x080051a6        0x2 
 .text.HAL_ADC_ConfigChannel
                0x080051a8      0x1ac CMakeFiles/motorcontrol.elf.dir/Drivers/STM32F4xx_HAL_Driver/Src/stm32f4xx_hal_adc.c.obj
                0x080051a8                HAL_ADC_ConfigChannel
 .text.HAL_ADCEx_MultiModeConfigChannel
                0x08005354       0x58 CMakeFiles/motorcontrol.elf.dir/Drivers/STM32F4xx_HAL_Driver/Src/stm32f4xx_hal_adc_ex.c.obj
                0x08005354                HAL_ADCEx_MultiModeConfigChannel
 .text.HAL_CAN_Init
                0x080053ac      0x14c CMakeFiles/motorcontrol.elf.dir/Drivers/STM32F4xx_HAL_Driver/Src/stm32f4xx_hal_can.c.obj
                0x080053ac                HAL_CAN_Init
 .text.HAL_CAN_ConfigFilter
                0x080054f8      0x13c CMakeFiles/motorcontrol.elf.dir/Drivers/STM32F4xx_HAL_Driver/Src/stm32f4xx_hal_can.c.obj
                0x080054f8                HAL_CAN_ConfigFilter
 .text.HAL_CAN_Start
                0x08005634       0x5c CMakeFiles/motorcontrol.elf.dir/Drivers/STM32F4xx_HAL_Driver/Src/stm32f4xx_hal_can.c.obj
                0x08005634                HAL_CAN_Start
 .text.HAL_CAN_AddTxMessage
                0x08005690       0xfc CMakeFiles/motorcontrol.elf.dir/Drivers/STM32F4xx_HAL_Driver/Src/stm32f4xx_hal_can.c.obj
                0x08005690                HAL_CAN_AddTxMessage
 .text.HAL_CAN_GetRxMessage
                0x0800578c      0x156 CMakeFiles/motorcontrol.elf.dir/Drivers/STM32F4xx_HAL_Driver/Src/stm32f4xx_hal_can.c.obj
                0x0800578c                HAL_CAN_GetRxMessage
 .text.HAL_CAN_TxMailbox0CompleteCallback
                0x080058e2        0x2 CMakeFiles/motorcontrol.elf.dir/Drivers/STM32F4xx_HAL_Driver/Src/stm32f4xx_hal_can.c.obj
                0x080058e2                HAL_CAN_TxMailbox0CompleteCallback
 .text.HAL_CAN_TxMailbox1CompleteCallback
                0x080058e4        0x2 CMakeFiles/motorcontrol.elf.dir/Drivers/STM32F4xx_HAL_Driver/Src/stm32f4xx_hal_can.c.obj
                0x080058e4                HAL_CAN_TxMailbox1CompleteCallback
 .text.HAL_CAN_TxMailbox2CompleteCallback
                0x080058e6        0x2 CMakeFiles/motorcontrol.elf.dir/Drivers/STM32F4xx_HAL_Driver/Src/stm32f4xx_hal_can.c.obj
                0x080058e6                HAL_CAN_TxMailbox2CompleteCallback
 .text.HAL_CAN_TxMailbox0AbortCallback
                0x080058e8        0x2 CMakeFiles/motorcontrol.elf.dir/Drivers/STM32F4xx_HAL_Driver/Src/stm32f4xx_hal_can.c.obj
                0x080058e8                HAL_CAN_TxMailbox0AbortCallback
 .text.HAL_CAN_TxMailbox1AbortCallback
                0x080058ea        0x2 CMakeFiles/motorcontrol.elf.dir/Drivers/STM32F4xx_HAL_Driver/Src/stm32f4xx_hal_can.c.obj
                0x080058ea                HAL_CAN_TxMailbox1AbortCallback
 .text.HAL_CAN_TxMailbox2AbortCallback
                0x080058ec        0x2 CMakeFiles/motorcontrol.elf.dir/Drivers/STM32F4xx_HAL_Driver/Src/stm32f4xx_hal_can.c.obj
                0x080058ec                HAL_CAN_TxMailbox2AbortCallback
 .text.HAL_CAN_RxFifo0MsgPendingCallback
                0x080058ee        0x2 CMakeFiles/motorcontrol.elf.dir/Drivers/STM32F4xx_HAL_Driver/Src/stm32f4xx_hal_can.c.obj
                0x080058ee                HAL_CAN_RxFifo0MsgPendingCallback
 .text.HAL_CAN_RxFifo0FullCallback
                0x080058f0        0x2 CMakeFiles/motorcontrol.elf.dir/Drivers/STM32F4xx_HAL_Driver/Src/stm32f4xx_hal_can.c.obj
                0x080058f0                HAL_CAN_RxFifo0FullCallback
 .text.HAL_CAN_RxFifo1MsgPendingCallback
                0x080058f2        0x2 CMakeFiles/motorcontrol.elf.dir/Drivers/STM32F4xx_HAL_Driver/Src/stm32f4xx_hal_can.c.obj
                0x080058f2                HAL_CAN_RxFifo1MsgPendingCallback
 .text.HAL_CAN_RxFifo1FullCallback
                0x080058f4        0x2 CMakeFiles/motorcontrol.elf.dir/Drivers/STM32F4xx_HAL_Driver/Src/stm32f4xx_hal_can.c.obj
                0x080058f4                HAL_CAN_RxFifo1FullCallback
 .text.HAL_CAN_SleepCallback
                0x080058f6        0x2 CMakeFiles/motorcontrol.elf.dir/Drivers/STM32F4xx_HAL_Driver/Src/stm32f4xx_hal_can.c.obj
                0x080058f6                HAL_CAN_SleepCallback
 .text.HAL_CAN_WakeUpFromRxMsgCallback
                0x080058f8        0x2 CMakeFiles/motorcontrol.elf.dir/Drivers/STM32F4xx_HAL_Driver/Src/stm32f4xx_hal_can.c.obj
                0x080058f8                HAL_CAN_WakeUpFromRxMsgCallback
 .text.HAL_CAN_ErrorCallback
                0x080058fa        0x2 CMakeFiles/motorcontrol.elf.dir/Drivers/STM32F4xx_HAL_Driver/Src/stm32f4xx_hal_can.c.obj
                0x080058fa                HAL_CAN_ErrorCallback
 .text.HAL_CAN_IRQHandler
                0x080058fc      0x250 CMakeFiles/motorcontrol.elf.dir/Drivers/STM32F4xx_HAL_Driver/Src/stm32f4xx_hal_can.c.obj
                0x080058fc                HAL_CAN_IRQHandler
 .text.__NVIC_SetPriority
                0x08005b4c       0x28 CMakeFiles/motorcontrol.elf.dir/Drivers/STM32F4xx_HAL_Driver/Src/stm32f4xx_hal_cortex.c.obj
 .text.NVIC_EncodePriority
                0x08005b74       0x3e CMakeFiles/motorcontrol.elf.dir/Drivers/STM32F4xx_HAL_Driver/Src/stm32f4xx_hal_cortex.c.obj
 *fill*         0x08005bb2        0x2 
 .text.HAL_NVIC_SetPriorityGrouping
                0x08005bb4       0x24 CMakeFiles/motorcontrol.elf.dir/Drivers/STM32F4xx_HAL_Driver/Src/stm32f4xx_hal_cortex.c.obj
                0x08005bb4                HAL_NVIC_SetPriorityGrouping
 .text.HAL_NVIC_SetPriority
                0x08005bd8       0x20 CMakeFiles/motorcontrol.elf.dir/Drivers/STM32F4xx_HAL_Driver/Src/stm32f4xx_hal_cortex.c.obj
                0x08005bd8                HAL_NVIC_SetPriority
 .text.HAL_NVIC_EnableIRQ
                0x08005bf8       0x1c CMakeFiles/motorcontrol.elf.dir/Drivers/STM32F4xx_HAL_Driver/Src/stm32f4xx_hal_cortex.c.obj
                0x08005bf8                HAL_NVIC_EnableIRQ
 .text.HAL_SYSTICK_Config
                0x08005c14       0x28 CMakeFiles/motorcontrol.elf.dir/Drivers/STM32F4xx_HAL_Driver/Src/stm32f4xx_hal_cortex.c.obj
                0x08005c14                HAL_SYSTICK_Config
 .text.HAL_DMA_Abort
                0x08005c3c       0x94 CMakeFiles/motorcontrol.elf.dir/Drivers/STM32F4xx_HAL_Driver/Src/stm32f4xx_hal_dma.c.obj
                0x08005c3c                HAL_DMA_Abort
 .text.HAL_DMA_Abort_IT
                0x08005cd0       0x26 CMakeFiles/motorcontrol.elf.dir/Drivers/STM32F4xx_HAL_Driver/Src/stm32f4xx_hal_dma.c.obj
                0x08005cd0                HAL_DMA_Abort_IT
 *fill*         0x08005cf6        0x2 
 .text.HAL_GPIO_Init
                0x08005cf8      0x1e8 CMakeFiles/motorcontrol.elf.dir/Drivers/STM32F4xx_HAL_Driver/Src/stm32f4xx_hal_gpio.c.obj
                0x08005cf8                HAL_GPIO_Init
 .text.HAL_GPIO_WritePin
                0x08005ee0        0xc CMakeFiles/motorcontrol.elf.dir/Drivers/STM32F4xx_HAL_Driver/Src/stm32f4xx_hal_gpio.c.obj
                0x08005ee0                HAL_GPIO_WritePin
 .text.HAL_PWREx_EnableOverDrive
                0x08005eec       0x7c CMakeFiles/motorcontrol.elf.dir/Drivers/STM32F4xx_HAL_Driver/Src/stm32f4xx_hal_pwr_ex.c.obj
                0x08005eec                HAL_PWREx_EnableOverDrive
 .text.HAL_RCC_ClockConfig
                0x08005f68      0x160 CMakeFiles/motorcontrol.elf.dir/Drivers/STM32F4xx_HAL_Driver/Src/stm32f4xx_hal_rcc.c.obj
                0x08005f68                HAL_RCC_ClockConfig
 .text.HAL_RCC_GetHCLKFreq
                0x080060c8        0xc CMakeFiles/motorcontrol.elf.dir/Drivers/STM32F4xx_HAL_Driver/Src/stm32f4xx_hal_rcc.c.obj
                0x080060c8                HAL_RCC_GetHCLKFreq
 .text.HAL_RCC_GetPCLK1Freq
                0x080060d4       0x20 CMakeFiles/motorcontrol.elf.dir/Drivers/STM32F4xx_HAL_Driver/Src/stm32f4xx_hal_rcc.c.obj
                0x080060d4                HAL_RCC_GetPCLK1Freq
 .text.HAL_RCC_GetPCLK2Freq
                0x080060f4       0x20 CMakeFiles/motorcontrol.elf.dir/Drivers/STM32F4xx_HAL_Driver/Src/stm32f4xx_hal_rcc.c.obj
                0x080060f4                HAL_RCC_GetPCLK2Freq
 .text.HAL_RCC_GetSysClockFreq
                0x08006114      0x190 CMakeFiles/motorcontrol.elf.dir/Drivers/STM32F4xx_HAL_Driver/Src/stm32f4xx_hal_rcc_ex.c.obj
                0x08006114                HAL_RCC_GetSysClockFreq
 .text.HAL_RCC_OscConfig
                0x080062a4      0x444 CMakeFiles/motorcontrol.elf.dir/Drivers/STM32F4xx_HAL_Driver/Src/stm32f4xx_hal_rcc_ex.c.obj
                0x080062a4                HAL_RCC_OscConfig
 .text.SPI_WaitFlagStateUntilTimeout
                0x080066e8       0xc8 CMakeFiles/motorcontrol.elf.dir/Drivers/STM32F4xx_HAL_Driver/Src/stm32f4xx_hal_spi.c.obj
 .text.SPI_EndRxTxTransaction
                0x080067b0       0x68 CMakeFiles/motorcontrol.elf.dir/Drivers/STM32F4xx_HAL_Driver/Src/stm32f4xx_hal_spi.c.obj
 .text.HAL_SPI_Init
                0x08006818       0xbe CMakeFiles/motorcontrol.elf.dir/Drivers/STM32F4xx_HAL_Driver/Src/stm32f4xx_hal_spi.c.obj
                0x08006818                HAL_SPI_Init
 .text.HAL_SPI_TransmitReceive
                0x080068d6      0x238 CMakeFiles/motorcontrol.elf.dir/Drivers/STM32F4xx_HAL_Driver/Src/stm32f4xx_hal_spi.c.obj
                0x080068d6                HAL_SPI_TransmitReceive
 *fill*         0x08006b0e        0x2 
 .text.TIM_OC1_SetConfig
                0x08006b10       0x70 CMakeFiles/motorcontrol.elf.dir/Drivers/STM32F4xx_HAL_Driver/Src/stm32f4xx_hal_tim.c.obj
 .text.TIM_OC3_SetConfig
                0x08006b80       0x70 CMakeFiles/motorcontrol.elf.dir/Drivers/STM32F4xx_HAL_Driver/Src/stm32f4xx_hal_tim.c.obj
 .text.TIM_OC4_SetConfig
                0x08006bf0       0x50 CMakeFiles/motorcontrol.elf.dir/Drivers/STM32F4xx_HAL_Driver/Src/stm32f4xx_hal_tim.c.obj
 .text.TIM_TI1_ConfigInputStage
                0x08006c40       0x24 CMakeFiles/motorcontrol.elf.dir/Drivers/STM32F4xx_HAL_Driver/Src/stm32f4xx_hal_tim.c.obj
 .text.TIM_TI2_ConfigInputStage
                0x08006c64       0x26 CMakeFiles/motorcontrol.elf.dir/Drivers/STM32F4xx_HAL_Driver/Src/stm32f4xx_hal_tim.c.obj
 .text.TIM_ITRx_SetConfig
                0x08006c8a       0x10 CMakeFiles/motorcontrol.elf.dir/Drivers/STM32F4xx_HAL_Driver/Src/stm32f4xx_hal_tim.c.obj
 *fill*         0x08006c9a        0x2 
 .text.HAL_TIM_Base_Start_IT
                0x08006c9c       0x88 CMakeFiles/motorcontrol.elf.dir/Drivers/STM32F4xx_HAL_Driver/Src/stm32f4xx_hal_tim.c.obj
                0x08006c9c                HAL_TIM_Base_Start_IT
 .text.HAL_TIM_PWM_MspInit
                0x08006d24        0x2 CMakeFiles/motorcontrol.elf.dir/Drivers/STM32F4xx_HAL_Driver/Src/stm32f4xx_hal_tim.c.obj
                0x08006d24                HAL_TIM_PWM_MspInit
 .text.HAL_TIM_PeriodElapsedCallback
                0x08006d26        0x2 CMakeFiles/motorcontrol.elf.dir/Drivers/STM32F4xx_HAL_Driver/Src/stm32f4xx_hal_tim.c.obj
                0x08006d26                HAL_TIM_PeriodElapsedCallback
 .text.HAL_TIM_OC_DelayElapsedCallback
                0x08006d28        0x2 CMakeFiles/motorcontrol.elf.dir/Drivers/STM32F4xx_HAL_Driver/Src/stm32f4xx_hal_tim.c.obj
                0x08006d28                HAL_TIM_OC_DelayElapsedCallback
 .text.HAL_TIM_IC_CaptureCallback
                0x08006d2a        0x2 CMakeFiles/motorcontrol.elf.dir/Drivers/STM32F4xx_HAL_Driver/Src/stm32f4xx_hal_tim.c.obj
                0x08006d2a                HAL_TIM_IC_CaptureCallback
 .text.HAL_TIM_PWM_PulseFinishedCallback
                0x08006d2c        0x2 CMakeFiles/motorcontrol.elf.dir/Drivers/STM32F4xx_HAL_Driver/Src/stm32f4xx_hal_tim.c.obj
                0x08006d2c                HAL_TIM_PWM_PulseFinishedCallback
 .text.HAL_TIM_TriggerCallback
                0x08006d2e        0x2 CMakeFiles/motorcontrol.elf.dir/Drivers/STM32F4xx_HAL_Driver/Src/stm32f4xx_hal_tim.c.obj
                0x08006d2e                HAL_TIM_TriggerCallback
 .text.HAL_TIM_IRQHandler
                0x08006d30      0x17a CMakeFiles/motorcontrol.elf.dir/Drivers/STM32F4xx_HAL_Driver/Src/stm32f4xx_hal_tim.c.obj
                0x08006d30                HAL_TIM_IRQHandler
 *fill*         0x08006eaa        0x2 
 .text.TIM_Base_SetConfig
                0x08006eac       0xc8 CMakeFiles/motorcontrol.elf.dir/Drivers/STM32F4xx_HAL_Driver/Src/stm32f4xx_hal_tim.c.obj
                0x08006eac                TIM_Base_SetConfig
 .text.HAL_TIM_Base_Init
                0x08006f74       0x58 CMakeFiles/motorcontrol.elf.dir/Drivers/STM32F4xx_HAL_Driver/Src/stm32f4xx_hal_tim.c.obj
                0x08006f74                HAL_TIM_Base_Init
 .text.HAL_TIM_PWM_Init
                0x08006fcc       0x58 CMakeFiles/motorcontrol.elf.dir/Drivers/STM32F4xx_HAL_Driver/Src/stm32f4xx_hal_tim.c.obj
                0x08006fcc                HAL_TIM_PWM_Init
 .text.TIM_OC2_SetConfig
                0x08007024       0x70 CMakeFiles/motorcontrol.elf.dir/Drivers/STM32F4xx_HAL_Driver/Src/stm32f4xx_hal_tim.c.obj
                0x08007024                TIM_OC2_SetConfig
 .text.HAL_TIM_PWM_ConfigChannel
                0x08007094       0xdc CMakeFiles/motorcontrol.elf.dir/Drivers/STM32F4xx_HAL_Driver/Src/stm32f4xx_hal_tim.c.obj
                0x08007094                HAL_TIM_PWM_ConfigChannel
 .text.TIM_ETR_SetConfig
                0x08007170       0x18 CMakeFiles/motorcontrol.elf.dir/Drivers/STM32F4xx_HAL_Driver/Src/stm32f4xx_hal_tim.c.obj
                0x08007170                TIM_ETR_SetConfig
 .text.HAL_TIM_ConfigClockSource
                0x08007188       0xfe CMakeFiles/motorcontrol.elf.dir/Drivers/STM32F4xx_HAL_Driver/Src/stm32f4xx_hal_tim.c.obj
                0x08007188                HAL_TIM_ConfigClockSource
 .text.TIM_CCxChannelCmd
                0x08007286       0x1e CMakeFiles/motorcontrol.elf.dir/Drivers/STM32F4xx_HAL_Driver/Src/stm32f4xx_hal_tim.c.obj
                0x08007286                TIM_CCxChannelCmd
 .text.HAL_TIM_PWM_Start
                0x080072a4      0x104 CMakeFiles/motorcontrol.elf.dir/Drivers/STM32F4xx_HAL_Driver/Src/stm32f4xx_hal_tim.c.obj
                0x080072a4                HAL_TIM_PWM_Start
 .text.HAL_TIMEx_MasterConfigSynchronization
                0x080073a8       0x8c CMakeFiles/motorcontrol.elf.dir/Drivers/STM32F4xx_HAL_Driver/Src/stm32f4xx_hal_tim_ex.c.obj
                0x080073a8                HAL_TIMEx_MasterConfigSynchronization
 .text.HAL_TIMEx_ConfigBreakDeadTime
                0x08007434       0x52 CMakeFiles/motorcontrol.elf.dir/Drivers/STM32F4xx_HAL_Driver/Src/stm32f4xx_hal_tim_ex.c.obj
                0x08007434                HAL_TIMEx_ConfigBreakDeadTime
 .text.HAL_TIMEx_CommutCallback
                0x08007486        0x2 CMakeFiles/motorcontrol.elf.dir/Drivers/STM32F4xx_HAL_Driver/Src/stm32f4xx_hal_tim_ex.c.obj
                0x08007486                HAL_TIMEx_CommutCallback
 .text.HAL_TIMEx_BreakCallback
                0x08007488        0x2 CMakeFiles/motorcontrol.elf.dir/Drivers/STM32F4xx_HAL_Driver/Src/stm32f4xx_hal_tim_ex.c.obj
                0x08007488                HAL_TIMEx_BreakCallback
 .text.UART_EndRxTransfer
                0x0800748a       0x5c CMakeFiles/motorcontrol.elf.dir/Drivers/STM32F4xx_HAL_Driver/Src/stm32f4xx_hal_uart.c.obj
 .text.UART_Transmit_IT
                0x080074e6       0x60 CMakeFiles/motorcontrol.elf.dir/Drivers/STM32F4xx_HAL_Driver/Src/stm32f4xx_hal_uart.c.obj
 *fill*         0x08007546        0x2 
 .text.UART_SetConfig
                0x08007548      0x110 CMakeFiles/motorcontrol.elf.dir/Drivers/STM32F4xx_HAL_Driver/Src/stm32f4xx_hal_uart.c.obj
 .text.UART_WaitOnFlagUntilTimeout
                0x08007658       0x84 CMakeFiles/motorcontrol.elf.dir/Drivers/STM32F4xx_HAL_Driver/Src/stm32f4xx_hal_uart.c.obj
 .text.HAL_UART_Init
                0x080076dc       0x5e CMakeFiles/motorcontrol.elf.dir/Drivers/STM32F4xx_HAL_Driver/Src/stm32f4xx_hal_uart.c.obj
                0x080076dc                HAL_UART_Init
 .text.HAL_UART_Transmit
                0x0800773a       0xd8 CMakeFiles/motorcontrol.elf.dir/Drivers/STM32F4xx_HAL_Driver/Src/stm32f4xx_hal_uart.c.obj
                0x0800773a                HAL_UART_Transmit
 .text.HAL_UART_TxCpltCallback
                0x08007812        0x2 CMakeFiles/motorcontrol.elf.dir/Drivers/STM32F4xx_HAL_Driver/Src/stm32f4xx_hal_uart.c.obj
                0x08007812                HAL_UART_TxCpltCallback
 .text.UART_EndTransmit_IT
                0x08007814       0x1a CMakeFiles/motorcontrol.elf.dir/Drivers/STM32F4xx_HAL_Driver/Src/stm32f4xx_hal_uart.c.obj
 .text.HAL_UART_ErrorCallback
                0x0800782e        0x2 CMakeFiles/motorcontrol.elf.dir/Drivers/STM32F4xx_HAL_Driver/Src/stm32f4xx_hal_uart.c.obj
                0x0800782e                HAL_UART_ErrorCallback
 .text.UART_DMAAbortOnError
                0x08007830       0x10 CMakeFiles/motorcontrol.elf.dir/Drivers/STM32F4xx_HAL_Driver/Src/stm32f4xx_hal_uart.c.obj
 .text.HAL_UARTEx_RxEventCallback
                0x08007840        0x2 CMakeFiles/motorcontrol.elf.dir/Drivers/STM32F4xx_HAL_Driver/Src/stm32f4xx_hal_uart.c.obj
                0x08007840                HAL_UARTEx_RxEventCallback
 .text.UART_Receive_IT
                0x08007842       0xe2 CMakeFiles/motorcontrol.elf.dir/Drivers/STM32F4xx_HAL_Driver/Src/stm32f4xx_hal_uart.c.obj
 .text.HAL_UART_IRQHandler
                0x08007924      0x27c CMakeFiles/motorcontrol.elf.dir/Drivers/STM32F4xx_HAL_Driver/Src/stm32f4xx_hal_uart.c.obj
                0x08007924                HAL_UART_IRQHandler
 .text.UART_Start_Receive_IT
                0x08007ba0       0x3a CMakeFiles/motorcontrol.elf.dir/Drivers/STM32F4xx_HAL_Driver/Src/stm32f4xx_hal_uart.c.obj
                0x08007ba0                UART_Start_Receive_IT
 .text.HAL_UART_Receive_IT
                0x08007bda       0x38 CMakeFiles/motorcontrol.elf.dir/Drivers/STM32F4xx_HAL_Driver/Src/stm32f4xx_hal_uart.c.obj
                0x08007bda                HAL_UART_Receive_IT
 *fill*         0x08007c12        0x2 
 .text.__udivmoddi4
                0x08007c14      0x2bc /Applications/ArmGNUToolchain/13.2.Rel1/arm-none-eabi/bin/../lib/gcc/arm-none-eabi/13.2.1/thumb/v7e-m/nofp/libgcc.a(_udivmoddi4.o)
                0x08007c14                __udivmoddi4
 .text.atof     0x08007ed0        0x8 /Applications/ArmGNUToolchain/13.2.Rel1/arm-none-eabi/bin/../lib/gcc/arm-none-eabi/13.2.1/../../../../arm-none-eabi/lib/thumb/v7e-m/nofp/libc.a(libc_a-atof.o)
                0x08007ed0                atof
 .text.atoi     0x08007ed8        0x8 /Applications/ArmGNUToolchain/13.2.Rel1/arm-none-eabi/bin/../lib/gcc/arm-none-eabi/13.2.1/../../../../arm-none-eabi/lib/thumb/v7e-m/nofp/libc.a(libc_a-atoi.o)
                0x08007ed8                atoi
 .text.printf   0x08007ee0       0x28 /Applications/ArmGNUToolchain/13.2.Rel1/arm-none-eabi/bin/../lib/gcc/arm-none-eabi/13.2.1/../../../../arm-none-eabi/lib/thumb/v7e-m/nofp/libc.a(libc_a-printf.o)
                0x08007ee0                printf
 .text._vfprintf_r
                0x08007f08     0x1c30 /Applications/ArmGNUToolchain/13.2.Rel1/arm-none-eabi/bin/../lib/gcc/arm-none-eabi/13.2.1/../../../../arm-none-eabi/lib/thumb/v7e-m/nofp/libc.a(libc_a-vfprintf.o)
                0x08007f08                _vfprintf_r
 .text.__sbprintf
                0x08009b38       0x80 /Applications/ArmGNUToolchain/13.2.Rel1/arm-none-eabi/bin/../lib/gcc/arm-none-eabi/13.2.1/../../../../arm-none-eabi/lib/thumb/v7e-m/nofp/libc.a(libc_a-vfprintf.o)
 .text.__sprint_r.part.0
                0x08009bb8       0x78 /Applications/ArmGNUToolchain/13.2.Rel1/arm-none-eabi/bin/../lib/gcc/arm-none-eabi/13.2.1/../../../../arm-none-eabi/lib/thumb/v7e-m/nofp/libc.a(libc_a-vfiprintf.o)
 .text.__sprint_r
                0x08009c30       0x14 /Applications/ArmGNUToolchain/13.2.Rel1/arm-none-eabi/bin/../lib/gcc/arm-none-eabi/13.2.1/../../../../arm-none-eabi/lib/thumb/v7e-m/nofp/libc.a(libc_a-vfiprintf.o)
                0x08009c30                __sprint_r
 .text._vfiprintf_r
                0x08009c44     0x100c /Applications/ArmGNUToolchain/13.2.Rel1/arm-none-eabi/bin/../lib/gcc/arm-none-eabi/13.2.1/../../../../arm-none-eabi/lib/thumb/v7e-m/nofp/libc.a(libc_a-vfiprintf.o)
                0x08009c44                _vfiprintf_r
 .text.__sbprintf
                0x0800ac50       0x80 /Applications/ArmGNUToolchain/13.2.Rel1/arm-none-eabi/bin/../lib/gcc/arm-none-eabi/13.2.1/../../../../arm-none-eabi/lib/thumb/v7e-m/nofp/libc.a(libc_a-vfiprintf.o)
 .text._puts_r  0x0800acd0       0x98 /Applications/ArmGNUToolchain/13.2.Rel1/arm-none-eabi/bin/../lib/gcc/arm-none-eabi/13.2.1/../../../../arm-none-eabi/lib/thumb/v7e-m/nofp/libc.a(libc_a-puts.o)
                0x0800acd0                _puts_r
 .text.puts     0x0800ad68       0x10 /Applications/ArmGNUToolchain/13.2.Rel1/arm-none-eabi/bin/../lib/gcc/arm-none-eabi/13.2.1/../../../../arm-none-eabi/lib/thumb/v7e-m/nofp/libc.a(libc_a-puts.o)
                0x0800ad68                puts
 .text._strtod_l
                0x0800ad78      0xf84 /Applications/ArmGNUToolchain/13.2.Rel1/arm-none-eabi/bin/../lib/gcc/arm-none-eabi/13.2.1/../../../../arm-none-eabi/lib/thumb/v7e-m/nofp/libc.a(libc_a-strtod.o)
                0x0800ad78                _strtod_l
 .text.strtod   0x0800bcfc       0x1c /Applications/ArmGNUToolchain/13.2.Rel1/arm-none-eabi/bin/../lib/gcc/arm-none-eabi/13.2.1/../../../../arm-none-eabi/lib/thumb/v7e-m/nofp/libc.a(libc_a-strtod.o)
                0x0800bcfc                strtod
 .text._strtol_l.isra.0
                0x0800bd18      0x138 /Applications/ArmGNUToolchain/13.2.Rel1/arm-none-eabi/bin/../lib/gcc/arm-none-eabi/13.2.1/../../../../arm-none-eabi/lib/thumb/v7e-m/nofp/libc.a(libc_a-strtol.o)
 .text.strtol   0x0800be50       0x18 /Applications/ArmGNUToolchain/13.2.Rel1/arm-none-eabi/bin/../lib/gcc/arm-none-eabi/13.2.1/../../../../arm-none-eabi/lib/thumb/v7e-m/nofp/libc.a(libc_a-strtol.o)
                0x0800be50                strtol
 .text.__sflush_r
                0x0800be68      0x128 /Applications/ArmGNUToolchain/13.2.Rel1/arm-none-eabi/bin/../lib/gcc/arm-none-eabi/13.2.1/../../../../arm-none-eabi/lib/thumb/v7e-m/nofp/libc.a(libc_a-fflush.o)
                0x0800be68                __sflush_r
 .text._fflush_r
                0x0800bf90       0x54 /Applications/ArmGNUToolchain/13.2.Rel1/arm-none-eabi/bin/../lib/gcc/arm-none-eabi/13.2.1/../../../../arm-none-eabi/lib/thumb/v7e-m/nofp/libc.a(libc_a-fflush.o)
                0x0800bf90                _fflush_r
 .text.stdio_exit_handler
                0x0800bfe4       0x18 /Applications/ArmGNUToolchain/13.2.Rel1/arm-none-eabi/bin/../lib/gcc/arm-none-eabi/13.2.1/../../../../arm-none-eabi/lib/thumb/v7e-m/nofp/libc.a(libc_a-findfp.o)
 .text.cleanup_stdio
                0x0800bffc       0x40 /Applications/ArmGNUToolchain/13.2.Rel1/arm-none-eabi/bin/../lib/gcc/arm-none-eabi/13.2.1/../../../../arm-none-eabi/lib/thumb/v7e-m/nofp/libc.a(libc_a-findfp.o)
 .text.global_stdio_init.part.0
                0x0800c03c       0xf0 /Applications/ArmGNUToolchain/13.2.Rel1/arm-none-eabi/bin/../lib/gcc/arm-none-eabi/13.2.1/../../../../arm-none-eabi/lib/thumb/v7e-m/nofp/libc.a(libc_a-findfp.o)
 .text.__sinit  0x0800c12c       0x3c /Applications/ArmGNUToolchain/13.2.Rel1/arm-none-eabi/bin/../lib/gcc/arm-none-eabi/13.2.1/../../../../arm-none-eabi/lib/thumb/v7e-m/nofp/libc.a(libc_a-findfp.o)
                0x0800c12c                __sinit
 .text.__sfp_lock_acquire
                0x0800c168        0xc /Applications/ArmGNUToolchain/13.2.Rel1/arm-none-eabi/bin/../lib/gcc/arm-none-eabi/13.2.1/../../../../arm-none-eabi/lib/thumb/v7e-m/nofp/libc.a(libc_a-findfp.o)
                0x0800c168                __sfp_lock_acquire
 .text.__sfp_lock_release
                0x0800c174        0xc /Applications/ArmGNUToolchain/13.2.Rel1/arm-none-eabi/bin/../lib/gcc/arm-none-eabi/13.2.1/../../../../arm-none-eabi/lib/thumb/v7e-m/nofp/libc.a(libc_a-findfp.o)
                0x0800c174                __sfp_lock_release
 .text.__sfvwrite_r
                0x0800c180      0x2f8 /Applications/ArmGNUToolchain/13.2.Rel1/arm-none-eabi/bin/../lib/gcc/arm-none-eabi/13.2.1/../../../../arm-none-eabi/lib/thumb/v7e-m/nofp/libc.a(libc_a-fvwrite.o)
                0x0800c180                __sfvwrite_r
 .text._fwalk_sglue
                0x0800c478       0x44 /Applications/ArmGNUToolchain/13.2.Rel1/arm-none-eabi/bin/../lib/gcc/arm-none-eabi/13.2.1/../../../../arm-none-eabi/lib/thumb/v7e-m/nofp/libc.a(libc_a-fwalk.o)
                0x0800c478                _fwalk_sglue
 .text.__swsetup_r
                0x0800c4bc       0xc4 /Applications/ArmGNUToolchain/13.2.Rel1/arm-none-eabi/bin/../lib/gcc/arm-none-eabi/13.2.1/../../../../arm-none-eabi/lib/thumb/v7e-m/nofp/libc.a(libc_a-wsetup.o)
                0x0800c4bc                __swsetup_r
 .text.__fputwc
                0x0800c580       0x7c /Applications/ArmGNUToolchain/13.2.Rel1/arm-none-eabi/bin/../lib/gcc/arm-none-eabi/13.2.1/../../../../arm-none-eabi/lib/thumb/v7e-m/nofp/libc.a(libc_a-fputwc.o)
                0x0800c580                __fputwc
 .text._fputwc_r
                0x0800c5fc       0x60 /Applications/ArmGNUToolchain/13.2.Rel1/arm-none-eabi/bin/../lib/gcc/arm-none-eabi/13.2.1/../../../../arm-none-eabi/lib/thumb/v7e-m/nofp/libc.a(libc_a-fputwc.o)
                0x0800c5fc                _fputwc_r
 .text.memmove  0x0800c65c      0x100 /Applications/ArmGNUToolchain/13.2.Rel1/arm-none-eabi/bin/../lib/gcc/arm-none-eabi/13.2.1/../../../../arm-none-eabi/lib/thumb/v7e-m/nofp/libc.a(libc_a-memmove.o)
                0x0800c65c                memmove
 .text.memset   0x0800c75c       0xa4 /Applications/ArmGNUToolchain/13.2.Rel1/arm-none-eabi/bin/../lib/gcc/arm-none-eabi/13.2.1/../../../../arm-none-eabi/lib/thumb/v7e-m/nofp/libc.a(libc_a-memset.o)
                0x0800c75c                memset
 .text.strncmp  0x0800c800       0x8c /Applications/ArmGNUToolchain/13.2.Rel1/arm-none-eabi/bin/../lib/gcc/arm-none-eabi/13.2.1/../../../../arm-none-eabi/lib/thumb/v7e-m/nofp/libc.a(libc_a-strncmp.o)
                0x0800c800                strncmp
 .text.strncpy  0x0800c88c       0x68 /Applications/ArmGNUToolchain/13.2.Rel1/arm-none-eabi/bin/../lib/gcc/arm-none-eabi/13.2.1/../../../../arm-none-eabi/lib/thumb/v7e-m/nofp/libc.a(libc_a-strncpy.o)
                0x0800c88c                strncpy
 .text.__locale_mb_cur_max
                0x0800c8f4        0xc /Applications/ArmGNUToolchain/13.2.Rel1/arm-none-eabi/bin/../lib/gcc/arm-none-eabi/13.2.1/../../../../arm-none-eabi/lib/thumb/v7e-m/nofp/libc.a(libc_a-locale.o)
                0x0800c8f4                __locale_mb_cur_max
 .text._localeconv_r
                0x0800c900        0x8 /Applications/ArmGNUToolchain/13.2.Rel1/arm-none-eabi/bin/../lib/gcc/arm-none-eabi/13.2.1/../../../../arm-none-eabi/lib/thumb/v7e-m/nofp/libc.a(libc_a-localeconv.o)
                0x0800c900                _localeconv_r
 .text.__errno  0x0800c908        0xc /Applications/ArmGNUToolchain/13.2.Rel1/arm-none-eabi/bin/../lib/gcc/arm-none-eabi/13.2.1/../../../../arm-none-eabi/lib/thumb/v7e-m/nofp/libc.a(libc_a-errno.o)
                0x0800c908                __errno
 .text.__libc_init_array
                0x0800c914       0x50 /Applications/ArmGNUToolchain/13.2.Rel1/arm-none-eabi/bin/../lib/gcc/arm-none-eabi/13.2.1/../../../../arm-none-eabi/lib/thumb/v7e-m/nofp/libc.a(libc_a-init.o)
                0x0800c914                __libc_init_array
 .text.__retarget_lock_init_recursive
                0x0800c964        0x4 /Applications/ArmGNUToolchain/13.2.Rel1/arm-none-eabi/bin/../lib/gcc/arm-none-eabi/13.2.1/../../../../arm-none-eabi/lib/thumb/v7e-m/nofp/libc.a(libc_a-lock.o)
                0x0800c964                __retarget_lock_init_recursive
 .text.__retarget_lock_close_recursive
                0x0800c968        0x4 /Applications/ArmGNUToolchain/13.2.Rel1/arm-none-eabi/bin/../lib/gcc/arm-none-eabi/13.2.1/../../../../arm-none-eabi/lib/thumb/v7e-m/nofp/libc.a(libc_a-lock.o)
                0x0800c968                __retarget_lock_close_recursive
 .text.__retarget_lock_acquire_recursive
                0x0800c96c        0x4 /Applications/ArmGNUToolchain/13.2.Rel1/arm-none-eabi/bin/../lib/gcc/arm-none-eabi/13.2.1/../../../../arm-none-eabi/lib/thumb/v7e-m/nofp/libc.a(libc_a-lock.o)
                0x0800c96c                __retarget_lock_acquire_recursive
 .text.__retarget_lock_release_recursive
                0x0800c970        0x4 /Applications/ArmGNUToolchain/13.2.Rel1/arm-none-eabi/bin/../lib/gcc/arm-none-eabi/13.2.1/../../../../arm-none-eabi/lib/thumb/v7e-m/nofp/libc.a(libc_a-lock.o)
                0x0800c970                __retarget_lock_release_recursive
 .text._wcrtomb_r
                0x0800c974       0x4c /Applications/ArmGNUToolchain/13.2.Rel1/arm-none-eabi/bin/../lib/gcc/arm-none-eabi/13.2.1/../../../../arm-none-eabi/lib/thumb/v7e-m/nofp/libc.a(libc_a-wcrtomb.o)
                0x0800c974                _wcrtomb_r
 .text._wcsrtombs_r
                0x0800c9c0       0x1c /Applications/ArmGNUToolchain/13.2.Rel1/arm-none-eabi/bin/../lib/gcc/arm-none-eabi/13.2.1/../../../../arm-none-eabi/lib/thumb/v7e-m/nofp/libc.a(libc_a-wcsrtombs.o)
                0x0800c9c0                _wcsrtombs_r
 .text.nan      0x0800c9dc        0xc /Applications/ArmGNUToolchain/13.2.Rel1/arm-none-eabi/bin/../lib/gcc/arm-none-eabi/13.2.1/../../../../arm-none-eabi/lib/thumb/v7e-m/nofp/libc.a(libm_a-s_nan.o)
                0x0800c9dc                nan
 .text.frexp    0x0800c9e8       0x6c /Applications/ArmGNUToolchain/13.2.Rel1/arm-none-eabi/bin/../lib/gcc/arm-none-eabi/13.2.1/../../../../arm-none-eabi/lib/thumb/v7e-m/nofp/libc.a(libm_a-s_frexp.o)
                0x0800c9e8                frexp
 .text.startup.register_fini
                0x0800ca54       0x14 /Applications/ArmGNUToolchain/13.2.Rel1/arm-none-eabi/bin/../lib/gcc/arm-none-eabi/13.2.1/../../../../arm-none-eabi/lib/thumb/v7e-m/nofp/libc.a(libc_a-__call_atexit.o)
 .text.atexit   0x0800ca68        0xc /Applications/ArmGNUToolchain/13.2.Rel1/arm-none-eabi/bin/../lib/gcc/arm-none-eabi/13.2.1/../../../../arm-none-eabi/lib/thumb/v7e-m/nofp/libc.a(libc_a-atexit.o)
                0x0800ca68                atexit
 .text.quorem   0x0800ca74      0x12c /Applications/ArmGNUToolchain/13.2.Rel1/arm-none-eabi/bin/../lib/gcc/arm-none-eabi/13.2.1/../../../../arm-none-eabi/lib/thumb/v7e-m/nofp/libc.a(libc_a-dtoa.o)
 .text._dtoa_r  0x0800cba0      0xe80 /Applications/ArmGNUToolchain/13.2.Rel1/arm-none-eabi/bin/../lib/gcc/arm-none-eabi/13.2.1/../../../../arm-none-eabi/lib/thumb/v7e-m/nofp/libc.a(libc_a-dtoa.o)
                0x0800cba0                _dtoa_r
 .text._malloc_trim_r
                0x0800da20       0xb8 /Applications/ArmGNUToolchain/13.2.Rel1/arm-none-eabi/bin/../lib/gcc/arm-none-eabi/13.2.1/../../../../arm-none-eabi/lib/thumb/v7e-m/nofp/libc.a(libc_a-freer.o)
                0x0800da20                _malloc_trim_r
 .text._free_r  0x0800dad8      0x1f8 /Applications/ArmGNUToolchain/13.2.Rel1/arm-none-eabi/bin/../lib/gcc/arm-none-eabi/13.2.1/../../../../arm-none-eabi/lib/thumb/v7e-m/nofp/libc.a(libc_a-freer.o)
                0x0800dad8                _free_r
 .text.rshift   0x0800dcd0       0xa4 /Applications/ArmGNUToolchain/13.2.Rel1/arm-none-eabi/bin/../lib/gcc/arm-none-eabi/13.2.1/../../../../arm-none-eabi/lib/thumb/v7e-m/nofp/libc.a(libc_a-gdtoa-gethex.o)
 .text.__gethex
                0x0800dd74      0x588 /Applications/ArmGNUToolchain/13.2.Rel1/arm-none-eabi/bin/../lib/gcc/arm-none-eabi/13.2.1/../../../../arm-none-eabi/lib/thumb/v7e-m/nofp/libc.a(libc_a-gdtoa-gethex.o)
                0x0800dd74                __gethex
 .text.__match  0x0800e2fc       0x34 /Applications/ArmGNUToolchain/13.2.Rel1/arm-none-eabi/bin/../lib/gcc/arm-none-eabi/13.2.1/../../../../arm-none-eabi/lib/thumb/v7e-m/nofp/libc.a(libc_a-gdtoa-hexnan.o)
                0x0800e2fc                __match
 .text.__hexnan
                0x0800e330      0x1cc /Applications/ArmGNUToolchain/13.2.Rel1/arm-none-eabi/bin/../lib/gcc/arm-none-eabi/13.2.1/../../../../arm-none-eabi/lib/thumb/v7e-m/nofp/libc.a(libc_a-gdtoa-hexnan.o)
                0x0800e330                __hexnan
 .text._malloc_r
                0x0800e4fc      0x564 /Applications/ArmGNUToolchain/13.2.Rel1/arm-none-eabi/bin/../lib/gcc/arm-none-eabi/13.2.1/../../../../arm-none-eabi/lib/thumb/v7e-m/nofp/libc.a(libc_a-mallocr.o)
                0x0800e4fc                _malloc_r
 .text.__ascii_mbtowc
                0x0800ea60       0x2c /Applications/ArmGNUToolchain/13.2.Rel1/arm-none-eabi/bin/../lib/gcc/arm-none-eabi/13.2.1/../../../../arm-none-eabi/lib/thumb/v7e-m/nofp/libc.a(libc_a-mbtowc_r.o)
                0x0800ea60                __ascii_mbtowc
 .text.__smakebuf_r
                0x0800ea8c       0xdc /Applications/ArmGNUToolchain/13.2.Rel1/arm-none-eabi/bin/../lib/gcc/arm-none-eabi/13.2.1/../../../../arm-none-eabi/lib/thumb/v7e-m/nofp/libc.a(libc_a-makebuf.o)
                0x0800ea8c                __smakebuf_r
 .text.__malloc_lock
                0x0800eb68        0xc /Applications/ArmGNUToolchain/13.2.Rel1/arm-none-eabi/bin/../lib/gcc/arm-none-eabi/13.2.1/../../../../arm-none-eabi/lib/thumb/v7e-m/nofp/libc.a(libc_a-mlock.o)
                0x0800eb68                __malloc_lock
 .text.__malloc_unlock
                0x0800eb74        0xc /Applications/ArmGNUToolchain/13.2.Rel1/arm-none-eabi/bin/../lib/gcc/arm-none-eabi/13.2.1/../../../../arm-none-eabi/lib/thumb/v7e-m/nofp/libc.a(libc_a-mlock.o)
                0x0800eb74                __malloc_unlock
 .text._Balloc  0x0800eb80       0x4c /Applications/ArmGNUToolchain/13.2.Rel1/arm-none-eabi/bin/../lib/gcc/arm-none-eabi/13.2.1/../../../../arm-none-eabi/lib/thumb/v7e-m/nofp/libc.a(libc_a-mprec.o)
                0x0800eb80                _Balloc
 .text._Bfree   0x0800ebcc       0x14 /Applications/ArmGNUToolchain/13.2.Rel1/arm-none-eabi/bin/../lib/gcc/arm-none-eabi/13.2.1/../../../../arm-none-eabi/lib/thumb/v7e-m/nofp/libc.a(libc_a-mprec.o)
                0x0800ebcc                _Bfree
 .text.__multadd
                0x0800ebe0       0xa0 /Applications/ArmGNUToolchain/13.2.Rel1/arm-none-eabi/bin/../lib/gcc/arm-none-eabi/13.2.1/../../../../arm-none-eabi/lib/thumb/v7e-m/nofp/libc.a(libc_a-mprec.o)
                0x0800ebe0                __multadd
 .text.__s2b    0x0800ec80       0xb4 /Applications/ArmGNUToolchain/13.2.Rel1/arm-none-eabi/bin/../lib/gcc/arm-none-eabi/13.2.1/../../../../arm-none-eabi/lib/thumb/v7e-m/nofp/libc.a(libc_a-mprec.o)
                0x0800ec80                __s2b
 .text.__hi0bits
                0x0800ed34       0x44 /Applications/ArmGNUToolchain/13.2.Rel1/arm-none-eabi/bin/../lib/gcc/arm-none-eabi/13.2.1/../../../../arm-none-eabi/lib/thumb/v7e-m/nofp/libc.a(libc_a-mprec.o)
                0x0800ed34                __hi0bits
 .text.__lo0bits
                0x0800ed78       0x60 /Applications/ArmGNUToolchain/13.2.Rel1/arm-none-eabi/bin/../lib/gcc/arm-none-eabi/13.2.1/../../../../arm-none-eabi/lib/thumb/v7e-m/nofp/libc.a(libc_a-mprec.o)
                0x0800ed78                __lo0bits
 .text.__i2b    0x0800edd8       0x5c /Applications/ArmGNUToolchain/13.2.Rel1/arm-none-eabi/bin/../lib/gcc/arm-none-eabi/13.2.1/../../../../arm-none-eabi/lib/thumb/v7e-m/nofp/libc.a(libc_a-mprec.o)
                0x0800edd8                __i2b
 .text.__multiply
                0x0800ee34      0x16c /Applications/ArmGNUToolchain/13.2.Rel1/arm-none-eabi/bin/../lib/gcc/arm-none-eabi/13.2.1/../../../../arm-none-eabi/lib/thumb/v7e-m/nofp/libc.a(libc_a-mprec.o)
                0x0800ee34                __multiply
 .text.__pow5mult
                0x0800efa0       0xb4 /Applications/ArmGNUToolchain/13.2.Rel1/arm-none-eabi/bin/../lib/gcc/arm-none-eabi/13.2.1/../../../../arm-none-eabi/lib/thumb/v7e-m/nofp/libc.a(libc_a-mprec.o)
                0x0800efa0                __pow5mult
 .text.__lshift
                0x0800f054       0xf0 /Applications/ArmGNUToolchain/13.2.Rel1/arm-none-eabi/bin/../lib/gcc/arm-none-eabi/13.2.1/../../../../arm-none-eabi/lib/thumb/v7e-m/nofp/libc.a(libc_a-mprec.o)
                0x0800f054                __lshift
 .text.__mcmp   0x0800f144       0x40 /Applications/ArmGNUToolchain/13.2.Rel1/arm-none-eabi/bin/../lib/gcc/arm-none-eabi/13.2.1/../../../../arm-none-eabi/lib/thumb/v7e-m/nofp/libc.a(libc_a-mprec.o)
                0x0800f144                __mcmp
 .text.__mdiff  0x0800f184      0x178 /Applications/ArmGNUToolchain/13.2.Rel1/arm-none-eabi/bin/../lib/gcc/arm-none-eabi/13.2.1/../../../../arm-none-eabi/lib/thumb/v7e-m/nofp/libc.a(libc_a-mprec.o)
                0x0800f184                __mdiff
 .text.__ulp    0x0800f2fc       0x4c /Applications/ArmGNUToolchain/13.2.Rel1/arm-none-eabi/bin/../lib/gcc/arm-none-eabi/13.2.1/../../../../arm-none-eabi/lib/thumb/v7e-m/nofp/libc.a(libc_a-mprec.o)
                0x0800f2fc                __ulp
 .text.__b2d    0x0800f348       0xc0 /Applications/ArmGNUToolchain/13.2.Rel1/arm-none-eabi/bin/../lib/gcc/arm-none-eabi/13.2.1/../../../../arm-none-eabi/lib/thumb/v7e-m/nofp/libc.a(libc_a-mprec.o)
                0x0800f348                __b2d
 .text.__d2b    0x0800f408       0xbc /Applications/ArmGNUToolchain/13.2.Rel1/arm-none-eabi/bin/../lib/gcc/arm-none-eabi/13.2.1/../../../../arm-none-eabi/lib/thumb/v7e-m/nofp/libc.a(libc_a-mprec.o)
                0x0800f408                __d2b
 .text.__ratio  0x0800f4c4       0x5c /Applications/ArmGNUToolchain/13.2.Rel1/arm-none-eabi/bin/../lib/gcc/arm-none-eabi/13.2.1/../../../../arm-none-eabi/lib/thumb/v7e-m/nofp/libc.a(libc_a-mprec.o)
                0x0800f4c4                __ratio
 .text.__copybits
                0x0800f520       0x5c /Applications/ArmGNUToolchain/13.2.Rel1/arm-none-eabi/bin/../lib/gcc/arm-none-eabi/13.2.1/../../../../arm-none-eabi/lib/thumb/v7e-m/nofp/libc.a(libc_a-mprec.o)
                0x0800f520                __copybits
 .text.__any_on
                0x0800f57c       0x58 /Applications/ArmGNUToolchain/13.2.Rel1/arm-none-eabi/bin/../lib/gcc/arm-none-eabi/13.2.1/../../../../arm-none-eabi/lib/thumb/v7e-m/nofp/libc.a(libc_a-mprec.o)
                0x0800f57c                __any_on
 .text._fclose_r
                0x0800f5d4       0xc0 /Applications/ArmGNUToolchain/13.2.Rel1/arm-none-eabi/bin/../lib/gcc/arm-none-eabi/13.2.1/../../../../arm-none-eabi/lib/thumb/v7e-m/nofp/libc.a(libc_a-fclose.o)
                0x0800f5d4                _fclose_r
 .text._realloc_r
                0x0800f694      0x344 /Applications/ArmGNUToolchain/13.2.Rel1/arm-none-eabi/bin/../lib/gcc/arm-none-eabi/13.2.1/../../../../arm-none-eabi/lib/thumb/v7e-m/nofp/libc.a(libc_a-reallocr.o)
                0x0800f694                _realloc_r
 .text.__sread  0x0800f9d8       0x24 /Applications/ArmGNUToolchain/13.2.Rel1/arm-none-eabi/bin/../lib/gcc/arm-none-eabi/13.2.1/../../../../arm-none-eabi/lib/thumb/v7e-m/nofp/libc.a(libc_a-stdio.o)
                0x0800f9d8                __sread
 .text.__swrite
                0x0800f9fc       0x40 /Applications/ArmGNUToolchain/13.2.Rel1/arm-none-eabi/bin/../lib/gcc/arm-none-eabi/13.2.1/../../../../arm-none-eabi/lib/thumb/v7e-m/nofp/libc.a(libc_a-stdio.o)
                0x0800f9fc                __swrite
 .text.__sseek  0x0800fa3c       0x24 /Applications/ArmGNUToolchain/13.2.Rel1/arm-none-eabi/bin/../lib/gcc/arm-none-eabi/13.2.1/../../../../arm-none-eabi/lib/thumb/v7e-m/nofp/libc.a(libc_a-stdio.o)
                0x0800fa3c                __sseek
 .text.__sclose
                0x0800fa60        0x8 /Applications/ArmGNUToolchain/13.2.Rel1/arm-none-eabi/bin/../lib/gcc/arm-none-eabi/13.2.1/../../../../arm-none-eabi/lib/thumb/v7e-m/nofp/libc.a(libc_a-stdio.o)
                0x0800fa60                __sclose
 .text.__ascii_wctomb
                0x0800fa68       0x1c /Applications/ArmGNUToolchain/13.2.Rel1/arm-none-eabi/bin/../lib/gcc/arm-none-eabi/13.2.1/../../../../arm-none-eabi/lib/thumb/v7e-m/nofp/libc.a(libc_a-wctomb_r.o)
                0x0800fa68                __ascii_wctomb
 .text.__swbuf_r
                0x0800fa84       0xac /Applications/ArmGNUToolchain/13.2.Rel1/arm-none-eabi/bin/../lib/gcc/arm-none-eabi/13.2.1/../../../../arm-none-eabi/lib/thumb/v7e-m/nofp/libc.a(libc_a-wbuf.o)
                0x0800fa84                __swbuf_r
 .text._close_r
                0x0800fb30       0x24 /Applications/ArmGNUToolchain/13.2.Rel1/arm-none-eabi/bin/../lib/gcc/arm-none-eabi/13.2.1/../../../../arm-none-eabi/lib/thumb/v7e-m/nofp/libc.a(libc_a-closer.o)
                0x0800fb30                _close_r
 .text._fstat_r
                0x0800fb54       0x2c /Applications/ArmGNUToolchain/13.2.Rel1/arm-none-eabi/bin/../lib/gcc/arm-none-eabi/13.2.1/../../../../arm-none-eabi/lib/thumb/v7e-m/nofp/libc.a(libc_a-fstatr.o)
                0x0800fb54                _fstat_r
 .text._isatty_r
                0x0800fb80       0x24 /Applications/ArmGNUToolchain/13.2.Rel1/arm-none-eabi/bin/../lib/gcc/arm-none-eabi/13.2.1/../../../../arm-none-eabi/lib/thumb/v7e-m/nofp/libc.a(libc_a-isattyr.o)
                0x0800fb80                _isatty_r
 .text._lseek_r
                0x0800fba4       0x2c /Applications/ArmGNUToolchain/13.2.Rel1/arm-none-eabi/bin/../lib/gcc/arm-none-eabi/13.2.1/../../../../arm-none-eabi/lib/thumb/v7e-m/nofp/libc.a(libc_a-lseekr.o)
                0x0800fba4                _lseek_r
 .text._read_r  0x0800fbd0       0x2c /Applications/ArmGNUToolchain/13.2.Rel1/arm-none-eabi/bin/../lib/gcc/arm-none-eabi/13.2.1/../../../../arm-none-eabi/lib/thumb/v7e-m/nofp/libc.a(libc_a-readr.o)
                0x0800fbd0                _read_r
 .text._sbrk_r  0x0800fbfc       0x24 /Applications/ArmGNUToolchain/13.2.Rel1/arm-none-eabi/bin/../lib/gcc/arm-none-eabi/13.2.1/../../../../arm-none-eabi/lib/thumb/v7e-m/nofp/libc.a(libc_a-sbrkr.o)
                0x0800fbfc                _sbrk_r
 .text._write_r
                0x0800fc20       0x2c /Applications/ArmGNUToolchain/13.2.Rel1/arm-none-eabi/bin/../lib/gcc/arm-none-eabi/13.2.1/../../../../arm-none-eabi/lib/thumb/v7e-m/nofp/libc.a(libc_a-writer.o)
                0x0800fc20                _write_r
 .text.sysconf  0x0800fc4c       0x1c /Applications/ArmGNUToolchain/13.2.Rel1/arm-none-eabi/bin/../lib/gcc/arm-none-eabi/13.2.1/../../../../arm-none-eabi/lib/thumb/v7e-m/nofp/libc.a(libc_a-sysconf.o)
                0x0800fc4c                sysconf
 .text.__libc_fini_array
                0x0800fc68       0x28 /Applications/ArmGNUToolchain/13.2.Rel1/arm-none-eabi/bin/../lib/gcc/arm-none-eabi/13.2.1/../../../../arm-none-eabi/lib/thumb/v7e-m/nofp/libc.a(libc_a-fini.o)
                0x0800fc68                __libc_fini_array
 .text._wcsnrtombs_l
                0x0800fc90       0xec /Applications/ArmGNUToolchain/13.2.Rel1/arm-none-eabi/bin/../lib/gcc/arm-none-eabi/13.2.1/../../../../arm-none-eabi/lib/thumb/v7e-m/nofp/libc.a(libc_a-wcsnrtombs.o)
                0x0800fc90                _wcsnrtombs_l
 .text._wcsnrtombs_r
                0x0800fd7c       0x24 /Applications/ArmGNUToolchain/13.2.Rel1/arm-none-eabi/bin/../lib/gcc/arm-none-eabi/13.2.1/../../../../arm-none-eabi/lib/thumb/v7e-m/nofp/libc.a(libc_a-wcsnrtombs.o)
                0x0800fd7c                _wcsnrtombs_r
 .text.__register_exitproc
                0x0800fda0       0x80 /Applications/ArmGNUToolchain/13.2.Rel1/arm-none-eabi/bin/../lib/gcc/arm-none-eabi/13.2.1/../../../../arm-none-eabi/lib/thumb/v7e-m/nofp/libc.a(libc_a-__atexit.o)
                0x0800fda0                __register_exitproc
 .text.__assert_func
                0x0800fe20       0x40 /Applications/ArmGNUToolchain/13.2.Rel1/arm-none-eabi/bin/../lib/gcc/arm-none-eabi/13.2.1/../../../../arm-none-eabi/lib/thumb/v7e-m/nofp/libc.a(libc_a-assert.o)
                0x0800fe20                __assert_func
 .text._calloc_r
                0x0800fe60       0x6c /Applications/ArmGNUToolchain/13.2.Rel1/arm-none-eabi/bin/../lib/gcc/arm-none-eabi/13.2.1/../../../../arm-none-eabi/lib/thumb/v7e-m/nofp/libc.a(libc_a-callocr.o)
                0x0800fe60                _calloc_r
 .text.fiprintf
                0x0800fecc       0x28 /Applications/ArmGNUToolchain/13.2.Rel1/arm-none-eabi/bin/../lib/gcc/arm-none-eabi/13.2.1/../../../../arm-none-eabi/lib/thumb/v7e-m/nofp/libc.a(libc_a-fiprintf.o)
                0x0800fecc                fiprintf
 .text.abort    0x0800fef4       0x10 /Applications/ArmGNUToolchain/13.2.Rel1/arm-none-eabi/bin/../lib/gcc/arm-none-eabi/13.2.1/../../../../arm-none-eabi/lib/thumb/v7e-m/nofp/libc.a(libc_a-abort.o)
                0x0800fef4                abort
 .text.raise    0x0800ff04       0x58 /Applications/ArmGNUToolchain/13.2.Rel1/arm-none-eabi/bin/../lib/gcc/arm-none-eabi/13.2.1/../../../../arm-none-eabi/lib/thumb/v7e-m/nofp/libc.a(libc_a-signal.o)
                0x0800ff04                raise
 .text._kill_r  0x0800ff5c       0x2c /Applications/ArmGNUToolchain/13.2.Rel1/arm-none-eabi/bin/../lib/gcc/arm-none-eabi/13.2.1/../../../../arm-none-eabi/lib/thumb/v7e-m/nofp/libc.a(libc_a-signalr.o)
                0x0800ff5c                _kill_r
 .text._getpid_r
                0x0800ff88        0x4 /Applications/ArmGNUToolchain/13.2.Rel1/arm-none-eabi/bin/../lib/gcc/arm-none-eabi/13.2.1/../../../../arm-none-eabi/lib/thumb/v7e-m/nofp/libc.a(libc_a-signalr.o)
                0x0800ff88                _getpid_r
 .text.__fixdfdi
                0x0800ff8c       0x30 /Applications/ArmGNUToolchain/13.2.Rel1/arm-none-eabi/bin/../lib/gcc/arm-none-eabi/13.2.1/thumb/v7e-m/nofp/libgcc.a(_fixdfdi.o)
                0x0800ff8c                __aeabi_d2lz
                0x0800ff8c                __fixdfdi
 .text.__fixunsdfdi
                0x0800ffbc       0x3c /Applications/ArmGNUToolchain/13.2.Rel1/arm-none-eabi/bin/../lib/gcc/arm-none-eabi/13.2.1/thumb/v7e-m/nofp/libgcc.a(_fixunsdfdi.o)
                0x0800ffbc                __aeabi_d2ulz
                0x0800ffbc                __fixunsdfdi
 .text.fmodf    0x0800fff8       0x3c /Applications/ArmGNUToolchain/13.2.Rel1/arm-none-eabi/bin/../lib/gcc/arm-none-eabi/13.2.1/../../../../arm-none-eabi/lib/thumb/v7e-m/nofp/libm.a(libm_a-wf_fmod.o)
                0x0800fff8                fmodf
 *fill*         0x08010034        0x4 
 .text.exp      0x08010038       0x74 /Applications/ArmGNUToolchain/13.2.Rel1/arm-none-eabi/bin/../lib/gcc/arm-none-eabi/13.2.1/../../../../arm-none-eabi/lib/thumb/v7e-m/nofp/libm.a(libm_a-w_exp.o)
                0x08010038                exp
 .text.sqrtf    0x080100ac       0x38 /Applications/ArmGNUToolchain/13.2.Rel1/arm-none-eabi/bin/../lib/gcc/arm-none-eabi/13.2.1/../../../../arm-none-eabi/lib/thumb/v7e-m/nofp/libm.a(libm_a-wf_sqrt.o)
                0x080100ac                sqrtf
 .text.finite   0x080100e4        0xc /Applications/ArmGNUToolchain/13.2.Rel1/arm-none-eabi/bin/../lib/gcc/arm-none-eabi/13.2.1/../../../../arm-none-eabi/lib/thumb/v7e-m/nofp/libm.a(libm_a-s_finite.o)
                0x080100e4                finite
 .text.__ieee754_sqrtf
                0x080100f0       0xe4 /Applications/ArmGNUToolchain/13.2.Rel1/arm-none-eabi/bin/../lib/gcc/arm-none-eabi/13.2.1/../../../../arm-none-eabi/lib/thumb/v7e-m/nofp/libm.a(libm_a-ef_sqrt.o)
                0x080100f0                __ieee754_sqrtf
 *fill*         0x080101d4        0x4 
 .text.__ieee754_exp
                0x080101d8      0x374 /Applications/ArmGNUToolchain/13.2.Rel1/arm-none-eabi/bin/../lib/gcc/arm-none-eabi/13.2.1/../../../../arm-none-eabi/lib/thumb/v7e-m/nofp/libm.a(libm_a-e_exp.o)
                0x080101d8                __ieee754_exp
 .text.round    0x0801054c       0x9c /Applications/ArmGNUToolchain/13.2.Rel1/arm-none-eabi/bin/../lib/gcc/arm-none-eabi/13.2.1/../../../../arm-none-eabi/lib/thumb/v7e-m/nofp/libm.a(libm_a-s_round.o)
                0x0801054c                round
 .text.__ieee754_fmodf
                0x080105e8      0x124 /Applications/ArmGNUToolchain/13.2.Rel1/arm-none-eabi/bin/../lib/gcc/arm-none-eabi/13.2.1/../../../../arm-none-eabi/lib/thumb/v7e-m/nofp/libm.a(libm_a-ef_fmod.o)
                0x080105e8                __ieee754_fmodf
 .text.fmaxf    0x0801070c       0x28 /Applications/ArmGNUToolchain/13.2.Rel1/arm-none-eabi/bin/../lib/gcc/arm-none-eabi/13.2.1/../../../../arm-none-eabi/lib/thumb/v7e-m/nofp/libm.a(libm_a-sf_fmax.o)
                0x0801070c                fmaxf
 .text.fminf    0x08010734       0x28 /Applications/ArmGNUToolchain/13.2.Rel1/arm-none-eabi/bin/../lib/gcc/arm-none-eabi/13.2.1/../../../../arm-none-eabi/lib/thumb/v7e-m/nofp/libm.a(libm_a-sf_fmin.o)
                0x08010734                fminf
 .text.__fpclassifyf
                0x0801075c       0x34 /Applications/ArmGNUToolchain/13.2.Rel1/arm-none-eabi/bin/../lib/gcc/arm-none-eabi/13.2.1/../../../../arm-none-eabi/lib/thumb/v7e-m/nofp/libm.a(libm_a-sf_fpclassify.o)
                0x0801075c                __fpclassifyf
 .text.with_errno
                0x08010790       0x18 /Applications/ArmGNUToolchain/13.2.Rel1/arm-none-eabi/bin/../lib/gcc/arm-none-eabi/13.2.1/../../../../arm-none-eabi/lib/thumb/v7e-m/nofp/libm.a(libm_a-math_err.o)
 .text.xflow    0x080107a8       0x28 /Applications/ArmGNUToolchain/13.2.Rel1/arm-none-eabi/bin/../lib/gcc/arm-none-eabi/13.2.1/../../../../arm-none-eabi/lib/thumb/v7e-m/nofp/libm.a(libm_a-math_err.o)
 .text.__math_uflow
                0x080107d0        0xc /Applications/ArmGNUToolchain/13.2.Rel1/arm-none-eabi/bin/../lib/gcc/arm-none-eabi/13.2.1/../../../../arm-none-eabi/lib/thumb/v7e-m/nofp/libm.a(libm_a-math_err.o)
                0x080107d0                __math_uflow
 .text.__math_oflow
                0x080107dc        0xc /Applications/ArmGNUToolchain/13.2.Rel1/arm-none-eabi/bin/../lib/gcc/arm-none-eabi/13.2.1/../../../../arm-none-eabi/lib/thumb/v7e-m/nofp/libm.a(libm_a-math_err.o)
                0x080107dc                __math_oflow
 *(.glue_7)
 .glue_7        0x080107e8        0x0 linker stubs
 *(.glue_7t)
 .glue_7t       0x080107e8        0x0 linker stubs
 *(.eh_frame)
 .eh_frame      0x080107e8        0x0 /Applications/ArmGNUToolchain/13.2.Rel1/arm-none-eabi/bin/../lib/gcc/arm-none-eabi/13.2.1/thumb/v7e-m/nofp/crtbegin.o
 *(.init)
 .init          0x080107e8        0x4 /Applications/ArmGNUToolchain/13.2.Rel1/arm-none-eabi/bin/../lib/gcc/arm-none-eabi/13.2.1/thumb/v7e-m/nofp/crti.o
                0x080107e8                _init
 .init          0x080107ec        0x8 /Applications/ArmGNUToolchain/13.2.Rel1/arm-none-eabi/bin/../lib/gcc/arm-none-eabi/13.2.1/thumb/v7e-m/nofp/crtn.o
 *(.fini)
 .fini          0x080107f4        0x4 /Applications/ArmGNUToolchain/13.2.Rel1/arm-none-eabi/bin/../lib/gcc/arm-none-eabi/13.2.1/thumb/v7e-m/nofp/crti.o
                0x080107f4                _fini
 .fini          0x080107f8        0x8 /Applications/ArmGNUToolchain/13.2.Rel1/arm-none-eabi/bin/../lib/gcc/arm-none-eabi/13.2.1/thumb/v7e-m/nofp/crtn.o
                0x08010800                        . = ALIGN (0x4)
                0x08010800                        _etext = .

.vfp11_veneer   0x08010800        0x0
 .vfp11_veneer  0x08010800        0x0 linker stubs

.v4_bx          0x08010800        0x0
 .v4_bx         0x08010800        0x0 linker stubs

.iplt           0x08010800        0x0
 .iplt          0x08010800        0x0 /Applications/ArmGNUToolchain/13.2.Rel1/arm-none-eabi/bin/../lib/gcc/arm-none-eabi/13.2.1/thumb/v7e-m/nofp/crtbegin.o

.rodata         0x08010800     0x1660
                0x08010800                        . = ALIGN (0x4)
 *(.rodata)
 *(.rodata*)
 .rodata.order_phases.str1.4
                0x08010800      0xa33 CMakeFiles/motorcontrol.elf.dir/Core/Src/calibration.c.obj
                                 0x82 (size before relaxing)
 .rodata.calibrate_encoder.str1.4
                0x08011233       0x41 CMakeFiles/motorcontrol.elf.dir/Core/Src/calibration.c.obj
 .rodata.drv_print_faults.str1.4
                0x08011233       0xe5 CMakeFiles/motorcontrol.elf.dir/Core/Src/drv8323.c.obj
 *fill*         0x08011233        0x1 
 .rodata.__SECTORS
                0x08011234       0x20 CMakeFiles/motorcontrol.elf.dir/Core/Src/flash_writer.c.obj
 .rodata.__SECTOR_ADDRS
                0x08011254       0x20 CMakeFiles/motorcontrol.elf.dir/Core/Src/flash_writer.c.obj
 .rodata.enter_menu_state.str1.4
                0x08011274       0xa2 CMakeFiles/motorcontrol.elf.dir/Core/Src/fsm.c.obj
 .rodata.enter_setup_state.str1.4
                0x08011274      0x34e CMakeFiles/motorcontrol.elf.dir/Core/Src/fsm.c.obj
 .rodata.process_user_input.str1.4
                0x08011274      0x15f CMakeFiles/motorcontrol.elf.dir/Core/Src/fsm.c.obj
 .rodata.update_fsm.str1.4
                0x08011274       0x25 CMakeFiles/motorcontrol.elf.dir/Core/Src/fsm.c.obj
 .rodata.run_fsm.str1.4
                0x08011274       0x11 CMakeFiles/motorcontrol.elf.dir/Core/Src/fsm.c.obj
 .rodata.main.str1.4
                0x08011274       0x67 CMakeFiles/motorcontrol.elf.dir/Core/Src/main.c.obj
 .rodata.sin_tab
                0x08011274      0x800 CMakeFiles/motorcontrol.elf.dir/Core/Src/math_ops.c.obj
                0x08011274                sin_tab
 .rodata.ps_print.str1.4
                0x08011a74       0x6c CMakeFiles/motorcontrol.elf.dir/Core/Src/position_sensor.c.obj
 .rodata.APBPrescTable
                0x08011a74        0x8 CMakeFiles/motorcontrol.elf.dir/Core/Src/system_stm32f4xx.c.obj
                0x08011a74                APBPrescTable
 .rodata.AHBPrescTable
                0x08011a7c       0x10 CMakeFiles/motorcontrol.elf.dir/Core/Src/system_stm32f4xx.c.obj
                0x08011a7c                AHBPrescTable
 .rodata._vfprintf_r.str1.4
                0x08011a8c       0x42 /Applications/ArmGNUToolchain/13.2.Rel1/arm-none-eabi/bin/../lib/gcc/arm-none-eabi/13.2.1/../../../../arm-none-eabi/lib/thumb/v7e-m/nofp/libc.a(libc_a-vfprintf.o)
 .rodata.zeroes.0
                0x08011a8c       0x10 /Applications/ArmGNUToolchain/13.2.Rel1/arm-none-eabi/bin/../lib/gcc/arm-none-eabi/13.2.1/../../../../arm-none-eabi/lib/thumb/v7e-m/nofp/libc.a(libc_a-vfprintf.o)
 .rodata.blanks.1
                0x08011a9c       0x10 /Applications/ArmGNUToolchain/13.2.Rel1/arm-none-eabi/bin/../lib/gcc/arm-none-eabi/13.2.1/../../../../arm-none-eabi/lib/thumb/v7e-m/nofp/libc.a(libc_a-vfprintf.o)
 .rodata._vfiprintf_r.str1.4