Archive member included to satisfy reference by file (symbol)

c:/users/weizhuo2/documents/gcc-arm-none-eabi/bin/../lib/gcc/arm-none-eabi/10.3.1/thumb/v7e-m/nofp\libgcc.a(_arm_muldf3.o)
                              CMakeFiles/motorcontrol.elf.dir/Core/Src/foc.c.obj (__aeabi_dmul)
c:/users/weizhuo2/documents/gcc-arm-none-eabi/bin/../lib/gcc/arm-none-eabi/10.3.1/thumb/v7e-m/nofp\libgcc.a(_arm_mulsf3.o)
                              CMakeFiles/motorcontrol.elf.dir/Core/Src/calibration.c.obj (__aeabi_fmul)
c:/users/weizhuo2/documents/gcc-arm-none-eabi/bin/../lib/gcc/arm-none-eabi/10.3.1/thumb/v7e-m/nofp\libgcc.a(_arm_addsubdf3.o)
                              CMakeFiles/motorcontrol.elf.dir/Core/Src/foc.c.obj (__aeabi_dadd)
c:/users/weizhuo2/documents/gcc-arm-none-eabi/bin/../lib/gcc/arm-none-eabi/10.3.1/thumb/v7e-m/nofp\libgcc.a(_arm_fixunsdfsi.o)
                              CMakeFiles/motorcontrol.elf.dir/Core/Src/calibration.c.obj (__aeabi_d2uiz)
c:/users/weizhuo2/documents/gcc-arm-none-eabi/bin/../lib/gcc/arm-none-eabi/10.3.1/thumb/v7e-m/nofp\libgcc.a(_arm_truncdfsf2.o)
                              CMakeFiles/motorcontrol.elf.dir/Core/Src/foc.c.obj (__aeabi_d2f)
c:/users/weizhuo2/documents/gcc-arm-none-eabi/bin/../lib/gcc/arm-none-eabi/10.3.1/thumb/v7e-m/nofp\libgcc.a(_arm_addsubsf3.o)
                              CMakeFiles/motorcontrol.elf.dir/Core/Src/calibration.c.obj (__aeabi_fsub)
c:/users/weizhuo2/documents/gcc-arm-none-eabi/bin/../lib/gcc/arm-none-eabi/10.3.1/thumb/v7e-m/nofp\libgcc.a(_arm_muldivsf3.o)
                              CMakeFiles/motorcontrol.elf.dir/Core/Src/calibration.c.obj (__aeabi_fdiv)
c:/users/weizhuo2/documents/gcc-arm-none-eabi/bin/../lib/gcc/arm-none-eabi/10.3.1/thumb/v7e-m/nofp\libgcc.a(_arm_cmpsf2.o)
                              CMakeFiles/motorcontrol.elf.dir/Core/Src/calibration.c.obj (__aeabi_fcmpeq)
c:/users/weizhuo2/documents/gcc-arm-none-eabi/bin/../lib/gcc/arm-none-eabi/10.3.1/thumb/v7e-m/nofp\libgcc.a(_arm_unordsf2.o)
                              CMakeFiles/motorcontrol.elf.dir/Core/Src/main.c.obj (__aeabi_fcmpun)
c:/users/weizhuo2/documents/gcc-arm-none-eabi/bin/../lib/gcc/arm-none-eabi/10.3.1/thumb/v7e-m/nofp\libgcc.a(_arm_fixsfsi.o)
                              CMakeFiles/motorcontrol.elf.dir/Core/Src/calibration.c.obj (__aeabi_f2iz)
c:/users/weizhuo2/documents/gcc-arm-none-eabi/bin/../lib/gcc/arm-none-eabi/10.3.1/thumb/v7e-m/nofp\libgcc.a(_arm_fixunssfsi.o)
                              CMakeFiles/motorcontrol.elf.dir/Core/Src/foc.c.obj (__aeabi_f2uiz)
c:/users/weizhuo2/documents/gcc-arm-none-eabi/bin/../lib/gcc/arm-none-eabi/10.3.1/thumb/v7e-m/nofp\libgcc.a(_aeabi_uldivmod.o)
                              CMakeFiles/motorcontrol.elf.dir/Drivers/STM32F4xx_HAL_Driver/Src/stm32f4xx_hal_rcc.c.obj (__aeabi_uldivmod)
c:/users/weizhuo2/documents/gcc-arm-none-eabi/bin/../lib/gcc/arm-none-eabi/10.3.1/thumb/v7e-m/nofp\libgcc.a(_udivmoddi4.o)
                              c:/users/weizhuo2/documents/gcc-arm-none-eabi/bin/../lib/gcc/arm-none-eabi/10.3.1/thumb/v7e-m/nofp\libgcc.a(_aeabi_uldivmod.o) (__udivmoddi4)
c:/users/weizhuo2/documents/gcc-arm-none-eabi/bin/../lib/gcc/arm-none-eabi/10.3.1/thumb/v7e-m/nofp\libgcc.a(_dvmd_tls.o)
                              c:/users/weizhuo2/documents/gcc-arm-none-eabi/bin/../lib/gcc/arm-none-eabi/10.3.1/thumb/v7e-m/nofp\libgcc.a(_aeabi_uldivmod.o) (__aeabi_ldiv0)
c:/users/weizhuo2/documents/gcc-arm-none-eabi/bin/../lib/gcc/arm-none-eabi/10.3.1/../../../../arm-none-eabi/lib/thumb/v7e-m/nofp\libg.a(lib_a-atof.o)
                              CMakeFiles/motorcontrol.elf.dir/Core/Src/fsm.c.obj (atof)
c:/users/weizhuo2/documents/gcc-arm-none-eabi/bin/../lib/gcc/arm-none-eabi/10.3.1/../../../../arm-none-eabi/lib/thumb/v7e-m/nofp\libg.a(lib_a-atoi.o)
                              CMakeFiles/motorcontrol.elf.dir/Core/Src/fsm.c.obj (atoi)
c:/users/weizhuo2/documents/gcc-arm-none-eabi/bin/../lib/gcc/arm-none-eabi/10.3.1/../../../../arm-none-eabi/lib/thumb/v7e-m/nofp\libg.a(lib_a-errno.o)
                              CMakeFiles/motorcontrol.elf.dir/Core/Src/syscalls.c.obj (__errno)
c:/users/weizhuo2/documents/gcc-arm-none-eabi/bin/../lib/gcc/arm-none-eabi/10.3.1/../../../../arm-none-eabi/lib/thumb/v7e-m/nofp\libg.a(lib_a-exit.o)
                              c:/users/weizhuo2/documents/gcc-arm-none-eabi/bin/../lib/gcc/arm-none-eabi/10.3.1/../../../../arm-none-eabi/lib/thumb/v7e-m/nofp/crt0.o (exit)
c:/users/weizhuo2/documents/gcc-arm-none-eabi/bin/../lib/gcc/arm-none-eabi/10.3.1/../../../../arm-none-eabi/lib/thumb/v7e-m/nofp\libg.a(lib_a-impure.o)
                              c:/users/weizhuo2/documents/gcc-arm-none-eabi/bin/../lib/gcc/arm-none-eabi/10.3.1/../../../../arm-none-eabi/lib/thumb/v7e-m/nofp\libg.a(lib_a-exit.o) (_global_impure_ptr)
c:/users/weizhuo2/documents/gcc-arm-none-eabi/bin/../lib/gcc/arm-none-eabi/10.3.1/../../../../arm-none-eabi/lib/thumb/v7e-m/nofp\libg.a(lib_a-init.o)
[...]
Memory Configuration

Name             Origin             Length             Attributes
RAM              0x20000000         0x00020000         xrw
FLASH            0x08000000         0x00080000         xr
*default*        0x00000000         0xffffffff

Linker script and memory map

LOAD c:/users/weizhuo2/documents/gcc-arm-none-eabi/bin/../lib/gcc/arm-none-eabi/10.3.1/thumb/v7e-m/nofp/crti.o
LOAD c:/users/weizhuo2/documents/gcc-arm-none-eabi/bin/../lib/gcc/arm-none-eabi/10.3.1/thumb/v7e-m/nofp/crtbegin.o
LOAD c:/users/weizhuo2/documents/gcc-arm-none-eabi/bin/../lib/gcc/arm-none-eabi/10.3.1/../../../../arm-none-eabi/lib/thumb/v7e-m/nofp/crt0.o
LOAD CMakeFiles/motorcontrol.elf.dir/Core/Src/adc.c.obj
LOAD CMakeFiles/motorcontrol.elf.dir/Core/Src/calibration.c.obj
LOAD CMakeFiles/motorcontrol.elf.dir/Core/Src/can.c.obj
LOAD CMakeFiles/motorcontrol.elf.dir/Core/Src/drv8323.c.obj
LOAD CMakeFiles/motorcontrol.elf.dir/Core/Src/flash_writer.c.obj
LOAD CMakeFiles/motorcontrol.elf.dir/Core/Src/foc.c.obj
LOAD CMakeFiles/motorcontrol.elf.dir/Core/Src/fsm.c.obj
LOAD CMakeFiles/motorcontrol.elf.dir/Core/Src/gpio.c.obj
LOAD CMakeFiles/motorcontrol.elf.dir/Core/Src/main.c.obj
LOAD CMakeFiles/motorcontrol.elf.dir/Core/Src/math_ops.c.obj
LOAD CMakeFiles/motorcontrol.elf.dir/Core/Src/position_sensor.c.obj
LOAD CMakeFiles/motorcontrol.elf.dir/Core/Src/preference_writer.c.obj
LOAD CMakeFiles/motorcontrol.elf.dir/Core/Src/spi.c.obj
LOAD CMakeFiles/motorcontrol.elf.dir/Core/Src/stm32f4xx_flash.c.obj
LOAD CMakeFiles/motorcontrol.elf.dir/Core/Src/stm32f4xx_hal_msp.c.obj
LOAD CMakeFiles/motorcontrol.elf.dir/Core/Src/stm32f4xx_it.c.obj
LOAD CMakeFiles/motorcontrol.elf.dir/Core/Src/syscalls.c.obj
LOAD CMakeFiles/motorcontrol.elf.dir/Core/Src/sysmem.c.obj
LOAD CMakeFiles/motorcontrol.elf.dir/Core/Src/system_stm32f4xx.c.obj
LOAD CMakeFiles/motorcontrol.elf.dir/Core/Src/tim.c.obj
LOAD CMakeFiles/motorcontrol.elf.dir/Core/Src/usart.c.obj
LOAD CMakeFiles/motorcontrol.elf.dir/Core/Startup/startup_stm32f446retx.s.obj
LOAD CMakeFiles/motorcontrol.elf.dir/Drivers/STM32F4xx_HAL_Driver/Src/stm32f4xx_hal.c.obj
LOAD CMakeFiles/motorcontrol.elf.dir/Drivers/STM32F4xx_HAL_Driver/Src/stm32f4xx_hal_adc.c.obj
LOAD CMakeFiles/motorcontrol.elf.dir/Drivers/STM32F4xx_HAL_Driver/Src/stm32f4xx_hal_adc_ex.c.obj
LOAD CMakeFiles/motorcontrol.elf.dir/Drivers/STM32F4xx_HAL_Driver/Src/stm32f4xx_hal_can.c.obj
LOAD CMakeFiles/motorcontrol.elf.dir/Drivers/STM32F4xx_HAL_Driver/Src/stm32f4xx_hal_cortex.c.obj
LOAD CMakeFiles/motorcontrol.elf.dir/Drivers/STM32F4xx_HAL_Driver/Src/stm32f4xx_hal_dma.c.obj
LOAD CMakeFiles/motorcontrol.elf.dir/Drivers/STM32F4xx_HAL_Driver/Src/stm32f4xx_hal_dma_ex.c.obj
LOAD CMakeFiles/motorcontrol.elf.dir/Drivers/STM32F4xx_HAL_Driver/Src/stm32f4xx_hal_exti.c.obj
LOAD CMakeFiles/motorcontrol.elf.dir/Drivers/STM32F4xx_HAL_Driver/Src/stm32f4xx_hal_flash.c.obj
LOAD CMakeFiles/motorcontrol.elf.dir/Drivers/STM32F4xx_HAL_Driver/Src/stm32f4xx_hal_flash_ex.c.obj
LOAD CMakeFiles/motorcontrol.elf.dir/Drivers/STM32F4xx_HAL_Driver/Src/stm32f4xx_hal_flash_ramfunc.c.obj
LOAD CMakeFiles/motorcontrol.elf.dir/Drivers/STM32F4xx_HAL_Driver/Src/stm32f4xx_hal_gpio.c.obj
LOAD CMakeFiles/motorcontrol.elf.dir/Drivers/STM32F4xx_HAL_Driver/Src/stm32f4xx_hal_pwr.c.obj
LOAD CMakeFiles/motorcontrol.elf.dir/Drivers/STM32F4xx_HAL_Driver/Src/stm32f4xx_hal_pwr_ex.c.obj
LOAD CMakeFiles/motorcontrol.elf.dir/Drivers/STM32F4xx_HAL_Driver/Src/stm32f4xx_hal_rcc.c.obj
LOAD CMakeFiles/motorcontrol.elf.dir/Drivers/STM32F4xx_HAL_Driver/Src/stm32f4xx_hal_rcc_ex.c.obj
LOAD CMakeFiles/motorcontrol.elf.dir/Drivers/STM32F4xx_HAL_Driver/Src/stm32f4xx_hal_spi.c.obj
LOAD CMakeFiles/motorcontrol.elf.dir/Drivers/STM32F4xx_HAL_Driver/Src/stm32f4xx_hal_tim.c.obj
LOAD CMakeFiles/motorcontrol.elf.dir/Drivers/STM32F4xx_HAL_Driver/Src/stm32f4xx_hal_tim_ex.c.obj
LOAD CMakeFiles/motorcontrol.elf.dir/Drivers/STM32F4xx_HAL_Driver/Src/stm32f4xx_hal_uart.c.obj
LOAD CMakeFiles/motorcontrol.elf.dir/Drivers/STM32F4xx_HAL_Driver/Src/stm32f4xx_ll_adc.c.obj
START GROUP
LOAD c:/users/weizhuo2/documents/gcc-arm-none-eabi/bin/../lib/gcc/arm-none-eabi/10.3.1/thumb/v7e-m/nofp\libgcc.a
LOAD c:/users/weizhuo2/documents/gcc-arm-none-eabi/bin/../lib/gcc/arm-none-eabi/10.3.1/../../../../arm-none-eabi/lib/thumb/v7e-m/nofp\libg.a
LOAD c:/users/weizhuo2/documents/gcc-arm-none-eabi/bin/../lib/gcc/arm-none-eabi/10.3.1/../../../../arm-none-eabi/lib/thumb/v7e-m/nofp\libc.a
END GROUP
LOAD c:/users/weizhuo2/documents/gcc-arm-none-eabi/bin/../lib/gcc/arm-none-eabi/10.3.1/thumb/v7e-m/nofp/crtend.o
LOAD c:/users/weizhuo2/documents/gcc-arm-none-eabi/bin/../lib/gcc/arm-none-eabi/10.3.1/thumb/v7e-m/nofp/crtn.o
                0x20020000                _estack = (ORIGIN (RAM) + LENGTH (RAM))
                0x00000200                _Min_Heap_Size = 0x200
                0x00000400                _Min_Stack_Size = 0x400

.isr_vector     0x08000000      0x1c4
                0x08000000                . = ALIGN (0x4)
 *(.isr_vector)
 .isr_vector    0x08000000      0x1c4 CMakeFiles/motorcontrol.elf.dir/Core/Startup/startup_stm32f446retx.s.obj
                0x08000000                g_pfnVectors
                0x080001c4                . = ALIGN (0x4)

.text           0x08000200    0x10108
                0x08000200                . = ALIGN (0x4)
 *(.text)
 .text          0x08000200       0x40 c:/users/weizhuo2/documents/gcc-arm-none-eabi/bin/../lib/gcc/arm-none-eabi/10.3.1/thumb/v7e-m/nofp/crtbegin.o
 .text          0x08000240      0x378 c:/users/weizhuo2/documents/gcc-arm-none-eabi/bin/../lib/gcc/arm-none-eabi/10.3.1/thumb/v7e-m/nofp\libgcc.a(_arm_addsubdf3.o)
                0x08000240                __aeabi_drsub
                0x08000248                __aeabi_dsub
                0x08000248                __subdf3
                0x0800024c                __aeabi_dadd
                0x0800024c                __adddf3
                0x080004c4                __floatunsidf
                0x080004c4                __aeabi_ui2d
                0x080004e4                __floatsidf
                0x080004e4                __aeabi_i2d
                0x08000508                __aeabi_f2d
                0x08000508                __extendsfdf2
                0x0800054c                __floatundidf
                0x0800054c                __aeabi_ul2d
                0x0800055c                __floatdidf
                0x0800055c                __aeabi_l2d
 .text          0x080005b8       0x40 c:/users/weizhuo2/documents/gcc-arm-none-eabi/bin/../lib/gcc/arm-none-eabi/10.3.1/thumb/v7e-m/nofp\libgcc.a(_arm_fixunsdfsi.o)
                0x080005b8                __aeabi_d2uiz
                0x080005b8                __fixunsdfsi
 .text          0x080005f8       0xa0 c:/users/weizhuo2/documents/gcc-arm-none-eabi/bin/../lib/gcc/arm-none-eabi/10.3.1/thumb/v7e-m/nofp\libgcc.a(_arm_truncdfsf2.o)
                0x080005f8                __truncdfsf2
                0x080005f8                __aeabi_d2f
 .text          0x08000698      0x21c c:/users/weizhuo2/documents/gcc-arm-none-eabi/bin/../lib/gcc/arm-none-eabi/10.3.1/thumb/v7e-m/nofp\libgcc.a(_arm_addsubsf3.o)
                0x08000698                __aeabi_frsub
                0x080006a0                __subsf3
                0x080006a0                __aeabi_fsub
                0x080006a4                __aeabi_fadd
                0x080006a4                __addsf3
                0x08000804                __aeabi_ui2f
                0x08000804                __floatunsisf
                0x0800080c                __aeabi_i2f
                0x0800080c                __floatsisf
                0x08000828                __aeabi_ul2f
                0x08000828                __floatundisf
                0x08000838                __aeabi_l2f
                0x08000838                __floatdisf
 .text          0x080008b4      0x2a0 c:/users/weizhuo2/documents/gcc-arm-none-eabi/bin/../lib/gcc/arm-none-eabi/10.3.1/thumb/v7e-m/nofp\libgcc.a(_arm_muldivsf3.o)
                0x080008b4                __mulsf3
                0x080008b4                __aeabi_fmul
                0x08000a1c                __aeabi_fdiv
                0x08000a1c                __divsf3
 .text          0x08000b54       0xec c:/users/weizhuo2/documents/gcc-arm-none-eabi/bin/../lib/gcc/arm-none-eabi/10.3.1/thumb/v7e-m/nofp\libgcc.a(_arm_cmpsf2.o)
                0x08000b54                __gesf2
                0x08000b54                __gtsf2
                0x08000b5c                __lesf2
                0x08000b5c                __ltsf2
                0x08000b64                __nesf2
                0x08000b64                __eqsf2
                0x08000b64                __cmpsf2
                0x08000bc4                __aeabi_cfrcmple
                0x08000bcc                __aeabi_cfcmpeq
                0x08000bcc                __aeabi_cfcmple
                0x08000bdc                __aeabi_fcmpeq
                0x08000bf0                __aeabi_fcmplt
                0x08000c04                __aeabi_fcmple
                0x08000c18                __aeabi_fcmpge
                0x08000c2c                __aeabi_fcmpgt
 .text          0x08000c40       0x2c c:/users/weizhuo2/documents/gcc-arm-none-eabi/bin/../lib/gcc/arm-none-eabi/10.3.1/thumb/v7e-m/nofp\libgcc.a(_arm_unordsf2.o)
                0x08000c40                __unordsf2
                0x08000c40                __aeabi_fcmpun
 .text          0x08000c6c       0x4c c:/users/weizhuo2/documents/gcc-arm-none-eabi/bin/../lib/gcc/arm-none-eabi/10.3.1/thumb/v7e-m/nofp\libgcc.a(_arm_fixsfsi.o)
                0x08000c6c                __aeabi_f2iz
                0x08000c6c                __fixsfsi
 .text          0x08000cb8       0x40 c:/users/weizhuo2/documents/gcc-arm-none-eabi/bin/../lib/gcc/arm-none-eabi/10.3.1/thumb/v7e-m/nofp\libgcc.a(_arm_fixunssfsi.o)
                0x08000cb8                __fixunssfsi
                0x08000cb8                __aeabi_f2uiz
 .text          0x08000cf8       0x30 c:/users/weizhuo2/documents/gcc-arm-none-eabi/bin/../lib/gcc/arm-none-eabi/10.3.1/thumb/v7e-m/nofp\libgcc.a(_aeabi_uldivmod.o)
                0x08000cf8                __aeabi_uldivmod
 .text          0x08000d28      0x2d0 c:/users/weizhuo2/documents/gcc-arm-none-eabi/bin/../lib/gcc/arm-none-eabi/10.3.1/thumb/v7e-m/nofp\libgcc.a(_udivmoddi4.o)
                0x08000d28                __udivmoddi4
 .text          0x08000ff8        0x4 c:/users/weizhuo2/documents/gcc-arm-none-eabi/bin/../lib/gcc/arm-none-eabi/10.3.1/thumb/v7e-m/nofp\libgcc.a(_dvmd_tls.o)
                0x08000ff8                __aeabi_idiv0
                0x08000ff8                __aeabi_ldiv0
 .text          0x08000ffc      0x134 c:/users/weizhuo2/documents/gcc-arm-none-eabi/bin/../lib/gcc/arm-none-eabi/10.3.1/../../../../arm-none-eabi/lib/thumb/v7e-m/nofp\libg.a(lib_a-memcpy.o)
                0x08000ffc                memcpy
 *fill*         0x08001130       0x10 
 .text          0x08001140       0xdc c:/users/weizhuo2/documents/gcc-arm-none-eabi/bin/../lib/gcc/arm-none-eabi/10.3.1/../../../../arm-none-eabi/lib/thumb/v7e-m/nofp\libg.a(lib_a-strlen.o)
                0x08001140                strlen
 *fill*         0x0800121c        0x4 
 .text          0x08001220       0xa0 c:/users/weizhuo2/documents/gcc-arm-none-eabi/bin/../lib/gcc/arm-none-eabi/10.3.1/../../../../arm-none-eabi/lib/thumb/v7e-m/nofp\libg.a(lib_a-memchr.o)
                0x08001220                memchr
 .text          0x080012c0      0x424 c:/users/weizhuo2/documents/gcc-arm-none-eabi/bin/../lib/gcc/arm-none-eabi/10.3.1/thumb/v7e-m/nofp\libgcc.a(_arm_muldivdf3.o)
                0x080012c0                __aeabi_dmul
                0x080012c0                __muldf3
                0x08001514                __divdf3
                0x08001514                __aeabi_ddiv
 .text          0x080016e4      0x110 c:/users/weizhuo2/documents/gcc-arm-none-eabi/bin/../lib/gcc/arm-none-eabi/10.3.1/thumb/v7e-m/nofp\libgcc.a(_arm_cmpdf2.o)
                0x080016e4                __gtdf2
                0x080016e4                __gedf2
                0x080016ec                __ltdf2
                0x080016ec                __ledf2
                0x080016f4                __nedf2
                0x080016f4                __eqdf2
                0x080016f4                __cmpdf2
                0x08001770                __aeabi_cdrcmple
                0x08001780                __aeabi_cdcmpeq
                0x08001780                __aeabi_cdcmple
                0x08001790                __aeabi_dcmpeq
                0x080017a4                __aeabi_dcmplt
                0x080017b8                __aeabi_dcmple
                0x080017cc                __aeabi_dcmpge
                0x080017e0                __aeabi_dcmpgt
 .text          0x080017f4       0x2c c:/users/weizhuo2/documents/gcc-arm-none-eabi/bin/../lib/gcc/arm-none-eabi/10.3.1/thumb/v7e-m/nofp\libgcc.a(_arm_unorddf2.o)
                0x080017f4                __unorddf2
                0x080017f4                __aeabi_dcmpun
 .text          0x08001820       0x50 c:/users/weizhuo2/documents/gcc-arm-none-eabi/bin/../lib/gcc/arm-none-eabi/10.3.1/thumb/v7e-m/nofp\libgcc.a(_arm_fixdfsi.o)
                0x08001820                __aeabi_d2iz
                0x08001820                __fixdfsi
 .text          0x08001870       0x34 c:/users/weizhuo2/documents/gcc-arm-none-eabi/bin/../lib/gcc/arm-none-eabi/10.3.1/thumb/v7e-m/nofp\libgcc.a(_fixdfdi.o)
                0x08001870                __fixdfdi
                0x08001870                __aeabi_d2lz
 .text          0x080018a4       0x3c c:/users/weizhuo2/documents/gcc-arm-none-eabi/bin/../lib/gcc/arm-none-eabi/10.3.1/thumb/v7e-m/nofp\libgcc.a(_fixunsdfdi.o)
                0x080018a4                __fixunsdfdi
                0x080018a4                __aeabi_d2ulz
 *(.text*)
 .text.MX_ADC1_Init
                0x080018e0       0x90 CMakeFiles/motorcontrol.elf.dir/Core/Src/adc.c.obj
                0x080018e0                MX_ADC1_Init
 .text.MX_ADC2_Init
                0x08001970       0x68 CMakeFiles/motorcontrol.elf.dir/Core/Src/adc.c.obj
                0x08001970                MX_ADC2_Init
 .text.MX_ADC3_Init
                0x080019d8       0x64 CMakeFiles/motorcontrol.elf.dir/Core/Src/adc.c.obj
                0x080019d8                MX_ADC3_Init
 .text.HAL_ADC_MspInit
                0x08001a3c       0xfc CMakeFiles/motorcontrol.elf.dir/Core/Src/adc.c.obj
                0x08001a3c                HAL_ADC_MspInit
 .text.order_phases
                0x08001b38      0x168 CMakeFiles/motorcontrol.elf.dir/Core/Src/calibration.c.obj
                0x08001b38                order_phases
 .text.calibrate_encoder
                0x08001ca0      0x3b8 CMakeFiles/motorcontrol.elf.dir/Core/Src/calibration.c.obj
                0x08001ca0                calibrate_encoder
 .text.MX_CAN1_Init
                0x08002058       0x40 CMakeFiles/motorcontrol.elf.dir/Core/Src/can.c.obj
                0x08002058                MX_CAN1_Init
 .text.HAL_CAN_MspInit
                0x08002098       0x80 CMakeFiles/motorcontrol.elf.dir/Core/Src/can.c.obj
                0x08002098                HAL_CAN_MspInit
 .text.can_rx_init
                0x08002118       0x34 CMakeFiles/motorcontrol.elf.dir/Core/Src/can.c.obj
                0x08002118                can_rx_init
 .text.can_tx_init
                0x0800214c       0x18 CMakeFiles/motorcontrol.elf.dir/Core/Src/can.c.obj
                0x0800214c                can_tx_init
 .text.pack_reply
                0x08002164       0xa0 CMakeFiles/motorcontrol.elf.dir/Core/Src/can.c.obj
                0x08002164                pack_reply
 .text.unpack_cmd
                0x08002204       0xdc CMakeFiles/motorcontrol.elf.dir/Core/Src/can.c.obj
                0x08002204                unpack_cmd
 .text.drv_spi_write
                0x080022e0       0x4c CMakeFiles/motorcontrol.elf.dir/Core/Src/drv8323.c.obj
                0x080022e0                drv_spi_write
 .text.drv_read_FSR1
                0x0800232c       0x1a CMakeFiles/motorcontrol.elf.dir/Core/Src/drv8323.c.obj
                0x0800232c                drv_read_FSR1
 .text.drv_read_FSR2
                0x08002346       0x1a CMakeFiles/motorcontrol.elf.dir/Core/Src/drv8323.c.obj
                0x08002346                drv_read_FSR2
 .text.drv_read_register
                0x08002360       0x20 CMakeFiles/motorcontrol.elf.dir/Core/Src/drv8323.c.obj
                0x08002360                drv_read_register
 .text.drv_write_register
                0x08002380       0x1c CMakeFiles/motorcontrol.elf.dir/Core/Src/drv8323.c.obj
                0x08002380                drv_write_register
 .text.drv_write_DCR
                0x0800239c       0x5a CMakeFiles/motorcontrol.elf.dir/Core/Src/drv8323.c.obj
                0x0800239c                drv_write_DCR
 .text.drv_write_OCPCR
                0x080023f6       0x3a CMakeFiles/motorcontrol.elf.dir/Core/Src/drv8323.c.obj
                0x080023f6                drv_write_OCPCR
 .text.drv_write_CSACR
                0x08002430       0x5a CMakeFiles/motorcontrol.elf.dir/Core/Src/drv8323.c.obj
                0x08002430                drv_write_CSACR
 .text.drv_enable_gd
                0x0800248a       0x28 CMakeFiles/motorcontrol.elf.dir/Core/Src/drv8323.c.obj
                0x0800248a                drv_enable_gd
 .text.drv_disable_gd
                0x080024b2       0x28 CMakeFiles/motorcontrol.elf.dir/Core/Src/drv8323.c.obj
                0x080024b2                drv_disable_gd
 *fill*         0x080024da        0x2 
 .text.drv_print_faults
                0x080024dc      0x1b0 CMakeFiles/motorcontrol.elf.dir/Core/Src/drv8323.c.obj
                0x080024dc                drv_print_faults
 .text.flash_writer_init
                0x0800268c       0x1c CMakeFiles/motorcontrol.elf.dir/Core/Src/flash_writer.c.obj
                0x0800268c                flash_writer_init
 .text.flash_writer_open
                0x080026a8       0x28 CMakeFiles/motorcontrol.elf.dir/Core/Src/flash_writer.c.obj
                0x080026a8                flash_writer_open
 .text.flash_writer_write_int
                0x080026d0       0x1e CMakeFiles/motorcontrol.elf.dir/Core/Src/flash_writer.c.obj
                0x080026d0                flash_writer_write_int
 .text.flash_writer_write_float
                0x080026ee       0x1e CMakeFiles/motorcontrol.elf.dir/Core/Src/flash_writer.c.obj
                0x080026ee                flash_writer_write_float
 .text.flash_writer_close
                0x0800270c        0xe CMakeFiles/motorcontrol.elf.dir/Core/Src/flash_writer.c.obj
                0x0800270c                flash_writer_close
 *fill*         0x0800271a        0x2 
 .text.flash_read_int
                0x0800271c       0x20 CMakeFiles/motorcontrol.elf.dir/Core/Src/flash_writer.c.obj
                0x0800271c                flash_read_int
 .text.flash_read_float
                0x0800273c       0x20 CMakeFiles/motorcontrol.elf.dir/Core/Src/flash_writer.c.obj
                0x0800273c                flash_read_float
 .text.set_dtc  0x0800275c       0xb0 CMakeFiles/motorcontrol.elf.dir/Core/Src/foc.c.obj
                0x0800275c                set_dtc
 .text.analog_sample
                0x0800280c       0xa8 CMakeFiles/motorcontrol.elf.dir/Core/Src/foc.c.obj
                0x0800280c                analog_sample
 .text.abc      0x080028b4       0xd0 CMakeFiles/motorcontrol.elf.dir/Core/Src/foc.c.obj
                0x080028b4                abc
 .text.dq0      0x08002984       0xe8 CMakeFiles/motorcontrol.elf.dir/Core/Src/foc.c.obj
                0x08002984                dq0
 .text.svm      0x08002a6c       0xcc CMakeFiles/motorcontrol.elf.dir/Core/Src/foc.c.obj
                0x08002a6c                svm
 .text.zero_current
                0x08002b38       0x54 CMakeFiles/motorcontrol.elf.dir/Core/Src/foc.c.obj
                0x08002b38                zero_current
 .text.init_controller_params
                0x08002b8c      0x104 CMakeFiles/motorcontrol.elf.dir/Core/Src/foc.c.obj
                0x08002b8c                init_controller_params
 .text.reset_foc
                0x08002c90       0x70 CMakeFiles/motorcontrol.elf.dir/Core/Src/foc.c.obj
                0x08002c90                reset_foc
 .text.field_weaken
                0x08002d00       0xd8 CMakeFiles/motorcontrol.elf.dir/Core/Src/foc.c.obj
                0x08002d00                field_weaken
 .text.commutate
                0x08002dd8      0x258 CMakeFiles/motorcontrol.elf.dir/Core/Src/foc.c.obj
                0x08002dd8                commutate
 .text.torque_control
                0x08003030       0xbc CMakeFiles/motorcontrol.elf.dir/Core/Src/foc.c.obj
                0x08003030                torque_control
 .text.zero_commands
                0x080030ec       0x1c CMakeFiles/motorcontrol.elf.dir/Core/Src/foc.c.obj
                0x080030ec                zero_commands
 .text.fsm_exit_state
                0x08003108       0x6c CMakeFiles/motorcontrol.elf.dir/Core/Src/fsm.c.obj
                0x08003108                fsm_exit_state
 .text.enter_menu_state
                0x08003174       0x54 CMakeFiles/motorcontrol.elf.dir/Core/Src/fsm.c.obj
                0x08003174                enter_menu_state
 .text.enter_setup_state
                0x080031c8      0x290 CMakeFiles/motorcontrol.elf.dir/Core/Src/fsm.c.obj
                0x080031c8                enter_setup_state
 .text.fsm_enter_state
                0x08003458       0x78 CMakeFiles/motorcontrol.elf.dir/Core/Src/fsm.c.obj
                0x08003458                fsm_enter_state
 .text.process_user_input
                0x080034d0      0x320 CMakeFiles/motorcontrol.elf.dir/Core/Src/fsm.c.obj
                0x080034d0                process_user_input
 .text.update_fsm
                0x080037f0      0x134 CMakeFiles/motorcontrol.elf.dir/Core/Src/fsm.c.obj
                0x080037f0                update_fsm
 .text.run_fsm  0x08003924      0x170 CMakeFiles/motorcontrol.elf.dir/Core/Src/fsm.c.obj
                0x08003924                run_fsm
 .text.MX_GPIO_Init
                0x08003a94       0xd4 CMakeFiles/motorcontrol.elf.dir/Core/Src/gpio.c.obj
                0x08003a94                MX_GPIO_Init
 .text.SystemClock_Config
                0x08003b68       0x9c CMakeFiles/motorcontrol.elf.dir/Core/Src/main.c.obj
                0x08003b68                SystemClock_Config
 .text.main     0x08003c04      0x51c CMakeFiles/motorcontrol.elf.dir/Core/Src/main.c.obj
                0x08003c04                main
 .text.Error_Handler
                0x08004120        0x2 CMakeFiles/motorcontrol.elf.dir/Core/Src/main.c.obj
                0x08004120                Error_Handler
 .text.fast_fmaxf
                0x08004122       0x12 CMakeFiles/motorcontrol.elf.dir/Core/Src/math_ops.c.obj
                0x08004122                fast_fmaxf
 .text.fast_fminf
                0x08004134       0x12 CMakeFiles/motorcontrol.elf.dir/Core/Src/math_ops.c.obj
                0x08004134                fast_fminf
 .text.fmaxf3   0x08004146       0x2e CMakeFiles/motorcontrol.elf.dir/Core/Src/math_ops.c.obj
                0x08004146                fmaxf3
 .text.fminf3   0x08004174       0x2e CMakeFiles/motorcontrol.elf.dir/Core/Src/math_ops.c.obj
                0x08004174                fminf3
 .text.limit_norm
                0x080041a2       0x52 CMakeFiles/motorcontrol.elf.dir/Core/Src/math_ops.c.obj
                0x080041a2                limit_norm
 .text.float_to_uint
                0x080041f4       0x38 CMakeFiles/motorcontrol.elf.dir/Core/Src/math_ops.c.obj
                0x080041f4                float_to_uint
 .text.uint_to_float
                0x0800422c       0x38 CMakeFiles/motorcontrol.elf.dir/Core/Src/math_ops.c.obj
                0x0800422c                uint_to_float
 .text.sin_lut  0x08004264       0x40 CMakeFiles/motorcontrol.elf.dir/Core/Src/math_ops.c.obj
                0x08004264                sin_lut
 .text.cos_lut  0x080042a4       0x14 CMakeFiles/motorcontrol.elf.dir/Core/Src/math_ops.c.obj
                0x080042a4                cos_lut
 .text.ps_warmup
                0x080042b8       0x58 CMakeFiles/motorcontrol.elf.dir/Core/Src/position_sensor.c.obj
                0x080042b8                ps_warmup
 .text.ps_sample
                0x08004310      0x208 CMakeFiles/motorcontrol.elf.dir/Core/Src/position_sensor.c.obj
                0x08004310                ps_sample
 .text.ps_print
                0x08004518       0x68 CMakeFiles/motorcontrol.elf.dir/Core/Src/position_sensor.c.obj
                0x08004518                ps_print
 .text.preference_writer_init
                0x08004580        0xe CMakeFiles/motorcontrol.elf.dir/Core/Src/preference_writer.c.obj
                0x08004580                preference_writer_init
 .text.preference_writer_open
                0x0800458e        0xe CMakeFiles/motorcontrol.elf.dir/Core/Src/preference_writer.c.obj
                0x0800458e                preference_writer_open
 .text.preference_writer_ready
                0x0800459c        0xe CMakeFiles/motorcontrol.elf.dir/Core/Src/preference_writer.c.obj
                0x0800459c                preference_writer_ready
 *fill*         0x080045aa        0x2 
 .text.preference_writer_flush
                0x080045ac       0x54 CMakeFiles/motorcontrol.elf.dir/Core/Src/preference_writer.c.obj
                0x080045ac                preference_writer_flush
 .text.preference_writer_load
                0x08004600       0x54 CMakeFiles/motorcontrol.elf.dir/Core/Src/preference_writer.c.obj
                0x08004600                preference_writer_load
 .text.preference_writer_close
                0x08004654        0xc CMakeFiles/motorcontrol.elf.dir/Core/Src/preference_writer.c.obj
                0x08004654                preference_writer_close
 .text.MX_SPI1_Init
                0x08004660       0x48 CMakeFiles/motorcontrol.elf.dir/Core/Src/spi.c.obj
                0x08004660                MX_SPI1_Init
 .text.MX_SPI3_Init
                0x080046a8       0x44 CMakeFiles/motorcontrol.elf.dir/Core/Src/spi.c.obj
                0x080046a8                MX_SPI3_Init
 .text.HAL_SPI_MspInit
                0x080046ec       0xc8 CMakeFiles/motorcontrol.elf.dir/Core/Src/spi.c.obj
                0x080046ec                HAL_SPI_MspInit
 .text.FLASH_Unlock
                0x080047b4       0x20 CMakeFiles/motorcontrol.elf.dir/Core/Src/stm32f4xx_flash.c.obj
                0x080047b4                FLASH_Unlock
 .text.FLASH_Lock
                0x080047d4       0x10 CMakeFiles/motorcontrol.elf.dir/Core/Src/stm32f4xx_flash.c.obj
                0x080047d4                FLASH_Lock
 .text.FLASH_ClearFlag
                0x080047e4        0xc CMakeFiles/motorcontrol.elf.dir/Core/Src/stm32f4xx_flash.c.obj
                0x080047e4                FLASH_ClearFlag
 .text.FLASH_GetStatus
                0x080047f0       0x50 CMakeFiles/motorcontrol.elf.dir/Core/Src/stm32f4xx_flash.c.obj
                0x080047f0                FLASH_GetStatus
 .text.FLASH_WaitForLastOperation2
                0x08004840       0x30 CMakeFiles/motorcontrol.elf.dir/Core/Src/stm32f4xx_flash.c.obj
                0x08004840                FLASH_WaitForLastOperation2
 .text.FLASH_EraseSector
                0x08004870       0x70 CMakeFiles/motorcontrol.elf.dir/Core/Src/stm32f4xx_flash.c.obj
                0x08004870                FLASH_EraseSector
 .text.FLASH_ProgramWord
                0x080048e0       0x40 CMakeFiles/motorcontrol.elf.dir/Core/Src/stm32f4xx_flash.c.obj
                0x080048e0                FLASH_ProgramWord
 .text.HAL_MspInit
                0x08004920       0x40 CMakeFiles/motorcontrol.elf.dir/Core/Src/stm32f4xx_hal_msp.c.obj
                0x08004920                HAL_MspInit
 .text.NMI_Handler
                0x08004960        0x2 CMakeFiles/motorcontrol.elf.dir/Core/Src/stm32f4xx_it.c.obj
                0x08004960                NMI_Handler
 .text.HardFault_Handler
                0x08004962        0x2 CMakeFiles/motorcontrol.elf.dir/Core/Src/stm32f4xx_it.c.obj
                0x08004962                HardFault_Handler
 .text.MemManage_Handler
                0x08004964        0x2 CMakeFiles/motorcontrol.elf.dir/Core/Src/stm32f4xx_it.c.obj
                0x08004964                MemManage_Handler
 .text.BusFault_Handler
                0x08004966        0x2 CMakeFiles/motorcontrol.elf.dir/Core/Src/stm32f4xx_it.c.obj
                0x08004966                BusFault_Handler
 .text.UsageFault_Handler
                0x08004968        0x2 CMakeFiles/motorcontrol.elf.dir/Core/Src/stm32f4xx_it.c.obj
                0x08004968                UsageFault_Handler
 .text.SVC_Handler
                0x0800496a        0x2 CMakeFiles/motorcontrol.elf.dir/Core/Src/stm32f4xx_it.c.obj
                0x0800496a                SVC_Handler
 .text.DebugMon_Handler
                0x0800496c        0x2 CMakeFiles/motorcontrol.elf.dir/Core/Src/stm32f4xx_it.c.obj
                0x0800496c                DebugMon_Handler
 .text.PendSV_Handler
                0x0800496e        0x2 CMakeFiles/motorcontrol.elf.dir/Core/Src/stm32f4xx_it.c.obj
                0x0800496e                PendSV_Handler
 .text.SysTick_Handler
                0x08004970        0x8 CMakeFiles/motorcontrol.elf.dir/Core/Src/stm32f4xx_it.c.obj
                0x08004970                SysTick_Handler
 .text.CAN1_RX0_IRQHandler
                0x08004978      0x170 CMakeFiles/motorcontrol.elf.dir/Core/Src/stm32f4xx_it.c.obj
                0x08004978                CAN1_RX0_IRQHandler
 .text.USART2_IRQHandler
                0x08004ae8       0x28 CMakeFiles/motorcontrol.elf.dir/Core/Src/stm32f4xx_it.c.obj
                0x08004ae8                USART2_IRQHandler
 .text.can_tx_rx
                0x08004b10      0x190 CMakeFiles/motorcontrol.elf.dir/Core/Src/stm32f4xx_it.c.obj
                0x08004b10                can_tx_rx
 .text.TIM1_UP_TIM10_IRQHandler
                0x08004ca0       0x44 CMakeFiles/motorcontrol.elf.dir/Core/Src/stm32f4xx_it.c.obj
                0x08004ca0                TIM1_UP_TIM10_IRQHandler
 .text._getpid  0x08004ce4        0x4 CMakeFiles/motorcontrol.elf.dir/Core/Src/syscalls.c.obj
                0x08004ce4                _getpid
 .text._kill    0x08004ce8       0x10 CMakeFiles/motorcontrol.elf.dir/Core/Src/syscalls.c.obj
                0x08004ce8                _kill
 .text._exit    0x08004cf8        0xc CMakeFiles/motorcontrol.elf.dir/Core/Src/syscalls.c.obj
                0x08004cf8                _exit
 .text._read    0x08004d04       0x20 CMakeFiles/motorcontrol.elf.dir/Core/Src/syscalls.c.obj
                0x08004d04                _read
 .text._write   0x08004d24       0x1c CMakeFiles/motorcontrol.elf.dir/Core/Src/syscalls.c.obj
                0x08004d24                _write
 .text._close   0x08004d40        0x6 CMakeFiles/motorcontrol.elf.dir/Core/Src/syscalls.c.obj
                0x08004d40                _close
 .text._fstat   0x08004d46        0xa CMakeFiles/motorcontrol.elf.dir/Core/Src/syscalls.c.obj
                0x08004d46                _fstat
 .text._isatty  0x08004d50        0x4 CMakeFiles/motorcontrol.elf.dir/Core/Src/syscalls.c.obj
                0x08004d50                _isatty
 .text._lseek   0x08004d54        0x4 CMakeFiles/motorcontrol.elf.dir/Core/Src/syscalls.c.obj
                0x08004d54                _lseek
 .text._sbrk    0x08004d58       0x3c CMakeFiles/motorcontrol.elf.dir/Core/Src/sysmem.c.obj
                0x08004d58                _sbrk
 .text.SystemInit
                0x08004d94       0x10 CMakeFiles/motorcontrol.elf.dir/Core/Src/system_stm32f4xx.c.obj
                0x08004d94                SystemInit
 .text.HAL_TIM_Base_MspInit
                0x08004da4       0x40 CMakeFiles/motorcontrol.elf.dir/Core/Src/tim.c.obj
                0x08004da4                HAL_TIM_Base_MspInit
 .text.HAL_TIM_MspPostInit
                0x08004de4       0x60 CMakeFiles/motorcontrol.elf.dir/Core/Src/tim.c.obj
                0x08004de4                HAL_TIM_MspPostInit
 .text.MX_TIM1_Init
                0x08004e44      0x114 CMakeFiles/motorcontrol.elf.dir/Core/Src/tim.c.obj
                0x08004e44                MX_TIM1_Init
 .text.MX_USART2_UART_Init
                0x08004f58       0x34 CMakeFiles/motorcontrol.elf.dir/Core/Src/usart.c.obj
                0x08004f58                MX_USART2_UART_Init
 .text.HAL_UART_MspInit
                0x08004f8c       0x7c CMakeFiles/motorcontrol.elf.dir/Core/Src/usart.c.obj
                0x08004f8c                HAL_UART_MspInit
 .text.__io_putchar
                0x08005008       0x20 CMakeFiles/motorcontrol.elf.dir/Core/Src/usart.c.obj
                0x08005008                __io_putchar
 .text.HAL_UART_RxCpltCallback
                0x08005028       0x18 CMakeFiles/motorcontrol.elf.dir/Core/Src/usart.c.obj
                0x08005028                HAL_UART_RxCpltCallback
 .text.Reset_Handler
                0x08005040       0x50 CMakeFiles/motorcontrol.elf.dir/Core/Startup/startup_stm32f446retx.s.obj
                0x08005040                Reset_Handler
 .text.Default_Handler
                0x08005090        0x2 CMakeFiles/motorcontrol.elf.dir/Core/Startup/startup_stm32f446retx.s.obj
                0x08005090                RTC_Alarm_IRQHandler
                0x08005090                EXTI2_IRQHandler
                0x08005090                TIM8_CC_IRQHandler
                0x08005090                FMPI2C1_EV_IRQHandler
                0x08005090                SPI4_IRQHandler
                0x08005090                TIM1_CC_IRQHandler
                0x08005090                DMA2_Stream5_IRQHandler
                0x08005090                DMA1_Stream5_IRQHandler
                0x08005090                PVD_IRQHandler
                0x08005090                SDIO_IRQHandler
                0x08005090                TAMP_STAMP_IRQHandler
                0x08005090                CAN2_RX1_IRQHandler
                0x08005090                EXTI3_IRQHandler
                0x08005090                TIM8_TRG_COM_TIM14_IRQHandler
                0x08005090                TIM8_UP_TIM13_IRQHandler
                0x08005090                I2C3_ER_IRQHandler
                0x08005090                EXTI0_IRQHandler
                0x08005090                I2C2_EV_IRQHandler
                0x08005090                DMA1_Stream2_IRQHandler
                0x08005090                FPU_IRQHandler
                0x08005090                OTG_HS_WKUP_IRQHandler
                0x08005090                CAN2_SCE_IRQHandler
                0x08005090                DMA2_Stream2_IRQHandler
                0x08005090                SPI1_IRQHandler
                0x08005090                TIM6_DAC_IRQHandler
                0x08005090                TIM1_BRK_TIM9_IRQHandler
                0x08005090                DCMI_IRQHandler
                0x08005090                CAN2_RX0_IRQHandler
                0x08005090                DMA2_Stream3_IRQHandler
                0x08005090                SAI2_IRQHandler
                0x08005090                USART6_IRQHandler
                0x08005090                USART3_IRQHandler
                0x08005090                CAN1_RX1_IRQHandler
                0x08005090                UART5_IRQHandler
                0x08005090                DMA2_Stream0_IRQHandler
                0x08005090                TIM4_IRQHandler
                0x08005090                QUADSPI_IRQHandler
                0x08005090                I2C1_EV_IRQHandler
                0x08005090                DMA1_Stream6_IRQHandler
                0x08005090                DMA1_Stream1_IRQHandler
                0x08005090                UART4_IRQHandler
                0x08005090                TIM3_IRQHandler
                0x08005090                RCC_IRQHandler
                0x08005090                TIM8_BRK_TIM12_IRQHandler
                0x08005090                Default_Handler
                0x08005090                CEC_IRQHandler
                0x08005090                EXTI15_10_IRQHandler
                0x08005090                ADC_IRQHandler
                0x08005090                DMA1_Stream7_IRQHandler
                0x08005090                TIM7_IRQHandler
                0x08005090                CAN2_TX_IRQHandler
                0x08005090                TIM5_IRQHandler
                0x08005090                DMA2_Stream7_IRQHandler
                0x08005090                I2C3_EV_IRQHandler
                0x08005090                EXTI9_5_IRQHandler
                0x08005090                RTC_WKUP_IRQHandler
                0x08005090                SPDIF_RX_IRQHandler
                0x08005090                SPI2_IRQHandler
                0x08005090                OTG_HS_EP1_IN_IRQHandler
                0x08005090                DMA1_Stream0_IRQHandler
                0x08005090                CAN1_TX_IRQHandler
                0x08005090                FMPI2C1_ER_IRQHandler
                0x08005090                EXTI4_IRQHandler
                0x08005090                OTG_HS_EP1_OUT_IRQHandler
                0x08005090                WWDG_IRQHandler
                0x08005090                TIM2_IRQHandler
                0x08005090                OTG_FS_WKUP_IRQHandler
                0x08005090                TIM1_TRG_COM_TIM11_IRQHandler
                0x08005090                OTG_HS_IRQHandler
                0x08005090                EXTI1_IRQHandler
                0x08005090                I2C2_ER_IRQHandler
                0x08005090                DMA2_Stream1_IRQHandler
                0x08005090                CAN1_SCE_IRQHandler
                0x08005090                FLASH_IRQHandler
                0x08005090                DMA2_Stream4_IRQHandler
                0x08005090                USART1_IRQHandler
                0x08005090                OTG_FS_IRQHandler
                0x08005090                SPI3_IRQHandler
                0x08005090                DMA1_Stream4_IRQHandler
                0x08005090                I2C1_ER_IRQHandler
                0x08005090                FMC_IRQHandler
                0x08005090                DMA2_Stream6_IRQHandler
                0x08005090                SAI1_IRQHandler
                0x08005090                DMA1_Stream3_IRQHandler
 *fill*         0x08005092        0x2 
 .text.HAL_InitTick
                0x08005094       0x4c CMakeFiles/motorcontrol.elf.dir/Drivers/STM32F4xx_HAL_Driver/Src/stm32f4xx_hal.c.obj
                0x08005094                HAL_InitTick
 .text.HAL_Init
                0x080050e0       0x34 CMakeFiles/motorcontrol.elf.dir/Drivers/STM32F4xx_HAL_Driver/Src/stm32f4xx_hal.c.obj
                0x080050e0                HAL_Init
 .text.HAL_IncTick
                0x08005114       0x18 CMakeFiles/motorcontrol.elf.dir/Drivers/STM32F4xx_HAL_Driver/Src/stm32f4xx_hal.c.obj
                0x08005114                HAL_IncTick
 .text.HAL_GetTick
                0x0800512c        0xc CMakeFiles/motorcontrol.elf.dir/Drivers/STM32F4xx_HAL_Driver/Src/stm32f4xx_hal.c.obj
                0x0800512c                HAL_GetTick
 .text.HAL_Delay
                0x08005138       0x28 CMakeFiles/motorcontrol.elf.dir/Drivers/STM32F4xx_HAL_Driver/Src/stm32f4xx_hal.c.obj
                0x08005138                HAL_Delay
 .text.ADC_Init
                0x08005160      0x134 CMakeFiles/motorcontrol.elf.dir/Drivers/STM32F4xx_HAL_Driver/Src/stm32f4xx_hal_adc.c.obj
 .text.HAL_ADC_Init
                0x08005294       0x56 CMakeFiles/motorcontrol.elf.dir/Drivers/STM32F4xx_HAL_Driver/Src/stm32f4xx_hal_adc.c.obj
                0x08005294                HAL_ADC_Init
 *fill*         0x080052ea        0x2 
 .text.HAL_ADC_Start
                0x080052ec      0x144 CMakeFiles/motorcontrol.elf.dir/Drivers/STM32F4xx_HAL_Driver/Src/stm32f4xx_hal_adc.c.obj
                0x080052ec                HAL_ADC_Start
 .text.HAL_ADC_PollForConversion
                0x08005430       0xb8 CMakeFiles/motorcontrol.elf.dir/Drivers/STM32F4xx_HAL_Driver/Src/stm32f4xx_hal_adc.c.obj
                0x08005430                HAL_ADC_PollForConversion
 .text.HAL_ADC_GetValue
                0x080054e8        0x6 CMakeFiles/motorcontrol.elf.dir/Drivers/STM32F4xx_HAL_Driver/Src/stm32f4xx_hal_adc.c.obj
                0x080054e8                HAL_ADC_GetValue
 *fill*         0x080054ee        0x2 
 .text.HAL_ADC_ConfigChannel
                0x080054f0      0x1ac CMakeFiles/motorcontrol.elf.dir/Drivers/STM32F4xx_HAL_Driver/Src/stm32f4xx_hal_adc.c.obj
                0x080054f0                HAL_ADC_ConfigChannel
 .text.HAL_ADCEx_MultiModeConfigChannel
                0x0800569c       0x58 CMakeFiles/motorcontrol.elf.dir/Drivers/STM32F4xx_HAL_Driver/Src/stm32f4xx_hal_adc_ex.c.obj
                0x0800569c                HAL_ADCEx_MultiModeConfigChannel
 .text.HAL_CAN_Init
                0x080056f4      0x14c CMakeFiles/motorcontrol.elf.dir/Drivers/STM32F4xx_HAL_Driver/Src/stm32f4xx_hal_can.c.obj
                0x080056f4                HAL_CAN_Init
 .text.HAL_CAN_ConfigFilter
                0x08005840      0x13c CMakeFiles/motorcontrol.elf.dir/Drivers/STM32F4xx_HAL_Driver/Src/stm32f4xx_hal_can.c.obj
                0x08005840                HAL_CAN_ConfigFilter
 .text.HAL_CAN_Start
                0x0800597c       0x5c CMakeFiles/motorcontrol.elf.dir/Drivers/STM32F4xx_HAL_Driver/Src/stm32f4xx_hal_can.c.obj
                0x0800597c                HAL_CAN_Start
 .text.HAL_CAN_AddTxMessage
                0x080059d8       0xfc CMakeFiles/motorcontrol.elf.dir/Drivers/STM32F4xx_HAL_Driver/Src/stm32f4xx_hal_can.c.obj
                0x080059d8                HAL_CAN_AddTxMessage
 .text.HAL_CAN_GetRxMessage
                0x08005ad4      0x156 CMakeFiles/motorcontrol.elf.dir/Drivers/STM32F4xx_HAL_Driver/Src/stm32f4xx_hal_can.c.obj
                0x08005ad4                HAL_CAN_GetRxMessage
 .text.HAL_CAN_TxMailbox0CompleteCallback
                0x08005c2a        0x2 CMakeFiles/motorcontrol.elf.dir/Drivers/STM32F4xx_HAL_Driver/Src/stm32f4xx_hal_can.c.obj
                0x08005c2a                HAL_CAN_TxMailbox0CompleteCallback
 .text.HAL_CAN_TxMailbox1CompleteCallback
                0x08005c2c        0x2 CMakeFiles/motorcontrol.elf.dir/Drivers/STM32F4xx_HAL_Driver/Src/stm32f4xx_hal_can.c.obj
                0x08005c2c                HAL_CAN_TxMailbox1CompleteCallback
 .text.HAL_CAN_TxMailbox2CompleteCallback
                0x08005c2e        0x2 CMakeFiles/motorcontrol.elf.dir/Drivers/STM32F4xx_HAL_Driver/Src/stm32f4xx_hal_can.c.obj
                0x08005c2e                HAL_CAN_TxMailbox2CompleteCallback
 .text.HAL_CAN_TxMailbox0AbortCallback
                0x08005c30        0x2 CMakeFiles/motorcontrol.elf.dir/Drivers/STM32F4xx_HAL_Driver/Src/stm32f4xx_hal_can.c.obj
                0x08005c30                HAL_CAN_TxMailbox0AbortCallback
 .text.HAL_CAN_TxMailbox1AbortCallback
                0x08005c32        0x2 CMakeFiles/motorcontrol.elf.dir/Drivers/STM32F4xx_HAL_Driver/Src/stm32f4xx_hal_can.c.obj
                0x08005c32                HAL_CAN_TxMailbox1AbortCallback
 .text.HAL_CAN_TxMailbox2AbortCallback
                0x08005c34        0x2 CMakeFiles/motorcontrol.elf.dir/Drivers/STM32F4xx_HAL_Driver/Src/stm32f4xx_hal_can.c.obj
                0x08005c34                HAL_CAN_TxMailbox2AbortCallback
 .text.HAL_CAN_RxFifo0MsgPendingCallback
                0x08005c36        0x2 CMakeFiles/motorcontrol.elf.dir/Drivers/STM32F4xx_HAL_Driver/Src/stm32f4xx_hal_can.c.obj
                0x08005c36                HAL_CAN_RxFifo0MsgPendingCallback
 .text.HAL_CAN_RxFifo0FullCallback
                0x08005c38        0x2 CMakeFiles/motorcontrol.elf.dir/Drivers/STM32F4xx_HAL_Driver/Src/stm32f4xx_hal_can.c.obj
                0x08005c38                HAL_CAN_RxFifo0FullCallback
 .text.HAL_CAN_RxFifo1MsgPendingCallback
                0x08005c3a        0x2 CMakeFiles/motorcontrol.elf.dir/Drivers/STM32F4xx_HAL_Driver/Src/stm32f4xx_hal_can.c.obj
                0x08005c3a                HAL_CAN_RxFifo1MsgPendingCallback
 .text.HAL_CAN_RxFifo1FullCallback
                0x08005c3c        0x2 CMakeFiles/motorcontrol.elf.dir/Drivers/STM32F4xx_HAL_Driver/Src/stm32f4xx_hal_can.c.obj
                0x08005c3c                HAL_CAN_RxFifo1FullCallback
 .text.HAL_CAN_SleepCallback
                0x08005c3e        0x2 CMakeFiles/motorcontrol.elf.dir/Drivers/STM32F4xx_HAL_Driver/Src/stm32f4xx_hal_can.c.obj
                0x08005c3e                HAL_CAN_SleepCallback
 .text.HAL_CAN_WakeUpFromRxMsgCallback
                0x08005c40        0x2 CMakeFiles/motorcontrol.elf.dir/Drivers/STM32F4xx_HAL_Driver/Src/stm32f4xx_hal_can.c.obj
                0x08005c40                HAL_CAN_WakeUpFromRxMsgCallback
 .text.HAL_CAN_ErrorCallback
                0x08005c42        0x2 CMakeFiles/motorcontrol.elf.dir/Drivers/STM32F4xx_HAL_Driver/Src/stm32f4xx_hal_can.c.obj
                0x08005c42                HAL_CAN_ErrorCallback
 .text.HAL_CAN_IRQHandler
                0x08005c44      0x24a CMakeFiles/motorcontrol.elf.dir/Drivers/STM32F4xx_HAL_Driver/Src/stm32f4xx_hal_can.c.obj
                0x08005c44                HAL_CAN_IRQHandler
 *fill*         0x08005e8e        0x2 
 .text.HAL_NVIC_SetPriorityGrouping
                0x08005e90       0x24 CMakeFiles/motorcontrol.elf.dir/Drivers/STM32F4xx_HAL_Driver/Src/stm32f4xx_hal_cortex.c.obj
                0x08005e90                HAL_NVIC_SetPriorityGrouping
 .text.HAL_NVIC_SetPriority
                0x08005eb4       0x70 CMakeFiles/motorcontrol.elf.dir/Drivers/STM32F4xx_HAL_Driver/Src/stm32f4xx_hal_cortex.c.obj
                0x08005eb4                HAL_NVIC_SetPriority
 .text.HAL_NVIC_EnableIRQ
                0x08005f24       0x1c CMakeFiles/motorcontrol.elf.dir/Drivers/STM32F4xx_HAL_Driver/Src/stm32f4xx_hal_cortex.c.obj
                0x08005f24                HAL_NVIC_EnableIRQ
 .text.HAL_SYSTICK_Config
                0x08005f40       0x28 CMakeFiles/motorcontrol.elf.dir/Drivers/STM32F4xx_HAL_Driver/Src/stm32f4xx_hal_cortex.c.obj
                0x08005f40                HAL_SYSTICK_Config
 .text.HAL_DMA_Abort
                0x08005f68       0x94 CMakeFiles/motorcontrol.elf.dir/Drivers/STM32F4xx_HAL_Driver/Src/stm32f4xx_hal_dma.c.obj
                0x08005f68                HAL_DMA_Abort
 .text.HAL_DMA_Abort_IT
                0x08005ffc       0x26 CMakeFiles/motorcontrol.elf.dir/Drivers/STM32F4xx_HAL_Driver/Src/stm32f4xx_hal_dma.c.obj
                0x08005ffc                HAL_DMA_Abort_IT
 *fill*         0x08006022        0x2 
 .text.HAL_GPIO_Init
                0x08006024      0x1d8 CMakeFiles/motorcontrol.elf.dir/Drivers/STM32F4xx_HAL_Driver/Src/stm32f4xx_hal_gpio.c.obj
                0x08006024                HAL_GPIO_Init
 .text.HAL_GPIO_WritePin
                0x080061fc        0xc CMakeFiles/motorcontrol.elf.dir/Drivers/STM32F4xx_HAL_Driver/Src/stm32f4xx_hal_gpio.c.obj
                0x080061fc                HAL_GPIO_WritePin
 .text.HAL_PWREx_EnableOverDrive
                0x08006208       0x7c CMakeFiles/motorcontrol.elf.dir/Drivers/STM32F4xx_HAL_Driver/Src/stm32f4xx_hal_pwr_ex.c.obj
                0x08006208                HAL_PWREx_EnableOverDrive
 .text.HAL_RCC_ClockConfig
                0x08006284      0x160 CMakeFiles/motorcontrol.elf.dir/Drivers/STM32F4xx_HAL_Driver/Src/stm32f4xx_hal_rcc.c.obj
                0x08006284                HAL_RCC_ClockConfig
 .text.HAL_RCC_GetHCLKFreq
                0x080063e4        0xc CMakeFiles/motorcontrol.elf.dir/Drivers/STM32F4xx_HAL_Driver/Src/stm32f4xx_hal_rcc.c.obj
                0x080063e4                HAL_RCC_GetHCLKFreq
 .text.HAL_RCC_GetPCLK1Freq
                0x080063f0       0x20 CMakeFiles/motorcontrol.elf.dir/Drivers/STM32F4xx_HAL_Driver/Src/stm32f4xx_hal_rcc.c.obj
                0x080063f0                HAL_RCC_GetPCLK1Freq
 .text.HAL_RCC_GetPCLK2Freq
                0x08006410       0x20 CMakeFiles/motorcontrol.elf.dir/Drivers/STM32F4xx_HAL_Driver/Src/stm32f4xx_hal_rcc.c.obj
                0x08006410                HAL_RCC_GetPCLK2Freq
 .text.HAL_RCC_GetSysClockFreq
                0x08006430      0x180 CMakeFiles/motorcontrol.elf.dir/Drivers/STM32F4xx_HAL_Driver/Src/stm32f4xx_hal_rcc_ex.c.obj
                0x08006430                HAL_RCC_GetSysClockFreq
 .text.HAL_RCC_OscConfig
                0x080065b0      0x444 CMakeFiles/motorcontrol.elf.dir/Drivers/STM32F4xx_HAL_Driver/Src/stm32f4xx_hal_rcc_ex.c.obj
                0x080065b0                HAL_RCC_OscConfig
 .text.SPI_WaitFlagStateUntilTimeout
                0x080069f4       0xd4 CMakeFiles/motorcontrol.elf.dir/Drivers/STM32F4xx_HAL_Driver/Src/stm32f4xx_hal_spi.c.obj
 .text.SPI_EndRxTxTransaction
                0x08006ac8       0x68 CMakeFiles/motorcontrol.elf.dir/Drivers/STM32F4xx_HAL_Driver/Src/stm32f4xx_hal_spi.c.obj
 .text.HAL_SPI_Init
                0x08006b30       0xbe CMakeFiles/motorcontrol.elf.dir/Drivers/STM32F4xx_HAL_Driver/Src/stm32f4xx_hal_spi.c.obj
                0x08006b30                HAL_SPI_Init
 .text.HAL_SPI_TransmitReceive
                0x08006bee      0x238 CMakeFiles/motorcontrol.elf.dir/Drivers/STM32F4xx_HAL_Driver/Src/stm32f4xx_hal_spi.c.obj
                0x08006bee                HAL_SPI_TransmitReceive
 *fill*         0x08006e26        0x2 
 .text.TIM_OC1_SetConfig
                0x08006e28       0x68 CMakeFiles/motorcontrol.elf.dir/Drivers/STM32F4xx_HAL_Driver/Src/stm32f4xx_hal_tim.c.obj
 .text.TIM_OC3_SetConfig
                0x08006e90       0x70 CMakeFiles/motorcontrol.elf.dir/Drivers/STM32F4xx_HAL_Driver/Src/stm32f4xx_hal_tim.c.obj
 .text.TIM_OC4_SetConfig
                0x08006f00       0x50 CMakeFiles/motorcontrol.elf.dir/Drivers/STM32F4xx_HAL_Driver/Src/stm32f4xx_hal_tim.c.obj
 .text.TIM_TI1_ConfigInputStage
                0x08006f50       0x24 CMakeFiles/motorcontrol.elf.dir/Drivers/STM32F4xx_HAL_Driver/Src/stm32f4xx_hal_tim.c.obj
 .text.TIM_TI2_ConfigInputStage
                0x08006f74       0x26 CMakeFiles/motorcontrol.elf.dir/Drivers/STM32F4xx_HAL_Driver/Src/stm32f4xx_hal_tim.c.obj
 .text.TIM_ITRx_SetConfig
                0x08006f9a       0x10 CMakeFiles/motorcontrol.elf.dir/Drivers/STM32F4xx_HAL_Driver/Src/stm32f4xx_hal_tim.c.obj
 *fill*         0x08006faa        0x2 
 .text.HAL_TIM_Base_Start_IT
                0x08006fac       0x88 CMakeFiles/motorcontrol.elf.dir/Drivers/STM32F4xx_HAL_Driver/Src/stm32f4xx_hal_tim.c.obj
                0x08006fac                HAL_TIM_Base_Start_IT
 .text.HAL_TIM_PWM_MspInit
                0x08007034        0x2 CMakeFiles/motorcontrol.elf.dir/Drivers/STM32F4xx_HAL_Driver/Src/stm32f4xx_hal_tim.c.obj
                0x08007034                HAL_TIM_PWM_MspInit
 .text.HAL_TIM_PeriodElapsedCallback
                0x08007036        0x2 CMakeFiles/motorcontrol.elf.dir/Drivers/STM32F4xx_HAL_Driver/Src/stm32f4xx_hal_tim.c.obj
                0x08007036                HAL_TIM_PeriodElapsedCallback
 .text.HAL_TIM_OC_DelayElapsedCallback
                0x08007038        0x2 CMakeFiles/motorcontrol.elf.dir/Drivers/STM32F4xx_HAL_Driver/Src/stm32f4xx_hal_tim.c.obj
                0x08007038                HAL_TIM_OC_DelayElapsedCallback
 .text.HAL_TIM_IC_CaptureCallback
                0x0800703a        0x2 CMakeFiles/motorcontrol.elf.dir/Drivers/STM32F4xx_HAL_Driver/Src/stm32f4xx_hal_tim.c.obj
                0x0800703a                HAL_TIM_IC_CaptureCallback
 .text.HAL_TIM_PWM_PulseFinishedCallback
                0x0800703c        0x2 CMakeFiles/motorcontrol.elf.dir/Drivers/STM32F4xx_HAL_Driver/Src/stm32f4xx_hal_tim.c.obj
                0x0800703c                HAL_TIM_PWM_PulseFinishedCallback
 .text.HAL_TIM_TriggerCallback
                0x0800703e        0x2 CMakeFiles/motorcontrol.elf.dir/Drivers/STM32F4xx_HAL_Driver/Src/stm32f4xx_hal_tim.c.obj
                0x0800703e                HAL_TIM_TriggerCallback
 .text.HAL_TIM_IRQHandler
                0x08007040      0x17a CMakeFiles/motorcontrol.elf.dir/Drivers/STM32F4xx_HAL_Driver/Src/stm32f4xx_hal_tim.c.obj
                0x08007040                HAL_TIM_IRQHandler
 *fill*         0x080071ba        0x2 
 .text.TIM_Base_SetConfig
                0x080071bc       0xc8 CMakeFiles/motorcontrol.elf.dir/Drivers/STM32F4xx_HAL_Driver/Src/stm32f4xx_hal_tim.c.obj
                0x080071bc                TIM_Base_SetConfig
 .text.HAL_TIM_Base_Init
                0x08007284       0x58 CMakeFiles/motorcontrol.elf.dir/Drivers/STM32F4xx_HAL_Driver/Src/stm32f4xx_hal_tim.c.obj
                0x08007284                HAL_TIM_Base_Init
 .text.HAL_TIM_PWM_Init
                0x080072dc       0x58 CMakeFiles/motorcontrol.elf.dir/Drivers/STM32F4xx_HAL_Driver/Src/stm32f4xx_hal_tim.c.obj
                0x080072dc                HAL_TIM_PWM_Init
 .text.TIM_OC2_SetConfig
                0x08007334       0x70 CMakeFiles/motorcontrol.elf.dir/Drivers/STM32F4xx_HAL_Driver/Src/stm32f4xx_hal_tim.c.obj
                0x08007334                TIM_OC2_SetConfig
 .text.HAL_TIM_PWM_ConfigChannel
                0x080073a4       0xdc CMakeFiles/motorcontrol.elf.dir/Drivers/STM32F4xx_HAL_Driver/Src/stm32f4xx_hal_tim.c.obj
                0x080073a4                HAL_TIM_PWM_ConfigChannel
 .text.TIM_ETR_SetConfig
                0x08007480       0x18 CMakeFiles/motorcontrol.elf.dir/Drivers/STM32F4xx_HAL_Driver/Src/stm32f4xx_hal_tim.c.obj
                0x08007480                TIM_ETR_SetConfig
 .text.HAL_TIM_ConfigClockSource
                0x08007498       0xfe CMakeFiles/motorcontrol.elf.dir/Drivers/STM32F4xx_HAL_Driver/Src/stm32f4xx_hal_tim.c.obj
                0x08007498                HAL_TIM_ConfigClockSource
 .text.TIM_CCxChannelCmd
                0x08007596       0x1e CMakeFiles/motorcontrol.elf.dir/Drivers/STM32F4xx_HAL_Driver/Src/stm32f4xx_hal_tim.c.obj
                0x08007596                TIM_CCxChannelCmd
 .text.HAL_TIM_PWM_Start
                0x080075b4      0x104 CMakeFiles/motorcontrol.elf.dir/Drivers/STM32F4xx_HAL_Driver/Src/stm32f4xx_hal_tim.c.obj
                0x080075b4                HAL_TIM_PWM_Start
 .text.HAL_TIMEx_MasterConfigSynchronization
                0x080076b8       0x8c CMakeFiles/motorcontrol.elf.dir/Drivers/STM32F4xx_HAL_Driver/Src/stm32f4xx_hal_tim_ex.c.obj
                0x080076b8                HAL_TIMEx_MasterConfigSynchronization
 .text.HAL_TIMEx_ConfigBreakDeadTime
                0x08007744       0x52 CMakeFiles/motorcontrol.elf.dir/Drivers/STM32F4xx_HAL_Driver/Src/stm32f4xx_hal_tim_ex.c.obj
                0x08007744                HAL_TIMEx_ConfigBreakDeadTime
 .text.HAL_TIMEx_CommutCallback
                0x08007796        0x2 CMakeFiles/motorcontrol.elf.dir/Drivers/STM32F4xx_HAL_Driver/Src/stm32f4xx_hal_tim_ex.c.obj
                0x08007796                HAL_TIMEx_CommutCallback
 .text.HAL_TIMEx_BreakCallback
                0x08007798        0x2 CMakeFiles/motorcontrol.elf.dir/Drivers/STM32F4xx_HAL_Driver/Src/stm32f4xx_hal_tim_ex.c.obj
                0x08007798                HAL_TIMEx_BreakCallback
 .text.UART_EndRxTransfer
                0x0800779a       0x5c CMakeFiles/motorcontrol.elf.dir/Drivers/STM32F4xx_HAL_Driver/Src/stm32f4xx_hal_uart.c.obj
 .text.UART_Transmit_IT
                0x080077f6       0x60 CMakeFiles/motorcontrol.elf.dir/Drivers/STM32F4xx_HAL_Driver/Src/stm32f4xx_hal_uart.c.obj
 *fill*         0x08007856        0x2 
 .text.UART_SetConfig
                0x08007858      0x110 CMakeFiles/motorcontrol.elf.dir/Drivers/STM32F4xx_HAL_Driver/Src/stm32f4xx_hal_uart.c.obj
 .text.UART_WaitOnFlagUntilTimeout
                0x08007968       0x88 CMakeFiles/motorcontrol.elf.dir/Drivers/STM32F4xx_HAL_Driver/Src/stm32f4xx_hal_uart.c.obj
 .text.HAL_UART_Init
                0x080079f0       0x5e CMakeFiles/motorcontrol.elf.dir/Drivers/STM32F4xx_HAL_Driver/Src/stm32f4xx_hal_uart.c.obj
                0x080079f0                HAL_UART_Init
 .text.HAL_UART_Transmit
                0x08007a4e       0xd8 CMakeFiles/motorcontrol.elf.dir/Drivers/STM32F4xx_HAL_Driver/Src/stm32f4xx_hal_uart.c.obj
                0x08007a4e                HAL_UART_Transmit
 .text.HAL_UART_TxCpltCallback
                0x08007b26        0x2 CMakeFiles/motorcontrol.elf.dir/Drivers/STM32F4xx_HAL_Driver/Src/stm32f4xx_hal_uart.c.obj
                0x08007b26                HAL_UART_TxCpltCallback
 .text.UART_EndTransmit_IT
                0x08007b28       0x1a CMakeFiles/motorcontrol.elf.dir/Drivers/STM32F4xx_HAL_Driver/Src/stm32f4xx_hal_uart.c.obj
 .text.HAL_UART_ErrorCallback
                0x08007b42        0x2 CMakeFiles/motorcontrol.elf.dir/Drivers/STM32F4xx_HAL_Driver/Src/stm32f4xx_hal_uart.c.obj
                0x08007b42                HAL_UART_ErrorCallback
 .text.UART_DMAAbortOnError
                0x08007b44       0x10 CMakeFiles/motorcontrol.elf.dir/Drivers/STM32F4xx_HAL_Driver/Src/stm32f4xx_hal_uart.c.obj
 .text.HAL_UARTEx_RxEventCallback
                0x08007b54        0x2 CMakeFiles/motorcontrol.elf.dir/Drivers/STM32F4xx_HAL_Driver/Src/stm32f4xx_hal_uart.c.obj
                0x08007b54                HAL_UARTEx_RxEventCallback
 .text.UART_Receive_IT
                0x08007b56       0xe2 CMakeFiles/motorcontrol.elf.dir/Drivers/STM32F4xx_HAL_Driver/Src/stm32f4xx_hal_uart.c.obj
 .text.HAL_UART_IRQHandler
                0x08007c38      0x280 CMakeFiles/motorcontrol.elf.dir/Drivers/STM32F4xx_HAL_Driver/Src/stm32f4xx_hal_uart.c.obj
                0x08007c38                HAL_UART_IRQHandler
 .text.UART_Start_Receive_IT
                0x08007eb8       0x3a CMakeFiles/motorcontrol.elf.dir/Drivers/STM32F4xx_HAL_Driver/Src/stm32f4xx_hal_uart.c.obj
                0x08007eb8                UART_Start_Receive_IT
 .text.HAL_UART_Receive_IT
                0x08007ef2       0x38 CMakeFiles/motorcontrol.elf.dir/Drivers/STM32F4xx_HAL_Driver/Src/stm32f4xx_hal_uart.c.obj
                0x08007ef2                HAL_UART_Receive_IT
 *fill*         0x08007f2a        0x2 
 .text.atof     0x08007f2c        0x8 c:/users/weizhuo2/documents/gcc-arm-none-eabi/bin/../lib/gcc/arm-none-eabi/10.3.1/../../../../arm-none-eabi/lib/thumb/v7e-m/nofp\libg.a(lib_a-atof.o)
                0x08007f2c                atof
 .text.atoi     0x08007f34        0x8 c:/users/weizhuo2/documents/gcc-arm-none-eabi/bin/../lib/gcc/arm-none-eabi/10.3.1/../../../../arm-none-eabi/lib/thumb/v7e-m/nofp\libg.a(lib_a-atoi.o)
                0x08007f34                atoi
 .text.__errno  0x08007f3c        0xc c:/users/weizhuo2/documents/gcc-arm-none-eabi/bin/../lib/gcc/arm-none-eabi/10.3.1/../../../../arm-none-eabi/lib/thumb/v7e-m/nofp\libg.a(lib_a-errno.o)
                0x08007f3c                __errno
 .text.__libc_init_array
                0x08007f48       0x48 c:/users/weizhuo2/documents/gcc-arm-none-eabi/bin/../lib/gcc/arm-none-eabi/10.3.1/../../../../arm-none-eabi/lib/thumb/v7e-m/nofp\libg.a(lib_a-init.o)
                0x08007f48                __libc_init_array
 .text.memset   0x08007f90       0xa4 c:/users/weizhuo2/documents/gcc-arm-none-eabi/bin/../lib/gcc/arm-none-eabi/10.3.1/../../../../arm-none-eabi/lib/thumb/v7e-m/nofp\libg.a(lib_a-memset.o)
                0x08007f90                memset
 .text.printf   0x08008034       0x28 c:/users/weizhuo2/documents/gcc-arm-none-eabi/bin/../lib/gcc/arm-none-eabi/10.3.1/../../../../arm-none-eabi/lib/thumb/v7e-m/nofp\libg.a(lib_a-printf.o)
                0x08008034                printf
 .text._puts_r  0x0800805c       0x9c c:/users/weizhuo2/documents/gcc-arm-none-eabi/bin/../lib/gcc/arm-none-eabi/10.3.1/../../../../arm-none-eabi/lib/thumb/v7e-m/nofp\libg.a(lib_a-puts.o)
                0x0800805c                _puts_r
 .text.puts     0x080080f8       0x10 c:/users/weizhuo2/documents/gcc-arm-none-eabi/bin/../lib/gcc/arm-none-eabi/10.3.1/../../../../arm-none-eabi/lib/thumb/v7e-m/nofp\libg.a(lib_a-puts.o)
                0x080080f8                puts
 .text._strtod_l
                0x08008108      0xf30 c:/users/weizhuo2/documents/gcc-arm-none-eabi/bin/../lib/gcc/arm-none-eabi/10.3.1/../../../../arm-none-eabi/lib/thumb/v7e-m/nofp\libg.a(lib_a-strtod.o)
                0x08008108                _strtod_l
 .text.strtod   0x08009038       0x1c c:/users/weizhuo2/documents/gcc-arm-none-eabi/bin/../lib/gcc/arm-none-eabi/10.3.1/../../../../arm-none-eabi/lib/thumb/v7e-m/nofp\libg.a(lib_a-strtod.o)
                0x08009038                strtod
 .text._strtol_l.part.0
                0x08009054      0x120 c:/users/weizhuo2/documents/gcc-arm-none-eabi/bin/../lib/gcc/arm-none-eabi/10.3.1/../../../../arm-none-eabi/lib/thumb/v7e-m/nofp\libg.a(lib_a-strtol.o)
 .text.strtol   0x08009174       0x2c c:/users/weizhuo2/documents/gcc-arm-none-eabi/bin/../lib/gcc/arm-none-eabi/10.3.1/../../../../arm-none-eabi/lib/thumb/v7e-m/nofp\libg.a(lib_a-strtol.o)
                0x08009174                strtol
 .text._vfprintf_r
                0x080091a0     0x1ad4 c:/users/weizhuo2/documents/gcc-arm-none-eabi/bin/../lib/gcc/arm-none-eabi/10.3.1/../../../../arm-none-eabi/lib/thumb/v7e-m/nofp\libg.a(lib_a-vfprintf.o)
                0x080091a0                _vfprintf_r
 .text.__sbprintf
                0x0800ac74       0x80 c:/users/weizhuo2/documents/gcc-arm-none-eabi/bin/../lib/gcc/arm-none-eabi/10.3.1/../../../../arm-none-eabi/lib/thumb/v7e-m/nofp\libg.a(lib_a-vfprintf.o)
 .text.__swsetup_r
                0x0800acf4       0xd4 c:/users/weizhuo2/documents/gcc-arm-none-eabi/bin/../lib/gcc/arm-none-eabi/10.3.1/../../../../arm-none-eabi/lib/thumb/v7e-m/nofp\libg.a(lib_a-wsetup.o)
                0x0800acf4                __swsetup_r
 .text.startup.register_fini
                0x0800adc8       0x14 c:/users/weizhuo2/documents/gcc-arm-none-eabi/bin/../lib/gcc/arm-none-eabi/10.3.1/../../../../arm-none-eabi/lib/thumb/v7e-m/nofp\libg.a(lib_a-__call_atexit.o)
 .text.atexit   0x0800addc        0xc c:/users/weizhuo2/documents/gcc-arm-none-eabi/bin/../lib/gcc/arm-none-eabi/10.3.1/../../../../arm-none-eabi/lib/thumb/v7e-m/nofp\libg.a(lib_a-atexit.o)
                0x0800addc                atexit
 .text.quorem   0x0800ade8      0x124 c:/users/weizhuo2/documents/gcc-arm-none-eabi/bin/../lib/gcc/arm-none-eabi/10.3.1/../../../../arm-none-eabi/lib/thumb/v7e-m/nofp\libg.a(lib_a-dtoa.o)
 *fill*         0x0800af0c        0x4 
 .text._dtoa_r  0x0800af10      0xec4 c:/users/weizhuo2/documents/gcc-arm-none-eabi/bin/../lib/gcc/arm-none-eabi/10.3.1/../../../../arm-none-eabi/lib/thumb/v7e-m/nofp\libg.a(lib_a-dtoa.o)
                0x0800af10                _dtoa_r
 .text.__sflush_r
                0x0800bdd4      0x120 c:/users/weizhuo2/documents/gcc-arm-none-eabi/bin/../lib/gcc/arm-none-eabi/10.3.1/../../../../arm-none-eabi/lib/thumb/v7e-m/nofp\libg.a(lib_a-fflush.o)
                0x0800bdd4                __sflush_r
 .text._fflush_r
                0x0800bef4       0x5c c:/users/weizhuo2/documents/gcc-arm-none-eabi/bin/../lib/gcc/arm-none-eabi/10.3.1/../../../../arm-none-eabi/lib/thumb/v7e-m/nofp\libg.a(lib_a-fflush.o)
                0x0800bef4                _fflush_r
 .text._cleanup_r
                0x0800bf50        0xc c:/users/weizhuo2/documents/gcc-arm-none-eabi/bin/../lib/gcc/arm-none-eabi/10.3.1/../../../../arm-none-eabi/lib/thumb/v7e-m/nofp\libg.a(lib_a-findfp.o)
                0x0800bf50                _cleanup_r
 .text.__sinit  0x0800bf5c      0x10c c:/users/weizhuo2/documents/gcc-arm-none-eabi/bin/../lib/gcc/arm-none-eabi/10.3.1/../../../../arm-none-eabi/lib/thumb/v7e-m/nofp\libg.a(lib_a-findfp.o)
                0x0800bf5c                __sinit
 .text.__sfp_lock_acquire
                0x0800c068        0xc c:/users/weizhuo2/documents/gcc-arm-none-eabi/bin/../lib/gcc/arm-none-eabi/10.3.1/../../../../arm-none-eabi/lib/thumb/v7e-m/nofp\libg.a(lib_a-findfp.o)
                0x0800c068                __sfp_lock_acquire
 .text.__sfp_lock_release
                0x0800c074        0xc c:/users/weizhuo2/documents/gcc-arm-none-eabi/bin/../lib/gcc/arm-none-eabi/10.3.1/../../../../arm-none-eabi/lib/thumb/v7e-m/nofp\libg.a(lib_a-findfp.o)
                0x0800c074                __sfp_lock_release
 .text.__libc_fini_array
                0x0800c080       0x2c c:/users/weizhuo2/documents/gcc-arm-none-eabi/bin/../lib/gcc/arm-none-eabi/10.3.1/../../../../arm-none-eabi/lib/thumb/v7e-m/nofp\libg.a(lib_a-fini.o)
                0x0800c080                __libc_fini_array
 .text._malloc_trim_r
                0x0800c0ac       0xa0 c:/users/weizhuo2/documents/gcc-arm-none-eabi/bin/../lib/gcc/arm-none-eabi/10.3.1/../../../../arm-none-eabi/lib/thumb/v7e-m/nofp\libg.a(lib_a-freer.o)
                0x0800c0ac                _malloc_trim_r
 .text._free_r  0x0800c14c      0x20c c:/users/weizhuo2/documents/gcc-arm-none-eabi/bin/../lib/gcc/arm-none-eabi/10.3.1/../../../../arm-none-eabi/lib/thumb/v7e-m/nofp\libg.a(lib_a-freer.o)
                0x0800c14c                _free_r
 .text.__sfvwrite_r
                0x0800c358      0x2e8 c:/users/weizhuo2/documents/gcc-arm-none-eabi/bin/../lib/gcc/arm-none-eabi/10.3.1/../../../../arm-none-eabi/lib/thumb/v7e-m/nofp\libg.a(lib_a-fvwrite.o)
                0x0800c358                __sfvwrite_r
 .text._fwalk_reent
                0x0800c640       0x48 c:/users/weizhuo2/documents/gcc-arm-none-eabi/bin/../lib/gcc/arm-none-eabi/10.3.1/../../../../arm-none-eabi/lib/thumb/v7e-m/nofp\libg.a(lib_a-fwalk.o)
                0x0800c640                _fwalk_reent
 .text.rshift   0x0800c688       0xa4 c:/users/weizhuo2/documents/gcc-arm-none-eabi/bin/../lib/gcc/arm-none-eabi/10.3.1/../../../../arm-none-eabi/lib/thumb/v7e-m/nofp\libg.a(lib_a-gdtoa-gethex.o)
 .text.__gethex
                0x0800c72c      0x5bc c:/users/weizhuo2/documents/gcc-arm-none-eabi/bin/../lib/gcc/arm-none-eabi/10.3.1/../../../../arm-none-eabi/lib/thumb/v7e-m/nofp\libg.a(lib_a-gdtoa-gethex.o)
                0x0800c72c                __gethex
 .text.__match  0x0800cce8       0x34 c:/users/weizhuo2/documents/gcc-arm-none-eabi/bin/../lib/gcc/arm-none-eabi/10.3.1/../../../../arm-none-eabi/lib/thumb/v7e-m/nofp\libg.a(lib_a-gdtoa-hexnan.o)
                0x0800cce8                __match
 .text.__hexnan
                0x0800cd1c      0x1ac c:/users/weizhuo2/documents/gcc-arm-none-eabi/bin/../lib/gcc/arm-none-eabi/10.3.1/../../../../arm-none-eabi/lib/thumb/v7e-m/nofp\libg.a(lib_a-gdtoa-hexnan.o)
                0x0800cd1c                __hexnan
 .text.__locale_mb_cur_max
                0x0800cec8        0xc c:/users/weizhuo2/documents/gcc-arm-none-eabi/bin/../lib/gcc/arm-none-eabi/10.3.1/../../../../arm-none-eabi/lib/thumb/v7e-m/nofp\libg.a(lib_a-locale.o)
                0x0800cec8                __locale_mb_cur_max
 .text._localeconv_r
                0x0800ced4        0x8 c:/users/weizhuo2/documents/gcc-arm-none-eabi/bin/../lib/gcc/arm-none-eabi/10.3.1/../../../../arm-none-eabi/lib/thumb/v7e-m/nofp\libg.a(lib_a-localeconv.o)
                0x0800ced4                _localeconv_r
 .text.__retarget_lock_init_recursive
                0x0800cedc        0x4 c:/users/weizhuo2/documents/gcc-arm-none-eabi/bin/../lib/gcc/arm-none-eabi/10.3.1/../../../../arm-none-eabi/lib/thumb/v7e-m/nofp\libg.a(lib_a-lock.o)
                0x0800cedc                __retarget_lock_init_recursive
 .text.__retarget_lock_close_recursive
                0x0800cee0        0x4 c:/users/weizhuo2/documents/gcc-arm-none-eabi/bin/../lib/gcc/arm-none-eabi/10.3.1/../../../../arm-none-eabi/lib/thumb/v7e-m/nofp\libg.a(lib_a-lock.o)
                0x0800cee0                __retarget_lock_close_recursive
 .text.__retarget_lock_acquire_recursive
                0x0800cee4        0x4 c:/users/weizhuo2/documents/gcc-arm-none-eabi/bin/../lib/gcc/arm-none-eabi/10.3.1/../../../../arm-none-eabi/lib/thumb/v7e-m/nofp\libg.a(lib_a-lock.o)
                0x0800cee4                __retarget_lock_acquire_recursive
 .text.__retarget_lock_release_recursive
                0x0800cee8        0x4 c:/users/weizhuo2/documents/gcc-arm-none-eabi/bin/../lib/gcc/arm-none-eabi/10.3.1/../../../../arm-none-eabi/lib/thumb/v7e-m/nofp\libg.a(lib_a-lock.o)
                0x0800cee8                __retarget_lock_release_recursive
 .text.__smakebuf_r
                0x0800ceec       0xe0 c:/users/weizhuo2/documents/gcc-arm-none-eabi/bin/../lib/gcc/arm-none-eabi/10.3.1/../../../../arm-none-eabi/lib/thumb/v7e-m/nofp\libg.a(lib_a-makebuf.o)
                0x0800ceec                __smakebuf_r
 .text._malloc_r
                0x0800cfcc      0x560 c:/users/weizhuo2/documents/gcc-arm-none-eabi/bin/../lib/gcc/arm-none-eabi/10.3.1/../../../../arm-none-eabi/lib/thumb/v7e-m/nofp\libg.a(lib_a-mallocr.o)
                0x0800cfcc                _malloc_r
 .text.__ascii_mbtowc
                0x0800d52c       0x2c c:/users/weizhuo2/documents/gcc-arm-none-eabi/bin/../lib/gcc/arm-none-eabi/10.3.1/../../../../arm-none-eabi/lib/thumb/v7e-m/nofp\libg.a(lib_a-mbtowc_r.o)
                0x0800d52c                __ascii_mbtowc
 .text.memmove  0x0800d558       0xf8 c:/users/weizhuo2/documents/gcc-arm-none-eabi/bin/../lib/gcc/arm-none-eabi/10.3.1/../../../../arm-none-eabi/lib/thumb/v7e-m/nofp\libg.a(lib_a-memmove.o)
                0x0800d558                memmove
 .text.__malloc_lock
                0x0800d650        0xc c:/users/weizhuo2/documents/gcc-arm-none-eabi/bin/../lib/gcc/arm-none-eabi/10.3.1/../../../../arm-none-eabi/lib/thumb/v7e-m/nofp\libg.a(lib_a-mlock.o)
                0x0800d650                __malloc_lock
 .text.__malloc_unlock
                0x0800d65c        0xc c:/users/weizhuo2/documents/gcc-arm-none-eabi/bin/../lib/gcc/arm-none-eabi/10.3.1/../../../../arm-none-eabi/lib/thumb/v7e-m/nofp\libg.a(lib_a-mlock.o)
                0x0800d65c                __malloc_unlock
 .text._Balloc  0x0800d668       0x4c c:/users/weizhuo2/documents/gcc-arm-none-eabi/bin/../lib/gcc/arm-none-eabi/10.3.1/../../../../arm-none-eabi/lib/thumb/v7e-m/nofp\libg.a(lib_a-mprec.o)
                0x0800d668                _Balloc
 .text._Bfree   0x0800d6b4       0x14 c:/users/weizhuo2/documents/gcc-arm-none-eabi/bin/../lib/gcc/arm-none-eabi/10.3.1/../../../../arm-none-eabi/lib/thumb/v7e-m/nofp\libg.a(lib_a-mprec.o)
                0x0800d6b4                _Bfree
 .text.__multadd
                0x0800d6c8       0xa0 c:/users/weizhuo2/documents/gcc-arm-none-eabi/bin/../lib/gcc/arm-none-eabi/10.3.1/../../../../arm-none-eabi/lib/thumb/v7e-m/nofp\libg.a(lib_a-mprec.o)
                0x0800d6c8                __multadd
 .text.__s2b    0x0800d768       0xb4 c:/users/weizhuo2/documents/gcc-arm-none-eabi/bin/../lib/gcc/arm-none-eabi/10.3.1/../../../../arm-none-eabi/lib/thumb/v7e-m/nofp\libg.a(lib_a-mprec.o)
                0x0800d768                __s2b
 .text.__hi0bits
                0x0800d81c       0x40 c:/users/weizhuo2/documents/gcc-arm-none-eabi/bin/../lib/gcc/arm-none-eabi/10.3.1/../../../../arm-none-eabi/lib/thumb/v7e-m/nofp\libg.a(lib_a-mprec.o)
                0x0800d81c                __hi0bits
 .text.__lo0bits
                0x0800d85c       0x5c c:/users/weizhuo2/documents/gcc-arm-none-eabi/bin/../lib/gcc/arm-none-eabi/10.3.1/../../../../arm-none-eabi/lib/thumb/v7e-m/nofp\libg.a(lib_a-mprec.o)
                0x0800d85c                __lo0bits
 .text.__i2b    0x0800d8b8       0x5c c:/users/weizhuo2/documents/gcc-arm-none-eabi/bin/../lib/gcc/arm-none-eabi/10.3.1/../../../../arm-none-eabi/lib/thumb/v7e-m/nofp\libg.a(lib_a-mprec.o)
                0x0800d8b8                __i2b
 .text.__multiply
                0x0800d914      0x15c c:/users/weizhuo2/documents/gcc-arm-none-eabi/bin/../lib/gcc/arm-none-eabi/10.3.1/../../../../arm-none-eabi/lib/thumb/v7e-m/nofp\libg.a(lib_a-mprec.o)
                0x0800d914                __multiply
 .text.__pow5mult
                0x0800da70       0xc0 c:/users/weizhuo2/documents/gcc-arm-none-eabi/bin/../lib/gcc/arm-none-eabi/10.3.1/../../../../arm-none-eabi/lib/thumb/v7e-m/nofp\libg.a(lib_a-mprec.o)
                0x0800da70                __pow5mult
 .text.__lshift
                0x0800db30       0xf0 c:/users/weizhuo2/documents/gcc-arm-none-eabi/bin/../lib/gcc/arm-none-eabi/10.3.1/../../../../arm-none-eabi/lib/thumb/v7e-m/nofp\libg.a(lib_a-mprec.o)
                0x0800db30                __lshift
 .text.__mcmp   0x0800dc20       0x40 c:/users/weizhuo2/documents/gcc-arm-none-eabi/bin/../lib/gcc/arm-none-eabi/10.3.1/../../../../arm-none-eabi/lib/thumb/v7e-m/nofp\libg.a(lib_a-mprec.o)
                0x0800dc20                __mcmp
 .text.__mdiff  0x0800dc60      0x14c c:/users/weizhuo2/documents/gcc-arm-none-eabi/bin/../lib/gcc/arm-none-eabi/10.3.1/../../../../arm-none-eabi/lib/thumb/v7e-m/nofp\libg.a(lib_a-mprec.o)
                0x0800dc60                __mdiff
 .text.__ulp    0x0800ddac       0x44 c:/users/weizhuo2/documents/gcc-arm-none-eabi/bin/../lib/gcc/arm-none-eabi/10.3.1/../../../../arm-none-eabi/lib/thumb/v7e-m/nofp\libg.a(lib_a-mprec.o)
                0x0800ddac                __ulp
 .text.__b2d    0x0800ddf0       0xd0 c:/users/weizhuo2/documents/gcc-arm-none-eabi/bin/../lib/gcc/arm-none-eabi/10.3.1/../../../../arm-none-eabi/lib/thumb/v7e-m/nofp\libg.a(lib_a-mprec.o)
                0x0800ddf0                __b2d
 .text.__d2b    0x0800dec0       0xc4 c:/users/weizhuo2/documents/gcc-arm-none-eabi/bin/../lib/gcc/arm-none-eabi/10.3.1/../../../../arm-none-eabi/lib/thumb/v7e-m/nofp\libg.a(lib_a-mprec.o)
                0x0800dec0                __d2b
 .text.__ratio  0x0800df84       0x5c c:/users/weizhuo2/documents/gcc-arm-none-eabi/bin/../lib/gcc/arm-none-eabi/10.3.1/../../../../arm-none-eabi/lib/thumb/v7e-m/nofp\libg.a(lib_a-mprec.o)
                0x0800df84                __ratio
 .text.__copybits
                0x0800dfe0       0x5c c:/users/weizhuo2/documents/gcc-arm-none-eabi/bin/../lib/gcc/arm-none-eabi/10.3.1/../../../../arm-none-eabi/lib/thumb/v7e-m/nofp\libg.a(lib_a-mprec.o)
                0x0800dfe0                __copybits
 .text.__any_on
                0x0800e03c       0x60 c:/users/weizhuo2/documents/gcc-arm-none-eabi/bin/../lib/gcc/arm-none-eabi/10.3.1/../../../../arm-none-eabi/lib/thumb/v7e-m/nofp\libg.a(lib_a-mprec.o)
                0x0800e03c                __any_on
 .text._realloc_r
                0x0800e09c      0x3d8 c:/users/weizhuo2/documents/gcc-arm-none-eabi/bin/../lib/gcc/arm-none-eabi/10.3.1/../../../../arm-none-eabi/lib/thumb/v7e-m/nofp\libg.a(lib_a-reallocr.o)
                0x0800e09c                _realloc_r
 .text.frexp    0x0800e474       0x70 c:/users/weizhuo2/documents/gcc-arm-none-eabi/bin/../lib/gcc/arm-none-eabi/10.3.1/../../../../arm-none-eabi/lib/thumb/v7e-m/nofp\libg.a(lib_a-s_frexp.o)
                0x0800e474                frexp
 .text.nan      0x0800e4e4        0xc c:/users/weizhuo2/documents/gcc-arm-none-eabi/bin/../lib/gcc/arm-none-eabi/10.3.1/../../../../arm-none-eabi/lib/thumb/v7e-m/nofp\libg.a(lib_a-s_nan.o)
                0x0800e4e4                nan
 .text._sbrk_r  0x0800e4f0       0x24 c:/users/weizhuo2/documents/gcc-arm-none-eabi/bin/../lib/gcc/arm-none-eabi/10.3.1/../../../../arm-none-eabi/lib/thumb/v7e-m/nofp\libg.a(lib_a-sbrkr.o)
                0x0800e4f0                _sbrk_r
 .text.__sread  0x0800e514       0x24 c:/users/weizhuo2/documents/gcc-arm-none-eabi/bin/../lib/gcc/arm-none-eabi/10.3.1/../../../../arm-none-eabi/lib/thumb/v7e-m/nofp\libg.a(lib_a-stdio.o)
                0x0800e514                __sread
 .text.__swrite
                0x0800e538       0x40 c:/users/weizhuo2/documents/gcc-arm-none-eabi/bin/../lib/gcc/arm-none-eabi/10.3.1/../../../../arm-none-eabi/lib/thumb/v7e-m/nofp\libg.a(lib_a-stdio.o)
                0x0800e538                __swrite
 .text.__sseek  0x0800e578       0x20 c:/users/weizhuo2/documents/gcc-arm-none-eabi/bin/../lib/gcc/arm-none-eabi/10.3.1/../../../../arm-none-eabi/lib/thumb/v7e-m/nofp\libg.a(lib_a-stdio.o)
                0x0800e578                __sseek
 .text.__sclose
                0x0800e598        0x8 c:/users/weizhuo2/documents/gcc-arm-none-eabi/bin/../lib/gcc/arm-none-eabi/10.3.1/../../../../arm-none-eabi/lib/thumb/v7e-m/nofp\libg.a(lib_a-stdio.o)
                0x0800e598                __sclose
 .text.strncmp  0x0800e5a0       0x80 c:/users/weizhuo2/documents/gcc-arm-none-eabi/bin/../lib/gcc/arm-none-eabi/10.3.1/../../../../arm-none-eabi/lib/thumb/v7e-m/nofp\libg.a(lib_a-strncmp.o)
                0x0800e5a0                strncmp
 .text.strncpy  0x0800e620       0x64 c:/users/weizhuo2/documents/gcc-arm-none-eabi/bin/../lib/gcc/arm-none-eabi/10.3.1/../../../../arm-none-eabi/lib/thumb/v7e-m/nofp\libg.a(lib_a-strncpy.o)
                0x0800e620                strncpy
 .text.__sprint_r.part.0
                0x0800e684       0x78 c:/users/weizhuo2/documents/gcc-arm-none-eabi/bin/../lib/gcc/arm-none-eabi/10.3.1/../../../../arm-none-eabi/lib/thumb/v7e-m/nofp\libg.a(lib_a-vfiprintf.o)
 .text.__sprint_r
                0x0800e6fc       0x14 c:/users/weizhuo2/documents/gcc-arm-none-eabi/bin/../lib/gcc/arm-none-eabi/10.3.1/../../../../arm-none-eabi/lib/thumb/v7e-m/nofp\libg.a(lib_a-vfiprintf.o)
                0x0800e6fc                __sprint_r
 .text._vfiprintf_r
                0x0800e710      0xda0 c:/users/weizhuo2/documents/gcc-arm-none-eabi/bin/../lib/gcc/arm-none-eabi/10.3.1/../../../../arm-none-eabi/lib/thumb/v7e-m/nofp\libg.a(lib_a-vfiprintf.o)
                0x0800e710                _vfiprintf_r
 .text.__sbprintf
                0x0800f4b0       0x80 c:/users/weizhuo2/documents/gcc-arm-none-eabi/bin/../lib/gcc/arm-none-eabi/10.3.1/../../../../arm-none-eabi/lib/thumb/v7e-m/nofp\libg.a(lib_a-vfiprintf.o)
 .text.__ascii_wctomb
                0x0800f530       0x1c c:/users/weizhuo2/documents/gcc-arm-none-eabi/bin/../lib/gcc/arm-none-eabi/10.3.1/../../../../arm-none-eabi/lib/thumb/v7e-m/nofp\libg.a(lib_a-wctomb_r.o)
                0x0800f530                __ascii_wctomb
 .text._write_r
                0x0800f54c       0x2c c:/users/weizhuo2/documents/gcc-arm-none-eabi/bin/../lib/gcc/arm-none-eabi/10.3.1/../../../../arm-none-eabi/lib/thumb/v7e-m/nofp\libg.a(lib_a-writer.o)
                0x0800f54c                _write_r
 .text.__register_exitproc
                0x0800f578       0x8c c:/users/weizhuo2/documents/gcc-arm-none-eabi/bin/../lib/gcc/arm-none-eabi/10.3.1/../../../../arm-none-eabi/lib/thumb/v7e-m/nofp\libg.a(lib_a-__atexit.o)
                0x0800f578                __register_exitproc
 .text.__assert_func
                0x0800f604       0x40 c:/users/weizhuo2/documents/gcc-arm-none-eabi/bin/../lib/gcc/arm-none-eabi/10.3.1/../../../../arm-none-eabi/lib/thumb/v7e-m/nofp\libg.a(lib_a-assert.o)
                0x0800f604                __assert_func
 .text._calloc_r
                0x0800f644       0x78 c:/users/weizhuo2/documents/gcc-arm-none-eabi/bin/../lib/gcc/arm-none-eabi/10.3.1/../../../../arm-none-eabi/lib/thumb/v7e-m/nofp\libg.a(lib_a-callocr.o)
                0x0800f644                _calloc_r
 .text._close_r
                0x0800f6bc       0x24 c:/users/weizhuo2/documents/gcc-arm-none-eabi/bin/../lib/gcc/arm-none-eabi/10.3.1/../../../../arm-none-eabi/lib/thumb/v7e-m/nofp\libg.a(lib_a-closer.o)
                0x0800f6bc                _close_r
 .text._fclose_r
                0x0800f6e0       0xcc c:/users/weizhuo2/documents/gcc-arm-none-eabi/bin/../lib/gcc/arm-none-eabi/10.3.1/../../../../arm-none-eabi/lib/thumb/v7e-m/nofp\libg.a(lib_a-fclose.o)
                0x0800f6e0                _fclose_r
 .text.fiprintf
                0x0800f7ac       0x28 c:/users/weizhuo2/documents/gcc-arm-none-eabi/bin/../lib/gcc/arm-none-eabi/10.3.1/../../../../arm-none-eabi/lib/thumb/v7e-m/nofp\libg.a(lib_a-fiprintf.o)
                0x0800f7ac                fiprintf
 .text.__fputwc
                0x0800f7d4       0xa8 c:/users/weizhuo2/documents/gcc-arm-none-eabi/bin/../lib/gcc/arm-none-eabi/10.3.1/../../../../arm-none-eabi/lib/thumb/v7e-m/nofp\libg.a(lib_a-fputwc.o)
                0x0800f7d4                __fputwc
 .text._fputwc_r
                0x0800f87c       0x68 c:/users/weizhuo2/documents/gcc-arm-none-eabi/bin/../lib/gcc/arm-none-eabi/10.3.1/../../../../arm-none-eabi/lib/thumb/v7e-m/nofp\libg.a(lib_a-fputwc.o)
                0x0800f87c                _fputwc_r
 .text._fstat_r
                0x0800f8e4       0x2c c:/users/weizhuo2/documents/gcc-arm-none-eabi/bin/../lib/gcc/arm-none-eabi/10.3.1/../../../../arm-none-eabi/lib/thumb/v7e-m/nofp\libg.a(lib_a-fstatr.o)
                0x0800f8e4                _fstat_r
 .text._isatty_r
                0x0800f910       0x24 c:/users/weizhuo2/documents/gcc-arm-none-eabi/bin/../lib/gcc/arm-none-eabi/10.3.1/../../../../arm-none-eabi/lib/thumb/v7e-m/nofp\libg.a(lib_a-isattyr.o)
                0x0800f910                _isatty_r
 .text._lseek_r
                0x0800f934       0x2c c:/users/weizhuo2/documents/gcc-arm-none-eabi/bin/../lib/gcc/arm-none-eabi/10.3.1/../../../../arm-none-eabi/lib/thumb/v7e-m/nofp\libg.a(lib_a-lseekr.o)
                0x0800f934                _lseek_r
 .text._read_r  0x0800f960       0x2c c:/users/weizhuo2/documents/gcc-arm-none-eabi/bin/../lib/gcc/arm-none-eabi/10.3.1/../../../../arm-none-eabi/lib/thumb/v7e-m/nofp\libg.a(lib_a-readr.o)
                0x0800f960                _read_r
 .text.__swbuf_r
                0x0800f98c       0xb0 c:/users/weizhuo2/documents/gcc-arm-none-eabi/bin/../lib/gcc/arm-none-eabi/10.3.1/../../../../arm-none-eabi/lib/thumb/v7e-m/nofp\libg.a(lib_a-wbuf.o)
                0x0800f98c                __swbuf_r
 .text._wcrtomb_r
                0x0800fa3c       0x3c c:/users/weizhuo2/documents/gcc-arm-none-eabi/bin/../lib/gcc/arm-none-eabi/10.3.1/../../../../arm-none-eabi/lib/thumb/v7e-m/nofp\libg.a(lib_a-wcrtomb.o)
                0x0800fa3c                _wcrtomb_r
 .text.abort    0x0800fa78       0x10 c:/users/weizhuo2/documents/gcc-arm-none-eabi/bin/../lib/gcc/arm-none-eabi/10.3.1/../../../../arm-none-eabi/lib/thumb/v7e-m/nofp\libg.a(lib_a-abort.o)
                0x0800fa78                abort
 .text.raise    0x0800fa88       0x5c c:/users/weizhuo2/documents/gcc-arm-none-eabi/bin/../lib/gcc/arm-none-eabi/10.3.1/../../../../arm-none-eabi/lib/thumb/v7e-m/nofp\libg.a(lib_a-signal.o)
                0x0800fa88                raise
 .text._kill_r  0x0800fae4       0x2c c:/users/weizhuo2/documents/gcc-arm-none-eabi/bin/../lib/gcc/arm-none-eabi/10.3.1/../../../../arm-none-eabi/lib/thumb/v7e-m/nofp\libg.a(lib_a-signalr.o)
                0x0800fae4                _kill_r
 .text._getpid_r
                0x0800fb10        0x4 c:/users/weizhuo2/documents/gcc-arm-none-eabi/bin/../lib/gcc/arm-none-eabi/10.3.1/../../../../arm-none-eabi/lib/thumb/v7e-m/nofp\libg.a(lib_a-signalr.o)
                0x0800fb10                _getpid_r
 .text.round    0x0800fb14       0x94 c:/users/weizhuo2/documents/gcc-arm-none-eabi/bin/../lib/gcc/arm-none-eabi/10.3.1/../../../../arm-none-eabi/lib/thumb/v7e-m/nofp\libm.a(lib_a-s_round.o)
                0x0800fb14                round
 .text.fmaxf    0x0800fba8       0x28 c:/users/weizhuo2/documents/gcc-arm-none-eabi/bin/../lib/gcc/arm-none-eabi/10.3.1/../../../../arm-none-eabi/lib/thumb/v7e-m/nofp\libm.a(lib_a-sf_fmax.o)
                0x0800fba8                fmaxf
 .text.fminf    0x0800fbd0       0x28 c:/users/weizhuo2/documents/gcc-arm-none-eabi/bin/../lib/gcc/arm-none-eabi/10.3.1/../../../../arm-none-eabi/lib/thumb/v7e-m/nofp\libm.a(lib_a-sf_fmin.o)
                0x0800fbd0                fminf
 .text.__fpclassifyf
                0x0800fbf8       0x34 c:/users/weizhuo2/documents/gcc-arm-none-eabi/bin/../lib/gcc/arm-none-eabi/10.3.1/../../../../arm-none-eabi/lib/thumb/v7e-m/nofp\libm.a(lib_a-sf_fpclassify.o)
                0x0800fbf8                __fpclassifyf
 *fill*         0x0800fc2c        0x4 
 .text.exp      0x0800fc30       0x74 c:/users/weizhuo2/documents/gcc-arm-none-eabi/bin/../lib/gcc/arm-none-eabi/10.3.1/../../../../arm-none-eabi/lib/thumb/v7e-m/nofp\libm.a(lib_a-w_exp.o)
                0x0800fc30                exp
 .text.fmodf    0x0800fca4       0x3c c:/users/weizhuo2/documents/gcc-arm-none-eabi/bin/../lib/gcc/arm-none-eabi/10.3.1/../../../../arm-none-eabi/lib/thumb/v7e-m/nofp\libm.a(lib_a-wf_fmod.o)
                0x0800fca4                fmodf
 .text.sqrtf    0x0800fce0       0x38 c:/users/weizhuo2/documents/gcc-arm-none-eabi/bin/../lib/gcc/arm-none-eabi/10.3.1/../../../../arm-none-eabi/lib/thumb/v7e-m/nofp\libm.a(lib_a-wf_sqrt.o)
                0x0800fce0                sqrtf
 .text.__ieee754_exp
                0x0800fd18      0x3a8 c:/users/weizhuo2/documents/gcc-arm-none-eabi/bin/../lib/gcc/arm-none-eabi/10.3.1/../../../../arm-none-eabi/lib/thumb/v7e-m/nofp\libm.a(lib_a-e_exp.o)
                0x0800fd18                __ieee754_exp
 .text.__ieee754_fmodf
                0x080100c0      0x114 c:/users/weizhuo2/documents/gcc-arm-none-eabi/bin/../lib/gcc/arm-none-eabi/10.3.1/../../../../arm-none-eabi/lib/thumb/v7e-m/nofp\libm.a(lib_a-ef_fmod.o)
                0x080100c0                __ieee754_fmodf
 .text.__ieee754_sqrtf
                0x080101d4       0xb0 c:/users/weizhuo2/documents/gcc-arm-none-eabi/bin/../lib/gcc/arm-none-eabi/10.3.1/../../../../arm-none-eabi/lib/thumb/v7e-m/nofp\libm.a(lib_a-ef_sqrt.o)
                0x080101d4                __ieee754_sqrtf
 .text.with_errno
                0x08010284       0x18 c:/users/weizhuo2/documents/gcc-arm-none-eabi/bin/../lib/gcc/arm-none-eabi/10.3.1/../../../../arm-none-eabi/lib/thumb/v7e-m/nofp\libm.a(lib_a-math_err.o)
 .text.xflow    0x0801029c       0x30 c:/users/weizhuo2/documents/gcc-arm-none-eabi/bin/../lib/gcc/arm-none-eabi/10.3.1/../../../../arm-none-eabi/lib/thumb/v7e-m/nofp\libm.a(lib_a-math_err.o)
 .text.__math_uflow
                0x080102cc        0xc c:/users/weizhuo2/documents/gcc-arm-none-eabi/bin/../lib/gcc/arm-none-eabi/10.3.1/../../../../arm-none-eabi/lib/thumb/v7e-m/nofp\libm.a(lib_a-math_err.o)
                0x080102cc                __math_uflow
 .text.__math_oflow
                0x080102d8        0xc c:/users/weizhuo2/documents/gcc-arm-none-eabi/bin/../lib/gcc/arm-none-eabi/10.3.1/../../../../arm-none-eabi/lib/thumb/v7e-m/nofp\libm.a(lib_a-math_err.o)
                0x080102d8                __math_oflow
 .text.finite   0x080102e4        0xc c:/users/weizhuo2/documents/gcc-arm-none-eabi/bin/../lib/gcc/arm-none-eabi/10.3.1/../../../../arm-none-eabi/lib/thumb/v7e-m/nofp\libm.a(lib_a-s_finite.o)
                0x080102e4                finite
 *(.glue_7)
 .glue_7        0x080102f0        0x0 linker stubs
 *(.glue_7t)
 .glue_7t       0x080102f0        0x0 linker stubs
 *(.eh_frame)
 .eh_frame      0x080102f0        0x0 c:/users/weizhuo2/documents/gcc-arm-none-eabi/bin/../lib/gcc/arm-none-eabi/10.3.1/thumb/v7e-m/nofp/crtbegin.o
 *(.init)
 .init          0x080102f0        0x4 c:/users/weizhuo2/documents/gcc-arm-none-eabi/bin/../lib/gcc/arm-none-eabi/10.3.1/thumb/v7e-m/nofp/crti.o
                0x080102f0                _init
 .init          0x080102f4        0x8 c:/users/weizhuo2/documents/gcc-arm-none-eabi/bin/../lib/gcc/arm-none-eabi/10.3.1/thumb/v7e-m/nofp/crtn.o
 *(.fini)
 .fini          0x080102fc        0x4 c:/users/weizhuo2/documents/gcc-arm-none-eabi/bin/../lib/gcc/arm-none-eabi/10.3.1/thumb/v7e-m/nofp/crti.o
                0x080102fc                _fini
 .fini          0x08010300        0x8 c:/users/weizhuo2/documents/gcc-arm-none-eabi/bin/../lib/gcc/arm-none-eabi/10.3.1/thumb/v7e-m/nofp/crtn.o
                0x08010308                . = ALIGN (0x4)
                0x08010308                _etext = .

.vfp11_veneer   0x08010308        0x0
 .vfp11_veneer  0x08010308        0x0 linker stubs

.v4_bx          0x08010308        0x0
 .v4_bx         0x08010308        0x0 linker stubs

.iplt           0x08010308        0x0
 .iplt          0x08010308        0x0 c:/users/weizhuo2/documents/gcc-arm-none-eabi/bin/../lib/gcc/arm-none-eabi/10.3.1/thumb/v7e-m/nofp/crtbegin.o

.rodata         0x08010308     0x1688
                0x08010308                . = ALIGN (0x4)
 *(.rodata)
 *(.rodata*)
 .rodata.order_phases.str1.4
                0x08010308       0x82 CMakeFiles/motorcontrol.elf.dir/Core/Src/calibration.c.obj
 *fill*         0x0801038a        0x2 
 .rodata.calibrate_encoder.str1.4
                0x0801038c       0x41 CMakeFiles/motorcontrol.elf.dir/Core/Src/calibration.c.obj
 *fill*         0x080103cd        0x3 
 .rodata.drv_print_faults.str1.4
                0x080103d0       0xe5 CMakeFiles/motorcontrol.elf.dir/Core/Src/drv8323.c.obj
 *fill*         0x080104b5        0x3 
 .rodata.__SECTORS
                0x080104b8       0x20 CMakeFiles/motorcontrol.elf.dir/Core/Src/flash_writer.c.obj
 .rodata.__SECTOR_ADDRS
                0x080104d8       0x20 CMakeFiles/motorcontrol.elf.dir/Core/Src/flash_writer.c.obj
 .rodata.enter_menu_state.str1.4
                0x080104f8       0x9a CMakeFiles/motorcontrol.elf.dir/Core/Src/fsm.c.obj
                                 0xa2 (size before relaxing)
 *fill*         0x08010592        0x2 
 .rodata.enter_setup_state.str1.4
                0x08010594      0x346 CMakeFiles/motorcontrol.elf.dir/Core/Src/fsm.c.obj
                                0x34e (size before relaxing)
 *fill*         0x080108da        0x2 
 .rodata.process_user_input.str1.4
                0x080108dc      0x15f CMakeFiles/motorcontrol.elf.dir/Core/Src/fsm.c.obj
 *fill*         0x08010a3b        0x1 
 .rodata.update_fsm.str1.4
                0x08010a3c       0x25 CMakeFiles/motorcontrol.elf.dir/Core/Src/fsm.c.obj
 *fill*         0x08010a61        0x3 
 .rodata.run_fsm.str1.4
                0x08010a64       0x11 CMakeFiles/motorcontrol.elf.dir/Core/Src/fsm.c.obj
 *fill*         0x08010a75        0x3 
 .rodata.main.str1.4
                0x08010a78       0x67 CMakeFiles/motorcontrol.elf.dir/Core/Src/main.c.obj
 *fill*         0x08010adf        0x1 
 .rodata.sin_tab
                0x08010ae0      0x800 CMakeFiles/motorcontrol.elf.dir/Core/Src/math_ops.c.obj
                0x08010ae0                sin_tab
 .rodata.ps_print.str1.4
                0x080112e0       0x6c CMakeFiles/motorcontrol.elf.dir/Core/Src/position_sensor.c.obj
 .rodata.AHBPrescTable
                0x0801134c       0x10 CMakeFiles/motorcontrol.elf.dir/Core/Src/system_stm32f4xx.c.obj
                0x0801134c                AHBPrescTable
 .rodata.APBPrescTable
                0x0801135c        0x8 CMakeFiles/motorcontrol.elf.dir/Core/Src/system_stm32f4xx.c.obj
                0x0801135c                APBPrescTable
 .rodata._global_impure_ptr
                0x08011364        0x4 c:/users/weizhuo2/documents/gcc-arm-none-eabi/bin/../lib/gcc/arm-none-eabi/10.3.1/../../../../arm-none-eabi/lib/thumb/v7e-m/nofp\libg.a(lib_a-impure.o)
                0x08011364                _global_impure_ptr
 .rodata._puts_r.str1.4
                0x08011368       0x6c c:/users/weizhuo2/documents/gcc-arm-none-eabi/bin/../lib/gcc/arm-none-eabi/10.3.1/../../../../arm-none-eabi/lib/thumb/v7e-m/nofp\libg.a(lib_a-puts.o)
                                  0x2 (size before relaxing)
 .rodata._strtod_l.str1.4
                0x08011368        0xf c:/users/weizhuo2/documents/gcc-arm-none-eabi/bin/../lib/gcc/arm-none-eabi/10.3.1/../../../../arm-none-eabi/lib/thumb/v7e-m/nofp\libg.a(lib_a-strtod.o)
                                 0x11 (size before relaxing)
 *fill*         0x08011377        0x1 
 .rodata.fpi.1  0x08011378       0x14 c:/users/weizhuo2/documents/gcc-arm-none-eabi/bin/../lib/gcc/arm-none-eabi/10.3.1/../../../../arm-none-eabi/lib/thumb/v7e-m/nofp\libg.a(lib_a-strtod.o)
 .rodata.fpinan.0
                0x0801138c       0x14 c:/users/weizhuo2/documents/gcc-arm-none-eabi/bin/../lib/gcc/arm-none-eabi/10.3.1/../../../../arm-none-eabi/lib/thumb/v7e-m/nofp\libg.a(lib_a-strtod.o)
 .rodata.tinytens
                0x080113a0       0x28 c:/users/weizhuo2/documents/gcc-arm-none-eabi/bin/../lib/gcc/arm-none-eabi/10.3.1/../../../../arm-none-eabi/lib/thumb/v7e-m/nofp\libg.a(lib_a-strtod.o)
 .rodata._vfprintf_r.str1.4
                0x080113c8       0x3f c:/users/weizhuo2/documents/gcc-arm-none-eabi/bin/../lib/gcc/arm-none-eabi/10.3.1/../../../../arm-none-eabi/lib/thumb/v7e-m/nofp\libg.a(lib_a-vfprintf.o)
                                 0x42 (size before relaxing)
 *fill*         0x08011407        0x1 
 .rodata.blanks.1
                0x08011408       0x10 c:/users/weizhuo2/documents/gcc-arm-none-eabi/bin/../lib/gcc/arm-none-eabi/10.3.1/../../../../arm-none-eabi/lib/thumb/v7e-m/nofp\libg.a(lib_a-vfprintf.o)
 .rodata.zeroes.0
                0x08011418       0x10 c:/users/weizhuo2/documents/gcc-arm-none-eabi/bin/../lib/gcc/arm-none-eabi/10.3.1/../../../../arm-none-eabi/lib/thumb/v7e-m/nofp\libg.a(lib_a-vfprintf.o)
 .rodata._ctype_
                0x08011428      0x101 c:/users/weizhuo2/documents/gcc-arm-none-eabi/bin/../lib/gcc/arm-none-eabi/10.3.1/../../../../arm-none-eabi/lib/thumb/v7e-m/nofp\libg.a(lib_a-ctype_.o)
                0x08011428                _ctype_
 *fill*         0x08011529        0x3 
 .rodata._dtoa_r.str1.4
                0x0801152c       0xa2 c:/users/weizhuo2/documents/gcc-arm-none-eabi/bin/../lib/gcc/arm-none-eabi/10.3.1/../../../../arm-none-eabi/lib/thumb/v7e-m/nofp\libg.a(lib_a-dtoa.o)
                                 0xa6 (size before relaxing)
 *fill*         0x080115ce        0x2 
 .rodata.__gethex.str1.4
                0x080115d0       0x86 c:/users/weizhuo2/documents/gcc-arm-none-eabi/bin/../lib/gcc/arm-none-eabi/10.3.1/../../../../arm-none-eabi/lib/thumb/v7e-m/nofp\libg.a(lib_a-gdtoa-gethex.o)
                                 0x9a (size before relaxing)
 *fill*         0x08011656        0x2 
 .rodata.__hexdig
                0x08011658      0x100 c:/users/weizhuo2/documents/gcc-arm-none-eabi/bin/../lib/gcc/arm-none-eabi/10.3.1/../../../../arm-none-eabi/lib/thumb/v7e-m/nofp\libg.a(lib_a-gdtoa-gethex.o)
                0x08011658                __hexdig
 .rodata.str1.4
                0x08011758        0x2 c:/users/weizhuo2/documents/gcc-arm-none-eabi/bin/../lib/gcc/arm-none-eabi/10.3.1/../../../../arm-none-eabi/lib/thumb/v7e-m/nofp\libg.a(lib_a-lnumeric.o)
                                  0x5 (size before relaxing)
 *fill*         0x0801175a        0x2 
 .rodata._C_numeric_locale
                0x0801175c        0xc c:/users/weizhuo2/documents/gcc-arm-none-eabi/bin/../lib/gcc/arm-none-eabi/10.3.1/../../../../arm-none-eabi/lib/thumb/v7e-m/nofp\libg.a(lib_a-lnumeric.o)
                0x0801175c                _C_numeric_locale
 .rodata._setlocale_r.str1.4